✔ new commerce workspace persists independently without reading or writing old V4 data (3.372708ms)
✔ existing commerce raw data wins over seed and roundtrips user history (5.132041ms)
✔ damaged existing commerce data is preserved: "" (0.208417ms)
✔ damaged existing commerce data is preserved: "{broken" (0.094167ms)
✔ damaged existing commerce data is preserved: "{\"schema\":5}" (0.0995ms)
✔ initial save failure blocks entry without changing old data or inventing success (0.663291ms)
✔ initial readback failure preserves the newly written raw value for recovery (0.4295ms)
✔ an existing target appearing during initialization is never overwritten (0.574042ms)
✔ dispatch save failure and stale page both preserve current business state (1.018708ms)
✔ commerce validation rejects negative amount without resetting the saved value (0.455584ms)
✔ commerce validation rejects fractional amount without resetting the saved value (0.420625ms)
✔ commerce validation rejects unsafe amount without resetting the saved value (0.310625ms)
✔ commerce validation rejects duplicate item without resetting the saved value (0.559042ms)
✔ commerce validation rejects cross-order allocation without resetting the saved value (0.310917ms)
✔ commerce validation rejects excess package quantity without resetting the saved value (0.328791ms)
✔ commerce validation rejects missing allocation without resetting the saved value (0.239334ms)
✔ commerce validation rejects payment amount mismatch without resetting the saved value (0.155958ms)
✔ commerce validation rejects missing provenance without resetting the saved value (0.173875ms)
✔ commerce validation rejects unsupported currency without resetting the saved value (0.140125ms)
✔ post-write read exception enters recovery and retains the bytes already saved (0.273792ms)
✔ commerce customer shows a single order with item amounts, paid status and two packages (30.529333ms)
✔ desktop facts modal gives the selected package/item and never another customer (12.947166ms)
✔ mobile and desktop query the same order and the mobile dialog stays inside the phone (11.049541ms)
✔ commerce entry never alters old V4 raw data or old draft cache (6.6365ms)
✔ broken commerce raw value has a recovery screen instead of replacing it with samples (1.677458ms)
✔ system administrator can find the byte-preserving V4 export (5.280416ms)
✔ agent adopts and sends the actual commerce query snapshot through the real UI events (33.096667ms)
✔ commerce sample has one customer order, two items and two separate packages (6.35625ms)
✔ payment and package queries have independent scopes and explicit fact provenance (1.338666ms)
✔ customer cannot query foreign or missing commerce order: EC-SO20261005009 (0.365458ms)
✔ customer cannot query foreign or missing commerce order: NOT-FOUND (0.172958ms)
✔ item/package filters reject foreign references instead of guessing an object (0.241375ms)
✔ querying one item leaves the other item and all business records unchanged (0.862791ms)
✔ payment failed never becomes unpaid or a definite paid amount (0.787916ms)
✔ payment unknown never becomes unpaid or a definite paid amount (0.63725ms)
✔ public projections do not include internal payment/package properties or another customer (0.557458ms)
✔ chat understands the independent commerce order prefix and explains both packages (4.133583ms)
✔ signed-but-not-received is an unresolved request even when tracking can be queried (0.563375ms)
✔ agents must own the actual customer conversation before querying commerce facts (0.458917ms)
✔ existing whole-order intake cannot register a commerce aftersale before the item flow exists (0.30625ms)
✔ business exception cannot be completed by a generic tracking reply: 显示签收但没有收到 (0.213416ms)
✔ business exception cannot be completed by a generic tracking reply: 杯子碎了 (0.151458ms)
✔ business exception cannot be completed by a generic tracking reply: 快递丢了 (0.628542ms)
✔ business exception cannot be completed by a generic tracking reply: 物流异常 (0.754541ms)
✔ business exception cannot be completed by a generic tracking reply: 支付失败 (0.378667ms)
✔ business exception cannot be completed by a generic tracking reply: 商品和描述不一样 (0.416833ms)
✔ business exception cannot be completed by a generic tracking reply: 卡上扣了两笔钱 (0.18025ms)
✔ a simple polite payment query still returns verified commerce facts (0.251583ms)
✔ supplying an order in a later turn cannot erase the unresolved description: 查物流，物流异常 (0.794459ms)
✔ supplying an order in a later turn cannot erase the unresolved description: 查支付，支付失败 (0.181041ms)
✔ a plain query without an order can collect the order in a later turn (0.245416ms)
✔ AI continuation refuses incomplete commerce facts rather than replying from an order summary (0.749542ms)
✔ SOP logistics recognizes a successful commerce query and keeps failed queries unfinished (0.755292ms)
✔ commerce built-in regression uses actual sample IDs and the current intake boundary (0.8145ms)
✔ default V4 cannot pretend to answer a payment question with a logistics summary (0.195125ms)
✔ commerce order reply snapshots include package facts and reject a stale copied reply (0.60775ms)
✔ new defaults use neutral identities and greeting (8.58275ms)
✔ fresh customer greeting has no made-up personal salutation (0.115958ms)
✔ legacy defaults update without mutating the input (0.855042ms)
✔ copy update preserves record identities, ownership, timestamps and statuses (0.618667ms)
✔ customer and staff text is never globally replaced (0.235958ms)
✔ only first bot welcome is replaced, not quoted or authored copies (0.19175ms)
✔ custom names, email, knowledge drafts and sources are preserved (0.204416ms)
✔ non-bundled customer records are not relabeled (0.181458ms)
✔ copy upgrade is idempotent and preserves current seeds (1.161416ms)
✔ default knowledge source changes invalidate affected cached publish tests (0.331292ms)
✔ store preserves a byte-exact backup before updating saved defaults (6.229375ms)
✔ backup failure blocks migration without replacing existing records (0.438417ms)
✔ save failure retains original state and backup (0.294208ms)
✔ a conflicting tab change prevents migration overwrite (0.340083ms)
✔ unrelated storage and draft keys are not touched (0.264084ms)
✔ runtime templates contain no old branding or fake salutations (0.540833ms)
✔ retry after a failed migration backs up the latest original without replacing an earlier backup (0.501917ms)
✔ same-name custom identities retain their audit attribution and ambiguous labels are preserved (0.200041ms)
✔ changing bundled knowledge dependencies invalidates other article checks without editing drafts (0.257833ms)
✔ custom author names matching object properties survive serialization (0.520041ms)
✔ new request after an agent result remains actionable (closed=false) (11.273584ms)
✔ new request after an agent result remains actionable (closed=true) (0.640583ms)
✔ collected order reuses original aftersales issue and ticket: SO20260926001 (1.603375ms)
✔ collected order reuses original aftersales issue and ticket: 申请退货 SO20260926001 (0.526792ms)
✔ seed and empty workspaces are valid (0.938542ms)
✔ broken or foreign pending case references block loading without replacing saved data (0.427042ms)
✔ ticket command rejects a second active aftersales case for the same customer order (2.947917ms)
✔ order collection stops after agent completeCase (1.082375ms)
✔ order collection stops after agent createTicket (1.006084ms)
✔ deterministic regression reports 12 real checks passing (2.343042ms)
✔ FAQ completes a case without making a ticket or fabricating customer confirmation (0.457291ms)
✔ customer explicitly confirms FAQ separately (0.39075ms)
✔ declining human handoff is not routed to a human (0.329833ms)
✔ explicit handoff has precedence over order lookup (0.284416ms)
✔ keyword compounds are not mistaken for handoff intent (0.148459ms)
✔ multiple requests create separate issues but no unconfirmed ticket (0.31075ms)
✔ requests for different orders require manual matching instead of binding both to the first (0.593666ms)
✔ order lookup can continue after a knowledge interruption (1.516958ms)
✔ aftersales order collection continues after knowledge interruption (0.248875ms)
✔ other customer orders are denied, not exposed (0.28375ms)
✔ read-only test faults return orderFailure without business mutation (0.069625ms)
✔ ambiguous competing knowledge escalates, not random selection (0.079958ms)
✔ expired knowledge cannot answer (0.046292ms)
✔ unpublished knowledge cannot answer (0.190792ms)
✔ no robot replies once human owns the conversation (0.176542ms)
✔ queued messages remain available without robot interference (0.105083ms)
✔ another agent cannot reply to an owned conversation (0.22175ms)
✔ duplicate conversation claim is denied (0.171875ms)
✔ internal note does not count as first human response (0.154333ms)
✔ public reply alone cannot complete a case (0.21725ms)
✔ recorded human outcome requires both conclusion and private evidence (0.232625ms)
✔ closing keeps historic ownership instead of losing My History (0.271416ms)
✔ new handoff cycle resets SLA first response and retains historic case (0.183833ms)
✔ role command boundaries: agents cannot publish and operators cannot reply (0.148875ms)
✔ role impersonation mismatching staff record is denied (1.218208ms)
✔ all customer write commands reject foreign records (0.513417ms)
✔ ticket creation requires explicit final confirmation (0.175042ms)
✔ customer cannot submit an unverified order (0.188875ms)
✔ ticket same request key is idempotent (0.142167ms)
✔ same request key cannot be reused for different content (0.201ms)
✔ same issue keeps its active ticket even with a different request key (0.136167ms)
✔ repeat aftersales request in a new conversation reuses the original issue (0.171208ms)
✔ ticket claimant owns modifications; another agent is denied (0.242541ms)
✔ manager reassignment changes rights, not original receipt time (0.319333ms)
✔ conversation reassignment prevents former owner from replying (0.233916ms)
✔ customer supplements a waiting ticket without creating a new one (0.40225ms)
✔ ticket completion requires evidence and is not automatic customer confirmation (0.268209ms)
✔ customer dispute reopens same ticket and preserves receipt time and outcome (0.229458ms)
✔ customer projection strips private notes, result evidence and unrelated data (0.170792ms)
✔ ticket history public projection strips internal fields (0.214875ms)
✔ no bypassing an existing ticket via conversation completion (0.247542ms)
✔ independent staff ticket does not fabricate a conversation (0.051833ms)
✔ capacity and offline availability prevent claims (0.322209ms)
✔ team data scope is enforced for commands and projections (0.241125ms)
✔ related tickets owned by a colleague are visible only as linked context (0.321458ms)
✔ knowledge publication requires testing and preserves previous answer snapshot (1.133416ms)
✔ changing dependency invalidates an earlier publication test (0.857417ms)
✔ failed negative test blocks knowledge publication (0.426959ms)
✔ flow publication affects new conversations, not existing snapshots (0.360333ms)
✔ required explicit-human boundary cannot be disabled (0.141458ms)
✔ quality closure needs original query replay and published revised knowledge (1.049583ms)
✔ quality cannot link unreviewed gap or accept unrelated knowledge (0.3945ms)
✔ read-only export does not mutate audit or revision (0.109083ms)
✔ saved workspace roundtrip preserves business identities (0.267917ms)
✔ storage failure leaves memory and saved data unchanged (0.107333ms)
✔ stale-tab writes fail instead of replacing another tab change (0.103917ms)
✔ invalid JSON is preserved and no new seed overwrites it (0.058917ms)
✔ invalid relationships are rejected, not rendered with invented missing data (0.521416ms)
✔ old version storage is never overwritten or silently migrated (0.07175ms)
✔ storage permission failures become a blocked workspace (0.042833ms)
✔ 初始样例结构完整，事项计数与会话计数分开 (5.5885ms)
✔ 空消息不写入会话或执行记录 (0.310583ms)
✔ 空白或超长消息校验采用Unicode码点 (18.261583ms)
✔ A01 不要转人工不触发人工分支 (0.351416ms)
✔ A02 通用政策不强制索要订单号 (0.2385ms)
✔ A03 退款诉求不能被订单号劫持为查询 (0.225208ms)
✔ A04 订单查询和商品知识作为两件事响应 (0.638834ms)
✔ 物流与售后申请同时保留，受理前没有工单 (0.607542ms)
✔ 明确不想退款只回答咨询，不能创建申请 (0.195792ms)
✔ 单纯进入页面不属于引擎创单行为 (0.127084ms)
✔ 查询缺订单号时先采集 (0.166792ms)
✔ 插问不会清空原采集事项，补订单号仍回到原事项 (0.440125ms)
✔ 跨轮采集结果经JSON还原仍可继续 (0.291709ms)
✔ 未知订单不伪造卡片，保留可复核线索 (0.162958ms)
✔ 查询出错后直接更正订单号复用同一采集事项 (0.182209ms)
✔ 未知知识合理拒答，不能计为已解决 (0.214541ms)
✔ 人工与等待期间只保留消息，机器人不抢答 (0.232708ms)
✔ 未接管不能回复，另一坐席不能代当前坐席回复 (0.248458ms)
✔ A08 满载拒绝接管；叠加查询超时仍保留信息与留单出口 (5.398459ms)
✔ 真实本地占用达到容量后不能继续接管 (0.262417ms)
✔ A07 旧会话转人工读取实时离线而非流程快照 (0.182042ms)
✔ 接管后离线释放处理权，旧坐席不能继续发送 (0.161375ms)
✔ 重复接管只会成功一次 (0.139ms)
✔ 取消排队不取消人工事项，也不清除人工介入历史 (0.143458ms)
✔ 未完成事项不能因结束聊天被解决 (0.16175ms)
✔ 分项确认仅改变当前事项，办理仍未解决 (0.157459ms)
✔ A05 未完成工单阻止该事项确认，整体确认不能越过待办 (0.234541ms)
✔ 没有结果依据不显示可确认状态 (0.124542ms)
✔ 已结束咨询拒绝普通消息，不会隐式重开 (0.117167ms)
✔ 跨会话关联保留原事项与首次受理时间 (0.304416ms)
✔ 跨客户关联的本地负例被拒绝，非真实安全验收 (0.128916ms)
✔ 售后申请未确认前仅是预览，不自动建单 (0.130792ms)
✔ 工单必须归属明确事项，多事项不默认合并 (0.14075ms)
✔ 重复受理按事项拦截，不靠同名标题 (0.161833ms)
✔ 无效标题或工单归属失败不创建业务对象 (0.248834ms)
✔ 工单必须指定负责人，不能从待分配直接完成 (0.171333ms)
✔ 完成必须有结果证据，不能只点击完成按钮 (0.158958ms)
✔ 工单完成后事项待确认，只有客户确认才解决 (0.194583ms)
✔ 内部备注和内部证据不写入客户消息 (0.214792ms)
✔ A09 结束咨询后仍可补工单，聊天保持结束 (0.183292ms)
✔ 原负责人离线，客户补充后回到待分配并保留材料 (0.17575ms)
✔ 重复补充不能重复推进工单状态 (0.168375ms)
✔ 撤销工单不会自动撤销或解决原服务需求 (0.143667ms)
✔ A11 未解决异议立即重开事项，工单标异议待核 (0.208292ms)
✔ 异议成立重开原工单不增加工单或受理量 (0.541959ms)
✔ 异议不成立恢复原解决时间，不增加一次解决 (0.823125ms)
✔ 草稿、停用、未来和过期知识不参与正式检索 (0.450667ms)
✔ 适用范围不匹配的知识不进入答案 (0.1195ms)
✔ 同等匹配且答案冲突时拒绝选第一条答案 (0.185708ms)
✔ 编辑知识仅保存草稿，不改变历史答案或现行内容 (0.152875ms)
✔ 知识无变化保存不增版本 (0.099959ms)
✔ 知识必需来源、维护人和有效时效 (0.128834ms)
✔ 知识必须回归后发布，发布后前台命中 (1.947667ms)
✔ 知识测试后修改答案导致发布依据失效 (1.94525ms)
✔ 重复标准问题与重叠时效不能直接发布 (0.156042ms)
✔ A06 紧急停用对旧会话下一问立即生效，历史原文保留 (0.23ms)
✔ 已撤销依据不能继续确认此前的知识事项 (0.149917ms)
✔ 流程草稿不影响已发布会话，草稿试验不产生服务数据 (0.237041ms)
✔ 发布必须有当前草稿完整回归，单条simulate不算 (0.295458ms)
✔ A13 回归后改流程参数，旧依据失效 (0.862167ms)
✔ 发布后新会话绑定新流程，旧会话仍保留旧流程 (1.151417ms)
✔ 售后受理配置关闭后新会话不开放自助申请 (2.574958ms)
✔ 流程回滚生成新版本并保留历史，不覆盖旧记录 (5.140042ms)
✔ 无变化禁止重复发布，无效配置不会写半次消息 (0.938417ms)
✔ 紧急停用工具即时阻断旧流程，不伪造成功结果 (0.204917ms)
✔ 本地归属负例不暴露订单存在性 (0.172875ms)
✔ 确认质量问题必须填写根因和责任人 (0.199083ms)
✔ A10 无整改措施及验证不能关闭质量问题 (0.179666ms)
✔ 知识整改：线索→分派→草稿→回归→发布→原问题验证→验收 (1.60275ms)
✔ 验证后知识停用，整改验收依据失效 (1.380666ms)
✔ 本地发布回归完整执行且不创建业务事项 (1.738584ms)
✔ 无结果依据、无反馈保持待确认，不冒充生产解决率 (0.187834ms)
✔ 转接摘要包含独立事项、工单与原始信息 (0.3645ms)
✔ 二轮复审：不要机器人、请转人工不能误判为拒绝人工 (0.104917ms)
✔ 二轮复审：转人工接续现有售后事项，不虚增第三个需求 (0.170583ms)
✔ 二轮复审：相同提交标识的精确重放返回原工单 (0.173792ms)
✔ 二轮复审：受理确认时更正订单线索，事项与工单必须一致 (0.133667ms)
✔ 二轮复审：UI与发布门槛使用相同的测试有效性检查 (1.845458ms)
✔ 人工完成知识咨询工单后，客户可以确认并对结果提出异议 (0.54225ms)
✔ 关闭自助售后拦截客户提交和改分类绕过，保留客服受理 (4.183208ms)
✔ 关闭自助售后不影响其他问题留单和旧会话的已发布配置 (1.664458ms)
✔ 同事项两张历史工单异议均不成立时，恢复原确认时间 (0.316667ms)
✔ 同事项任一工单异议成立后，剩余异议驳回不能代替客户再次确认 (0.346542ms)
✔ 异议成立的工单撤销后，其他异议驳回仍保留未解决事项 (0.35175ms)
✔ 重新完成的工单再次收到异议，最后复核该工单仍可等待客户确认 (0.656458ms)
✔ 三轮复审：否定转人工的常见说法不进入人工队列 (2.027125ms)
✔ 三轮复审：人工智能、人工费等构词不是转人工诉求 (0.526708ms)
✔ 三轮复审：只命中一个泛关键词不作答，转为未命中线索 (0.706875ms)
✔ 三轮复审：售后政策类新 FAQ 可回归、可发布、可命中 (2.903416ms)
✔ 三轮复审：多事项里的商品咨询按原句检索，不套用固定商品 (0.444166ms)
✔ 三轮复审：新 FAQ 抢答存量问句时草稿回归不通过，不能发布 (2.285917ms)
✔ 三轮复审：流程改动让存量 FAQ 失效时发布回归不通过 (1.9405ms)
✔ 三轮复审：补订单号的自然说法回填原查询事项 (0.475625ms)
✔ 三轮复审：待补订单号的售后事项接收订单号，不另建事项 (0.621959ms)
✔ 三轮复审：质问或反问要人工仍然转人工，只有明确拒绝才不转 (0.40525ms)
✔ 默认流程结构完整，默认行为通过原有服务回归 (13.432959ms)
✔ 条件与连线决定实际路径，同类问题得到不同结果 (0.416167ms)
✔ 重接同一端口替换旧连线，立即改变运行结果 (0.181625ms)
✔ 同类型节点的参数独立，超时节点不会改动正常节点 (0.257375ms)
✔ 自定义回复按实际路径输出，不伪造订单或解决证据 (0.163958ms)
✔ 即使完成了查询，绕过结果回复也不会生成可确认的证据 (0.138791ms)
✔ 上游结果可以作为条件输入，不存在的结果按空值判断 (0.176333ms)
✔ 缺少任一输出连接时禁止运行，真实服务状态保持原样 (0.771583ms)
✔ 自连、回连、连接开始节点均被拦截，旧连线不丢失 (3.097917ms)
✔ 导入形状中的环路、重复端口与悬空连线不能绕过运行校验 (0.553083ms)
✔ 删除节点同步移除相关线，并暴露新断点 (0.133458ms)
✔ 孤立节点、缺少开始、多个开始和缺少结束都有可定位错误 (0.172416ms)
✔ 条件空值、节点空名称及无效配置在运行前报错 (0.3115ms)
✔ 移动节点不使回归失效，修改连线和参数都会失效 (2.614708ms)
✔ 只修改布局保存为草稿，不制造业务版本变化 (0.218542ms)
✔ 新会话执行发布的图，旧会话继续执行自己的图快照 (6.176875ms)
✔ 图可完整 JSON 保存恢复，恢复历史版本生成新快照 (6.685917ms)
✔ 旧 V3.1 数据只补流程图，既有会话、知识和工单保持原样 (2.477208ms)
✔ 旧发布记录没有图时，回滚仍能得到可编辑的图 (2.2535ms)
✔ 节点关闭售后或绕过受理输出，客户不能绕开节点直接建单 (1.372792ms)
✔ 每一步记录真实节点与边，未经过的节点不会出现在轨迹里 (0.153375ms)
✔ 自助表单更换订单不能绕过该订单的画布分支，拒绝时无副作用 (1.578334ms)
✔ 同事项最新一轮转人工后，历史售后预览不能继续授权自助提交 (1.47775ms)
✔ 其他事项的后续问答不撤销原事项仍有效的售后预览 (1.24775ms)
✔ 新增查询节点的超时进入坐席摘要，旧节点轨迹仍可读取 (2.24225ms)
✔ 默认客户问答、订单与来源不带展示环境文案 (7.88925ms)
✔ 客户查询与售后仍是两个事项，登记工单不等于完成售后 (0.832ms)
✔ 数据兼容不改写人工消息或自定义知识 (2.26675ms)
✔ 产品页面移除演讲入口，售后表单使用已定义的访客变量 (1.106834ms)
✔ 恢复初始配置不会重新填充历史业务记录 (0.261208ms)
✔ 内置旧引用升级，自定义 FAQ 的历史回复和证据逐字保留 (2.119209ms)
✔ each service metric drills into the exact projected case set and keeps execution separate from resolution (26.798125ms)
✔ the manager approval queue includes only requests awaiting review and names the next responsibility (3.434584ms)
✔ administrator simulated events target one application and the next receipt version, without approving it (10.510417ms)
✔ schema5 knowledge carries item and rule scope, while a stale evaluation cannot unlock publication (11.05125ms)
✔ flow evaluation renders recorded failures and leaves business and notification remediation outside knowledge publishing (4.984375ms)
✔ actual query metric opens its saved business evidence (60.328916ms)
✔ published knowledge can run actual whole workflow evaluation without a draft (40.603167ms)
✔ manager can process an expired handoff through the real UI (14.388458ms)
✔ commerce application is attached to a selected item and requires a customer confirmation (27.304667ms)
✔ changing application fields requires another preview and preserves the reason (6.451041ms)
✔ phone application failure stays inside the phone and restores its editable draft after reload (14.410125ms)
✔ a failed formal save keeps the confirmation form and never claims that the application exists (16.049459ms)
✔ customer progress counts independent matters and public detail hides the handoff summary (18.475917ms)
✔ real UI events separate approval, return, warehouse, refund, notification and customer feedback (131.467291ms)
✔ return and supplement forms retain rejected input while the customer can continue the original matter (12.968417ms)
✔ commerce service drafts leave the default V4 record and draft cache byte unchanged (18.715625ms)
✔ handoff is visible to its target while the source keeps ownership until acceptance (19.649584ms)
✔ the service ticket pool acquires matter responsibility and keeps conversation ownership separate (12.916792ms)
✔ preview does not reserve, register or submit; explicit confirmation creates one item application (6.175833ms)
✔ same confirmation replays original receipt; changed content with same id is rejected (0.728917ms)
✔ changed facts and another request after reservation require recheck, not another application (0.595208ms)
✔ ownership, payment facts, quantity and material guard are checked before preview (0.377584ms)
✔ two named product requests are independently bound and neither exception is completed by lookup (4.247042ms)
✔ policy question does not trigger a business application; request is only collected until confirmed (1.119625ms)
✔ agent cannot approve or simulate a payment; admin cannot grant business approval (0.579875ms)
✔ approval and physical receipt are independent from warehouse acceptance and refund (2.26325ms)
✔ happy return ends only on simulated refund result; second product and payment remain unchanged (1.201458ms)
✔ unknown refund queries original request and cannot be done, retried or released (2.201625ms)
✔ same obligation never pays twice, repeated and older receipt do not rewrite success (1.342542ms)
✔ supplement returns to review without erasing approval history or extending original deadline (1.108625ms)
✔ rejection or confirmed safe withdrawal releases only unused reservation (1.626458ms)
✔ notification failure does not change refund success or invent customer satisfaction (2.76775ms)
✔ dispute reopens original service, preserving successful refund and consumed allowance (2.877167ms)
✔ handoff keeps original owner until target accepts with version; old owner loses rights (1.986708ms)
✔ handoff updated context requires recheck and timeout preserves responsibility (2.940916ms)
✔ handoff summary and public projection keep facts and decisions while hiding internal review (0.740875ms)
✔ completeCase, SOP overrides and old intake cannot bypass a formal service result (1.4715ms)
✔ workflow eval executes all multi-turn branches on isolated copies without mutating business data (17.666666ms)
✔ knowledge test includes whole workflow and scope/versions invalidate publish (10.34125ms)
✔ nonknowledge issue cannot be closed by merely publishing knowledge (0.512542ms)
✔ metric memberships allow all counts to be recalculated and human business steps exclude AI-only (0.834666ms)
✔ unresolved rejection dispute cannot hide a second application under the same case (0.973ms)
✔ passing flow evaluation remains publishable and configuration changes invalidate it (29.149834ms)
✔ item scope is checked against the full policy question including box aliases (19.341041ms)
✔ notification remediation requires the original delivery receipt, not a completed refund (18.851625ms)
✔ policy response uses executable rule amounts and prerequisites even with a misleading draft (18.351833ms)
✔ a policy dependency expiring after testing blocks publication (9.409833ms)
✔ higher-version safety evidence can terminate an already failed refund without changing its outcome (1.2405ms)
✔ item handoff protects generic commands and enables public replies by the new owner (0.87175ms)
✔ explicit foreign or mismatching orders cannot silently bind a product request to the sample order (1.642416ms)
✔ negated defects and completed applications cannot produce phantom pending work (5.783375ms)
✔ evaluation of a published article uses its live version when no draft exists (8.232916ms)
✔ routing remediation rechecks every original product matter instead of only the last one (14.916041ms)
✔ an assigned matter can receive public followup after its conversation closes (2.529334ms)
✔ short policy questions and human suggestions share the same executable policy answer (18.695125ms)
✔ 返修 run.py sends no-store on successful, conditional and missing resources (77.046167ms)
✔ F1 pure social: 你好 (7.971334ms)
✔ F1 pure social: 在吗 (0.580834ms)
✔ F1 pure social: 谢谢 (0.671792ms)
✔ F1 pure social: 好的 (0.416625ms)
✔ F1 pure social: 您好！ (0.357ms)
✔ F1 pure social: 谢谢你，辛苦了。 (0.237334ms)
✔ F1 pure social: 嗯嗯，收到 (0.149209ms)
✔ F1 pure social: 明白了 (0.130417ms)
✔ F1 pure social: OK (0.438583ms)
✔ F1 pure social: hello (0.195459ms)
✔ F1 pure social: 您好呀 (0.662708ms)
✔ F1 pure social: 好的，谢谢您 (0.508542ms)
✔ F1 mixed business preserves routing: 你好，七天无理由退货有什么条件？ (0.890833ms)
✔ F1 mixed business preserves routing: 谢谢，查物流 SO20260926001 (0.181166ms)
✔ F1 mixed business preserves routing: 好的，我要换货 SO20260926001 (0.342416ms)
✔ F1 mixed business preserves routing: 你好，我要人工 (0.152084ms)
✔ F1 mixed business preserves routing: 谢谢，礼品卡可以分多次使用吗？ (0.164667ms)
✔ F1 mixed business preserves routing: 好的，不要转人工，我只问退货规则 (0.120583ms)
✔ F1 mixed business preserves routing: 谢谢不用退货了，查物流 SO20260926001 (0.115ms)
✔ F1 thanks after an answer leaves the result, feedback and issue counts intact (2.226667ms)
✔ F1 social preserves queued state and existing issues (0.487958ms)
✔ F1 social preserves human state and existing issues (0.795541ms)
✔ F1 social preserves closed state and existing issues (0.851292ms)
✔ F1 social keeps pending order collection and does not schedule another AI reply (0.655583ms)
✔ F1 greetings from multiple customers create no knowledge gaps (0.265459ms)
✔ F1 configured handoff still takes precedence over a social phrase (0.10875ms)
✔ F1 explicit AI refusal survives polite messages across conversation states (1.484917ms)
✔ F8 completed support has no leftover; closing preserves result and done snapshot without tickets (0.332417ms)
✔ F8 public reply confirms the sole issue but an internal note does not (0.288666ms)
✔ F8 public answer confirmation survives a later issue in the same conversation (0.913791ms)
✔ F8 reply is attributed to the selected issue and rejects unrelated issue ids (47.027417ms)
✔ F8 reply uses the displayed default issue when no problem tab was clicked (9.168417ms)
✔ F1 long mixed acknowledgement does not block classification (64.084958ms)
✔ F8 refuses forged na for a completed issue atomically (1.115042ms)
✔ F8 refuses forged withdrawn for a completed issue atomically (0.544041ms)
✔ F8 completed order is excluded while unfinished issues still require tracked dispositions (0.991708ms)
✔ F8 closing UI shows no disposition for completed issues and preserves defaults for open ones (21.416667ms)
✔ 续修 social false: 88 (5.322959ms)
✔ 续修 social false: 8886 (0.226958ms)
✔ 续修 social false: 回头见 (1.416625ms)
✔ 续修 social false: 下次见啦 (0.189708ms)
✔ 续修 social false: 谢谢亲 (0.187459ms)
✔ 续修 social false: 多谢小姐姐呀 (0.12925ms)
✔ 续修 social false: 感谢客服小哥哥 (0.109916ms)
✔ 续修 social false: 行 (0.160041ms)
✔ 续修 social false: 行呀 (0.114667ms)
✔ 续修 social false: 早呀 (0.154625ms)
✔ 续修 social false: 早啊 (0.116333ms)
✔ 续修 social false: 嗨 (0.102708ms)
✔ 续修 social false: 嗨呀 (0.101875ms)
✔ 续修 social false: 回头见，谢谢亲 (0.094708ms)
✔ 续修 social true: 88 (0.531459ms)
✔ 续修 social true: 8886 (0.225125ms)
✔ 续修 social true: 回头见 (0.420208ms)
✔ 续修 social true: 下次见啦 (0.18375ms)
✔ 续修 social true: 谢谢亲 (1.133792ms)
✔ 续修 social true: 多谢小姐姐呀 (0.595833ms)
✔ 续修 social true: 感谢客服小哥哥 (0.514208ms)
✔ 续修 social true: 行 (0.490041ms)
✔ 续修 social true: 行呀 (0.413792ms)
✔ 续修 social true: 早呀 (0.418208ms)
✔ 续修 social true: 早啊 (0.369208ms)
✔ 续修 social true: 嗨 (0.373667ms)
✔ 续修 social true: 嗨呀 (0.355958ms)
✔ 续修 social true: 回头见，谢谢亲 (0.389875ms)
✔ 续修 query: 查物流 EC-SO20261005001 (1.783042ms)
✔ 续修 query: 查支付 EC-SO20261005001 (1.20675ms)
✔ 续修 query: 查下订单 EC-SO20261005001 (0.3175ms)
✔ 续修 query: 嗨，查下订单 EC-SO20261005001，谢谢亲 (0.30525ms)
✔ 续修 query: 早呀，查下包裹 EC-SO20261005001，回头见 (0.7685ms)
✔ 续修 policy: 杯子坏了能退吗 (1.270666ms)
✔ 续修 policy: 杯子破损能退货吗 (0.434167ms)
✔ 续修 policy: 嗨，保温杯裂了能退吗，谢谢亲 (0.251167ms)
✔ 续修 keep business: 行，我要人工 (0.306459ms)
✔ 续修 keep business: 早呀，帮我退货 (0.200125ms)
✔ 续修 keep business: 谢谢亲，我的包裹没到 (0.158292ms)
✔ 续修 keep business: 嗨，礼品卡能分次用吗 (0.197416ms)
✔ 续修 keep business: 回头见，我的钱扣了两次 (0.176209ms)
✔ 续修 keep business: 杯子坏了能退吗，袋子没到 (0.188333ms)
✔ 续修 numeric goodbye does not strip order suffix (0.188708ms)
✔ 审查 social: 谢啦亲 (0.111917ms)
✔ 审查 social: 谢了老板 (0.054042ms)
✔ 审查 social: 好哇 (0.050208ms)
✔ 审查 social: 好咧 (0.05ms)
✔ 审查 social: 谢谢你们 (0.048375ms)
✔ 审查 social: 再会 (0.046542ms)
✔ 审查 mixed policy: 保温杯破损怎么退，卡上扣了两笔钱 (0.279125ms)
✔ 审查 mixed policy: 保温杯破损怎么退，我的钱被扣了两次 (0.156416ms)
✔ 审查 mixed policy: 保温杯破损怎么退，退款还没到账 (0.116708ms)
✔ 审查 mixed policy: 保温杯破损怎么退，包裹没收到而且杯子坏了 (0.12125ms)
✔ 审查 mixed policy: 保温杯退货规则，订单地址错了 (0.119958ms)
✔ 审查 mixed policy: 保温杯怎么退，你们几点开门 (0.14925ms)
✔ 审查 intact alphanumeric ID: 20261005OK (0.13525ms)
✔ 审查 intact alphanumeric ID: HI (0.56875ms)
✔ 审查 intact alphanumeric ID: HELLO (0.311417ms)
✔ 审查 greeting with address preserves lookup (0.268042ms)
✔ 复验 separate English social suffix: ok (0.590625ms)
✔ 复验 separate English social suffix: okay (0.345584ms)
✔ 复验 separate English social suffix: hi (0.285917ms)
✔ 复验 separate English social suffix: hello (0.270667ms)
✔ 复验 declining human preserves pure policy (0.280083ms)
✔ 返修 social v4: 好嘞 (8.977333ms)
✔ 返修 social v4: 谢啦 (0.248042ms)
✔ 返修 social v4: 好滴 (0.171958ms)
✔ 返修 social v4: 哈喽 (0.154875ms)
✔ 返修 social v4: 拜拜 (0.162917ms)
✔ 返修 social v4: 再见 (0.120292ms)
✔ 返修 social v4: 没事了 (0.424417ms)
✔ 返修 social v4: 不用了谢谢 (0.142ms)
✔ 返修 social v4: 您好哟 (0.128875ms)
✔ 返修 social v4: 谢谢您啦 (0.166875ms)
✔ 返修 social v4: 多谢哈 (0.11775ms)
✔ 返修 social v4: 明白啦 (0.103959ms)
✔ 返修 social v4: 知道啦 (0.106666ms)
✔ 返修 social v4: 嗯嗯，好哒 (0.098208ms)
✔ 返修 social v4: 再见咯 (0.099125ms)
✔ 返修 social v4: 拜拜啦 (0.103834ms)
✔ 返修 social v4: 不需要了，谢谢 (0.098125ms)
✔ 返修 social v4: 没问题，谢谢呀 (0.10225ms)
✔ 返修 social commerce: 好嘞 (3.706166ms)
✔ 返修 social commerce: 谢啦 (0.51725ms)
✔ 返修 social commerce: 好滴 (0.209333ms)
✔ 返修 social commerce: 哈喽 (0.178208ms)
✔ 返修 social commerce: 拜拜 (0.155875ms)
✔ 返修 social commerce: 再见 (0.18075ms)
✔ 返修 social commerce: 没事了 (0.262667ms)
✔ 返修 social commerce: 不用了谢谢 (0.17425ms)
✔ 返修 social commerce: 您好哟 (0.168583ms)
✔ 返修 social commerce: 谢谢您啦 (0.179416ms)
✔ 返修 social commerce: 多谢哈 (0.164833ms)
✔ 返修 social commerce: 明白啦 (0.152459ms)
✔ 返修 social commerce: 知道啦 (0.141875ms)
✔ 返修 social commerce: 嗯嗯，好哒 (1.009458ms)
✔ 返修 social commerce: 再见咯 (0.173542ms)
✔ 返修 social commerce: 拜拜啦 (0.151792ms)
✔ 返修 social commerce: 不需要了，谢谢 (0.160375ms)
✔ 返修 social commerce: 没问题，谢谢呀 (0.159792ms)
✔ 返修 mixed lookup: 你好，我的快递到哪了 (1.117292ms)
✔ 返修 mixed lookup: 您好，包裹到哪了 (0.349209ms)
✔ 返修 mixed lookup: 你好，查一下我的订单 (0.336459ms)
✔ 返修 mixed lookup: 你好，查一下包裹 EC-SO20261005001 (1.473542ms)
✔ 返修 mixed lookup: 哈喽呀，请查物流 EC-SO20261005001，谢谢啦 (0.537375ms)
✔ 返修 mixed lookup: 谢谢您，查一下我的订单 EC-SO20261005001，再见 (0.499125ms)
✔ 返修 policy: 保温杯破损怎么退 (0.857458ms)
✔ 返修 policy: 签收后发现杯子破了可以退吗 (0.306375ms)
✔ 返修 policy: 杯子坏了能不能退货 (0.189041ms)
✔ 返修 policy: 保温杯破损退货流程 (0.187333ms)
✔ 返修 policy: 保温杯碎了如何退货 (0.7445ms)
✔ 返修 preserve handoff: 你好，我要人工 (0.555333ms)
✔ 返修 preserve handoff: 好嘞，请转人工客服 (0.362375ms)
✔ 返修 preserve handoff: 谢谢，礼品卡可以分多次使用吗？ (0.46375ms)
✔ 返修 preserve handoff: 你好，包裹没收到 (0.347166ms)
✔ 返修 preserve handoff: 谢啦，我的包裹停滞了 (0.318458ms)
✔ 返修 preserve intake: 我要退货，杯子碎了 (0.548459ms)
✔ 返修 preserve intake: 保温杯破损，我想退货怎么申请 (0.201125ms)
✔ 返修 preserve intake: 帮我退货，保温杯坏了 (0.146833ms)
✔ 返修 preserve intake: 申请保温杯退货流程 (0.143166ms)
✔ 返修 farewells preserve queued/human/closed states and completed records (0.523542ms)
✔ 返修 ecommerce mode without V4 reads: default (29.712917ms)
✔ 返修 ecommerce mode without V4 reads: ?rev=repair (4.511667ms)
✔ 返修 ecommerce mode without V4 reads: ?data=ecommerce (6.005166ms)
✔ 返修 explicit V4 entry shows old sample and leaves ecommerce value unchanged (9.5045ms)
✔ 返修 independent customer link keeps ecommerce:  (12.990917ms)
✔ 返修 independent customer link keeps v4: ?data=v4 (8.957791ms)
✔ 返修 independent customer link keeps ecommerce: ?data=ecommerce (7.634208ms)
✔ 返修 policy reply provides a working application entry without creating an application (18.943166ms)
✔ 返修 supported social composition: 哈喽哈喽 (0.326ms)
✔ 返修 supported social composition: 哈喽，哈喽 (0.246709ms)
✔ 返修 supported social composition: 你好，哈喽 (0.207542ms)
✔ 返修 lookup intent before edge normalization: 你好，EC-SO20261005001，谢谢 (0.425208ms)
✔ 返修 lookup intent before edge normalization: 你好，哈喽，查物流 EC-SO20261005001 (0.632834ms)
✔ 返修 lookup intent before edge normalization: 你好，物流 (0.539375ms)
✔ 返修 preserve negated query: 不用查物流 EC-SO20261005001 (0.507667ms)
✔ 返修 preserve negated query: 不需要查支付 EC-SO20261005001 (0.21075ms)
✔ 返修 mixed policy keeps independent issue unresolved: 查询支付 EC-SO20261005001，我钱被扣两次了，保温杯破损怎么退 (0.194458ms)
✔ 返修 mixed policy keeps independent issue unresolved: 物流一直没更新，保温杯破损怎么退 (0.171084ms)
✔ 返修 mixed policy keeps independent issue unresolved: 收纳袋没到，保温杯破损怎么退 (0.150834ms)
✔ 关闭自助售后后客户事项无申请入口，坐席仍可受理 (27.485666ms)
✔ 客户新开咨询后仍可找回旧工单，历史列表不混入其他客户 (7.429584ms)
✔ 异常保存值不被覆盖，恢复导出逐字保留原始记录 (3.322ms)
✔ 真实旧状态升级先完整备份，备份失败则阻止持久化覆盖 (7.019916ms)
✔ 清空保存失败保留当前内存和原始存储 (2.266ms)
✔ 草稿超时测试使用完整引擎且不改发布或草稿状态 (4.081292ms)
✔ 实时工具停用后旧草稿试问失效，重新试问使用当前状态 (7.482417ms)
✔ 接管占用改变后草稿试问不能保留旧容量结论 (2.824417ms)
✔ 作答门槛在检索试验、FAQ 表单和流程节点中可见 (2.363375ms)
✔ 旧 V3 本地数据不被沿用，也不被覆盖 (4.87775ms)
✔ 已选知识停用后仍显示原范围，仅修改名称不会扩大检索范围 (4.485292ms)
✔ 正常空间导出完整当前 JSON，并释放下载 URL (5.524333ms)
✔ 人工回复保存发送者身份，后续转派不会改写旧消息作者 (6.498958ms)
✔ 人工回复可通知客户，业务进度继续保留系统身份 (1.24675ms)
✔ 两端完整展示同一会话的所有消息，不遗漏其他事项回复或最早消息 (26.597708ms)
✔ 按发送时间排序，同一时间保留原始先后，读取不改变保存内容 (2.568292ms)
✔ 有首条人工回复时间证据的旧系统消息显示为人工，保存记录不被迁移 (1.986ms)
✔ 缺乏证据或时间冲突的旧系统消息不被猜成某个客服 (1.274708ms)
✔ 聊天回复不重复出现在业务事件，实际办理事件仍可查看 (2.936ms)
✔ 客户、AI、人工与系统使用不同身份标签，正文与客服名均转义 (1.86275ms)
✔ 消费者办理按钮不出现在工作台，关联事项仍可查看 (2.370666ms)
✔ 同事项关联新会话后，旧会话人工回复在事项时间线中仍可查看 (1.678875ms)
✔ 只有业务时间线的事项详情保留人工回复 (0.957541ms)
✔ 紧凑队列业务事项页签支持筛选并在选择事项后关闭，不改变业务数据 (5.077292ms)
✔ 紧凑办理和关联弹窗保留操作、完整历史及备注 (3.120333ms)
✔ 高度约束只在聊天和工作台生效，切到普通业务页会解除 (2.045ms)
✔ 澄清面板跟随选中事项，只引用该事项追问并转义正文 (2.860625ms)
✔ 处理面板沿用角色权限，已完成澄清展示真实结论 (3.542417ms)
✔ 窄屏处理面板保留办理、历史与备注，消费者无法打开 (3.437417ms)
✔ V2 服务时间咨询命中知识；明确人工请求继续转人工 (6.705333ms)
✔ V2 收纳盒清洗使用本商品维护说明，杯子仍使用发布知识 (1.365792ms)
✔ V2 混合句中的他人商品与未知商品不撤销有效知识答复 (0.57625ms)
✔ V2 不一致的显式订单与商品先澄清，同订单商品可正常查询 (0.624875ms)
✔ V2 数据校验拒绝跨订单事项关系及无效保存版本 (0.420875ms)
✔ 初始关系：一单两件两包裹，待发货与未支付订单独立存在 (4.23975ms)
✔ 寒暄致谢不会创建业务事项 (2.814167ms)
✔ 知识答复没有用户反馈时不算解决 (1.018708ms)
✔ 明确解决反馈后知识问题才计AI独立解决 (0.584209ms)
✔ 混合句：清洗咨询与正常在途分别处理，不整句转人工 (0.565209ms)
✔ 混合句：知识答复完成后，仅异常包裹进入人工核实 (0.438042ms)
✔ 未知或他人订单不会撤销同句中已经能够回答的知识诉求 (0.251125ms)
✔ 两笔订单都有保温杯时先澄清，不自动选第一件退货 (0.239334ms)
✔ 正常在途不创建异常事项 (0.201209ms)
✔ 签收但未收到不凭轨迹办结 (1.385917ms)
✔ 订单级未收到存在两个包裹时先问具体商品 (0.501166ms)
✔ 选购咨询给出维护过的用途和规格，不直接下单 (0.510667ms)
✔ 价格库存使用商品来源与查询结果 (0.385125ms)
✔ 优惠资格核实：threshold (0.582916ms)
✔ 优惠资格核实：scope (0.271ms)
✔ 优惠资格核实：expired (0.260333ms)
✔ 优惠资格核实：eligible (0.224583ms)
✔ 不可叠加优惠不错误判可用 (0.269542ms)
✔ 支付查询状态不与未支付混淆：failed (0.4865ms)
✔ 支付查询状态不与未支付混淆：unknown (0.349375ms)
✔ 支付查询状态不与未支付混淆：not_found (0.306834ms)
✔ 支付待核实不能取消或修改地址 (1.916916ms)
✔ 消费者无法读取他人订单或材料 (1.537ms)
✔ 未核验访客仍可请求人工，但不能查个人订单 (0.889959ms)
✔ 不需要人工不会被关键词错误转人工 (0.398542ms)
✔ 无人在线仍保留责任组和下次反馈 (0.353084ms)
✔ 预览取消不产生申请或退款 (0.794833ms)
✔ 缺少材料按已发布规则阻断，无内部材料编码要求 (1.207791ms)
✔ 退货只占用杯子，不影响另一件商品及包裹 (1.856125ms)
✔ 重复确认返回原申请；不能再次创建同商品申请 (1.671792ms)
✔ 规则在预览后发布变更，确认需重新核对 (2.030541ms)
✔ 确认前仓库锁单变化，订单变更不产生假成功 (0.729667ms)
✔ 已支付取消：独立退款，无寄回验收 (1.437667ms)
✔ 未支付取消不生成退款 (0.696458ms)
✔ 修改地址需预览确认，变更之后可再次核对修改 (1.667666ms)
✔ 已出库订单不能自助改址 (0.628417ms)
✔ 换货必须明确存在且有库存的目标规格 (1.314209ms)
✔ 换货寄回验收后停在履约协调，不产生退款和新包裹 (1.247375ms)
✔ 配件补发受理保存缺失内容，审核后不退款 (0.521ms)
✔ 另包在途不能直接按漏发申请补发 (0.21825ms)
✔ 仅退款经审核后直达退款，不要求虚构寄回 (0.46275ms)
✔ 审核通过展示完整寄回信息，仓库签收与验收不同 (1.734042ms)
✔ 验收异常—请求补件—补件—复核通过恢复退款节点 (3.487ms)
✔ 审核拒绝后原申请可申请复核，不新建售后 (2.2475ms)
✔ 重复提交退款沿用原请求，未知结果保留占用 (6.283209ms)
✔ 成功、重复及过期回执不重复退款或倒退状态 (1.6335ms)
✔ 错误请求或金额的回执不改变退款结果 (0.997541ms)
✔ 退款失败不释放原商品占用，重试保留原请求 (1.124125ms)
✔ 退款成功后用户称未到账，重开原事项而非重复退款 (1.479792ms)
✔ 未执行申请可以凭撤回回执释放占用 (0.597125ms)
✔ 已寄回或退款未知不能直接撤回释放占用 (1.07775ms)
✔ 发票、价保与维修有独立必要信息，受理不算执行成功 (1.453292ms)
✔ 通用人工结案不能伪造退货、退款、补发完成 (0.394584ms)
✔ 客服不能代替客户确认申请或越权执行退款 (1.6765ms)
✔ 客服接管后不再自动发送AI公开回复 (0.853583ms)
✔ 客服可整理草稿，但需要用户再次确认 (0.573417ms)
✔ 人工转派未接收前保留原责任，确认后会话与未完事项一致转移 (0.544875ms)
✔ 转派拒收和超时不会移除原责任人 (0.620167ms)
✔ 补件与跨会话接续仍是原申请 (0.767875ms)
✔ 通知失败不改变已成功的退款，且留下跟进安排 (0.993667ms)
✔ 回访未联系上必须给出下一次反馈，不能顺便办结售后 (1.660666ms)
✔ 场景草稿不立即生效，测试发布后新申请使用新版 (0.582667ms)
✔ 改过的草稿不能复用旧测试发布，错误规则阻断 (0.406458ms)
✔ 不允许把仅退款配置成寄回流程 (0.192625ms)
✔ 知识修订必须正反例通过，发布后实际问答命中新版 (0.647208ms)
✔ 知识质量闭环复验原问题，不以保存草稿代替生效 (0.805041ms)
✔ 非知识故障必须有业务验证记录，知识运营不能自行验收 (0.522541ms)
✔ 内部备注不出现在消费者投影中 (0.972917ms)
✔ 无效命令或失败操作不会修改输入状态 (0.221459ms)
✔ 不接受脚本、超大或错误格式的材料 (0.243875ms)
✔ 节点目录覆盖 5 类 19 个意图，节点键与回复校验规则一致 (1.091625ms)
✔ 路由生成的事项映射到唯一意图，说不清的诉求留给澄清节点 (11.002417ms)
✔ 退货全流程：受理后审核与退款转为会后跟进，反馈与评分点亮收尾节点 (5.824334ms)
✔ 追问类节点发送后等待客户回复，客户回复后才进入下一步 (1.736458ms)
✔ 所有路由场景的预填话术都有实值，系统查询节点不提供话术 (16.979125ms)
✔ 回复只接受合法节点键，空值保持旧行为，SOP 推导不改写记录 (1.893333ms)
✔ 工作台右侧竖轴：完整分组、命中分组展开、客户原话转义 (32.217958ms)
✔ 预填卡片：采用并发送记录节点，填入修改带出原节点，换一条轮换，过期节点不发送 (8.984666ms)
✔ 新会话复用已接管的人工事项：客服回复即接手会话，AI 不再插话也不新建事项 (2.62425ms)
✔ 转人工排队期间 AI 不再答复，客户消息保留给客服 (1.56025ms)
✔ 会话已由其他客服接待时，回复被拒绝且不改动记录 (0.699459ms)
✔ 一句话只回一条澄清：寒暄分句跳过，同一追问不重复，泛化追问让位于具体追问 (0.661875ms)
✔ 服务队列按会话排队：等待时间、待回复条数与意图可见，可直接接管会话 (8.101917ms)
✔ an absent key starts a seed workspace and persists the first operation (23.686833ms)
✔ existing saved history loads without replacing its original bytes (1.561709ms)
✔ a delayed storage event cannot let a same-baseline tab overwrite the first save (2.593708ms)
✔ changed original bytes reject a stale write even when the revision is unchanged (0.790125ms)
✔ damaged existing storage blocks editing and preserves "null" (0.380916ms)
✔ damaged existing storage blocks editing and preserves "false" (0.329708ms)
✔ damaged existing storage blocks editing and preserves "" (0.285ms)
✔ damaged existing storage blocks editing and preserves "\"\"" (0.28575ms)
✔ damaged existing storage blocks editing and preserves "{}" (0.307666ms)
✔ damaged existing storage blocks editing and preserves "{broken" (1.233083ms)
✔ unavailable storage explicitly permits temporary memory mode (10.517458ms)
✔ a quota exception leaves saved bytes and current memory unchanged (2.809667ms)
✔ a silent failed write is detected before current memory advances (0.91575ms)
✔ a valid storage event rebases the page and permits the next operation (4.445292ms)
✔ a same-revision external change requires refresh and cannot authorize a stale write (0.970333ms)
✔ a delayed valid event reads the latest stored record before rebasing (3.195708ms)
✔ a removed key event prevents the old page from overwriting storage (0.912625ms)
✔ a cleared storage event prevents the old page from overwriting storage (0.526167ms)
✔ a damaged value event prevents the old page from overwriting storage (0.503375ms)
✔ an unrelated storage event leaves this workspace editable (0.9035ms)
✔ a shared exclusive lock leaves the other tab read-only while its view stays synchronized (5.499167ms)
✔ pending lock permission blocks editing until the asynchronous grant completes (1.79275ms)
✔ available storage without native locks remains explicitly read-only (0.638958ms)
✔ a rejected lock request preserves memory and storage while reporting unavailable edit permission (0.8135ms)
✔ the edit lock lasts for the document lifetime and a new tab can edit after unload (6.599958ms)
✔ default entry loads its actual assets and standalone customer routing hides internal navigation (37.777375ms)
✔ confirmed answers and tickets retain a working dispute entry (19.387458ms)
✔ unsubmitted reply and note drafts stay with their author across reassignment and reload (37.30475ms)
✔ customer and staff service-application drafts do not share a case key (22.344834ms)
✔ service settings restore after page changes and refresh without writing business configuration (6.453125ms)
✔ cancelled disable, assignment, remediation link and acceptance forms restore their fields (15.815875ms)
✔ unsaved flow blocks single tests at the button and submit handler; edits remove old results (11.938208ms)
✔ AI received during a phone modal becomes visible on close and respects scroll position (readingHistory=true) (55.640583ms)
✔ AI received during a phone modal becomes visible on close and respects scroll position (readingHistory=false) (15.061875ms)
✔ close history renders the saved node and callback snapshot after current plans and ownership change (12.254875ms)
✔ SOP reasons for the same node stay isolated by customer issue through cancel, reload and submit (40.567625ms)
✔ a failed pause save suppresses the next AI timer and stays suppressed after reload without claiming a persisted pause (13.74725ms)
✔ mobile and desktop share the current customer conversation and unsent draft through reload (48.460375ms)
✔ mobile routes an operations-origin session to the real customer identity and public records only (15.866292ms)
✔ mobile moves the existing dialog inside the phone with show and restores the desktop modal (13.802834ms)
✔ offline mobile keeps editable input and rejects forced submit until connection resumes (15.011875ms)
✔ structured application preview and cancel make no business write and keep all editable fields (13.121625ms)
✔ dynamic suggestion cancel, append and replace preserve the intended public draft without sending (22.280584ms)
✔ an external order update blocks old confirmation and refresh restores the draft for a fresh preview (11.775125ms)
✔ close panel submits rendered disposition fields and callbacks atomically after validation (11.782875ms)
✔ a concurrent customer message prevents closing an old panel without discarding its draft (10.003042ms)
✔ A02/A03 full SOP and four aftersales steps stay visible without fabricating irrelevant progress (6.878917ms)
✔ A02 an existing human support issue does not swallow a later return request or auto-send a reply (0.427208ms)
✔ A02 multiple order numbers stay unbound until a human matches each issue (0.344375ms)
✔ A04/A05 structured preview is read-only and confirmation validates owner/order/required exchange demand atomically (1.010583ms)
✔ A05 repeated structured application reuses receipt and a blank placeholder merges into original issue (0.906709ms)
✔ A05 committed aftersales cannot be rebound and unrelated orders create independent issues (0.52425ms)
✔ A02 order querying records evidence without sending or completing business (0.414083ms)
✔ A06/A07 AI is explicit, delayed, limited to two distinct turns and never claims first human response (1.154625ms)
✔ A07/A08 delayed AI rejects stale authorization after reply (0.409375ms)
✔ A07/A08 delayed AI rejects stale authorization after reassign (0.405125ms)
✔ A07/A08 delayed AI rejects stale authorization after offline (0.335791ms)
✔ A07/A08 delayed AI rejects stale authorization after new-message (0.37775ms)
✔ A07/A08 delayed AI rejects stale authorization after knowledge (0.282833ms)
✔ A07/A08 delayed AI rejects stale authorization after order (0.265791ms)
✔ A07 opt-out survives attempts to grant again and source-less questions stay with humans (0.317459ms)
✔ A08 recommendations must be rechecked after message (0.834917ms)
✔ A08 recommendations must be rechecked after expired (0.277625ms)
✔ A08 recommendations must be rechecked after disabled (0.2405ms)
✔ A08 recommendations must be rechecked after version (0.248ms)
✔ A08 recommendations must be rechecked after order (0.227792ms)
✔ A08 recommendations must be rechecked after owner (0.231875ms)
✔ A09 connection is customer scoped, blocks sends and survives roundtrip without implying a closed case (0.434917ms)
✔ A10/A11 close excludes its own control node, requires every unfinished item and creates one followup per issue atomically (0.897667ms)
✔ A10 stale close previews and unauthorized close reject without any business mutation (0.441625ms)
✔ A11 submitted aftersales cannot be discarded by NA or withdrawal (0.769334ms)
✔ A12/A13 callback close is atomic, ownership inherited and cannot complete the underlying issue (0.714375ms)
✔ A13 a colleague ticket may be referenced but its callback/due date cannot be changed (0.685833ms)
✔ A14 reopening preserves closure snapshots and close completion is conversation scoped (0.328417ms)
✔ A17 customer projection omits internal workflow, closure, callback and AI authorization details (0.44625ms)
✔ A10/A17 storage failure or a stale tab leaves close arrangements and history untouched (1.017167ms)
✔ A17 old optional-field-free records remain valid while malformed new fields are blocked (0.467583ms)
✔ A03 bot intake and human intake share only explicit service type and quoted reason prefill (0.480709ms)
✔ exchange prefill quotes explicit replacement requests but leaves unknown or declined demands blank (1.0835ms)
✔ A02 a human-stage combined logistics and aftersales request keeps two independently actionable issues (0.237458ms)
✔ A09 offline cannot create customer-visible side effects through alternative customer commands (0.366584ms)
✔ changing an uncommitted order invalidates old logistics evidence and keeps both source orders private (0.291792ms)
✔ withdrawing an unsubmitted issue retains its history without capturing the next request (1.126417ms)
✔ pending callback on a completed ticket can transfer without reopening business (0.518209ms)
✔ A06 preview facts must still match at confirmation and exact successful retries remain idempotent (0.829125ms)
✔ a repeated merged-placeholder confirmation returns the original receipt even after placeholder removal (0.546375ms)
✔ an unaccepted aftersales followup stays unfinished and upgrades the original ticket after reopening and order confirmation (1.827666ms)
✔ bot resumption collects a missing followup order and still offers application intake (0.589125ms)
✔ a case with followup history cannot be silently merged into another accepted order (1.229417ms)
✔ followup acceptance requires complete structured fields and validates marker shape without changing legacy acceptance (0.892042ms)
✔ followup upgrades respect staff ownership while a customer confirmation preserves the assigned owner and callback (0.752625ms)
✔ a verified suggestion reply keeps the exact citation after knowledge changes (0.287708ms)
✔ closing one issue rejects contradictory target times for its shared followup ticket atomically (0.916083ms)
✔ an order reply rejects changed or unrelated facts while ordinary manual replies remain available (0.935083ms)
ℹ tests 716
ℹ suites 0
ℹ pass 716
ℹ fail 0
ℹ cancelled 0
ℹ skipped 0
ℹ todo 0
ℹ duration_ms 629.260292
