✔ new commerce workspace persists independently without reading or writing old V4 data (8.248542ms)
✔ existing commerce raw data wins over seed and roundtrips user history (4.481375ms)
✔ damaged existing commerce data is preserved: "" (0.108667ms)
✔ damaged existing commerce data is preserved: "{broken" (0.051334ms)
✔ damaged existing commerce data is preserved: "{\"schema\":5}" (0.051541ms)
✔ initial save failure blocks entry without changing old data or inventing success (0.24ms)
✔ initial readback failure preserves the newly written raw value for recovery (0.175084ms)
✔ an existing target appearing during initialization is never overwritten (0.697375ms)
✔ dispatch save failure and stale page both preserve current business state (1.156584ms)
✔ commerce validation rejects negative amount without resetting the saved value (2.756875ms)
✔ commerce validation rejects fractional amount without resetting the saved value (0.759167ms)
✔ commerce validation rejects unsafe amount without resetting the saved value (2.071584ms)
✔ commerce validation rejects duplicate item without resetting the saved value (1.1385ms)
✔ commerce validation rejects cross-order allocation without resetting the saved value (0.635791ms)
✔ commerce validation rejects excess package quantity without resetting the saved value (0.214125ms)
✔ commerce validation rejects missing allocation without resetting the saved value (0.165666ms)
✔ commerce validation rejects payment amount mismatch without resetting the saved value (0.130542ms)
✔ commerce validation rejects missing provenance without resetting the saved value (1.965791ms)
✔ commerce validation rejects unsupported currency without resetting the saved value (0.229334ms)
✔ post-write read exception enters recovery and retains the bytes already saved (0.314041ms)
✔ commerce customer shows a single order with item amounts, paid status and two packages (57.841834ms)
✔ desktop facts modal gives the selected package/item and never another customer (8.996833ms)
✔ mobile and desktop query the same order and the mobile dialog stays inside the phone (14.620583ms)
✔ commerce entry never alters old V4 raw data or old draft cache (22.258708ms)
✔ broken commerce raw value has a recovery screen instead of replacing it with samples (4.455916ms)
✔ system administrator can find the byte-preserving V4 export (5.456125ms)
✔ agent adopts and sends the actual commerce query snapshot through the real UI events (24.218667ms)
✔ commerce sample has one customer order, two items and two separate packages (6.711375ms)
✔ payment and package queries have independent scopes and explicit fact provenance (1.188167ms)
✔ customer cannot query foreign or missing commerce order: EC-SO20261005009 (0.841792ms)
✔ customer cannot query foreign or missing commerce order: NOT-FOUND (0.7485ms)
✔ item/package filters reject foreign references instead of guessing an object (1.382459ms)
✔ querying one item leaves the other item and all business records unchanged (0.487625ms)
✔ payment failed never becomes unpaid or a definite paid amount (0.803917ms)
✔ payment unknown never becomes unpaid or a definite paid amount (1.001542ms)
✔ public projections do not include internal payment/package properties or another customer (1.259458ms)
✔ chat understands the independent commerce order prefix and explains both packages (7.870125ms)
✔ signed-but-not-received is an unresolved request even when tracking can be queried (3.262375ms)
✔ agents must own the actual customer conversation before querying commerce facts (0.873375ms)
✔ existing whole-order intake cannot register a commerce aftersale before the item flow exists (0.379208ms)
✔ business exception cannot be completed by a generic tracking reply: 显示签收但没有收到 (0.2325ms)
✔ business exception cannot be completed by a generic tracking reply: 杯子碎了 (0.161667ms)
✔ business exception cannot be completed by a generic tracking reply: 快递丢了 (0.153ms)
✔ business exception cannot be completed by a generic tracking reply: 物流异常 (0.313167ms)
✔ business exception cannot be completed by a generic tracking reply: 支付失败 (0.145042ms)
✔ business exception cannot be completed by a generic tracking reply: 商品和描述不一样 (2.819417ms)
✔ business exception cannot be completed by a generic tracking reply: 卡上扣了两笔钱 (0.174833ms)
✔ a simple polite payment query still returns verified commerce facts (0.265583ms)
✔ supplying an order in a later turn cannot erase the unresolved description: 查物流，物流异常 (1.178708ms)
✔ supplying an order in a later turn cannot erase the unresolved description: 查支付，支付失败 (0.288334ms)
✔ a plain query without an order can collect the order in a later turn (0.367958ms)
✔ AI continuation refuses incomplete commerce facts rather than replying from an order summary (1.6405ms)
✔ SOP logistics recognizes a successful commerce query and keeps failed queries unfinished (0.956334ms)
✔ commerce built-in regression uses actual sample IDs and the current intake boundary (0.894334ms)
✔ default V4 cannot pretend to answer a payment question with a logistics summary (0.290208ms)
✔ commerce order reply snapshots include package facts and reject a stale copied reply (1.597ms)
✔ new defaults use neutral identities and greeting (13.46025ms)
✔ fresh customer greeting has no made-up personal salutation (0.120959ms)
✔ legacy defaults update without mutating the input (1.721333ms)
✔ copy update preserves record identities, ownership, timestamps and statuses (0.698125ms)
✔ customer and staff text is never globally replaced (1.865541ms)
✔ only first bot welcome is replaced, not quoted or authored copies (1.573208ms)
✔ custom names, email, knowledge drafts and sources are preserved (1.472958ms)
✔ non-bundled customer records are not relabeled (1.2195ms)
✔ copy upgrade is idempotent and preserves current seeds (5.050125ms)
✔ default knowledge source changes invalidate affected cached publish tests (1.080333ms)
✔ store preserves a byte-exact backup before updating saved defaults (0.942958ms)
✔ backup failure blocks migration without replacing existing records (0.356666ms)
✔ save failure retains original state and backup (0.276542ms)
✔ a conflicting tab change prevents migration overwrite (0.3385ms)
✔ unrelated storage and draft keys are not touched (0.244875ms)
✔ runtime templates contain no old branding or fake salutations (0.5665ms)
✔ retry after a failed migration backs up the latest original without replacing an earlier backup (0.491875ms)
✔ same-name custom identities retain their audit attribution and ambiguous labels are preserved (0.185625ms)
✔ changing bundled knowledge dependencies invalidates other article checks without editing drafts (0.242167ms)
✔ custom author names matching object properties survive serialization (0.465625ms)
✔ new request after an agent result remains actionable (closed=false) (18.660125ms)
✔ new request after an agent result remains actionable (closed=true) (3.117042ms)
✔ collected order reuses original aftersales issue and ticket: SO20260926001 (4.5345ms)
✔ collected order reuses original aftersales issue and ticket: 申请退货 SO20260926001 (1.193375ms)
✔ seed and empty workspaces are valid (2.296916ms)
✔ broken or foreign pending case references block loading without replacing saved data (0.966042ms)
✔ ticket command rejects a second active aftersales case for the same customer order (1.987375ms)
✔ order collection stops after agent completeCase (0.490375ms)
✔ order collection stops after agent createTicket (0.351625ms)
✔ deterministic regression reports 12 real checks passing (1.019958ms)
✔ FAQ completes a case without making a ticket or fabricating customer confirmation (0.176667ms)
✔ customer explicitly confirms FAQ separately (0.162791ms)
✔ declining human handoff is not routed to a human (0.107042ms)
✔ explicit handoff has precedence over order lookup (0.103916ms)
✔ keyword compounds are not mistaken for handoff intent (0.044792ms)
✔ multiple requests create separate issues but no unconfirmed ticket (0.133042ms)
✔ requests for different orders require manual matching instead of binding both to the first (0.259542ms)
✔ order lookup can continue after a knowledge interruption (0.684ms)
✔ aftersales order collection continues after knowledge interruption (0.458375ms)
✔ other customer orders are denied, not exposed (0.287ms)
✔ read-only test faults return orderFailure without business mutation (0.067167ms)
✔ ambiguous competing knowledge escalates, not random selection (0.08725ms)
✔ expired knowledge cannot answer (0.045208ms)
✔ unpublished knowledge cannot answer (0.17725ms)
✔ no robot replies once human owns the conversation (0.181792ms)
✔ queued messages remain available without robot interference (0.106709ms)
✔ another agent cannot reply to an owned conversation (0.232667ms)
✔ duplicate conversation claim is denied (0.188333ms)
✔ internal note does not count as first human response (0.157292ms)
✔ public reply alone cannot complete a case (0.237291ms)
✔ recorded human outcome requires both conclusion and private evidence (0.346667ms)
✔ closing keeps historic ownership instead of losing My History (0.329292ms)
✔ new handoff cycle resets SLA first response and retains historic case (0.278291ms)
✔ role command boundaries: agents cannot publish and operators cannot reply (0.150042ms)
✔ role impersonation mismatching staff record is denied (1.407ms)
✔ all customer write commands reject foreign records (1.322291ms)
✔ ticket creation requires explicit final confirmation (0.2265ms)
✔ customer cannot submit an unverified order (0.20125ms)
✔ ticket same request key is idempotent (0.229666ms)
✔ same request key cannot be reused for different content (0.256875ms)
✔ same issue keeps its active ticket even with a different request key (0.153041ms)
✔ repeat aftersales request in a new conversation reuses the original issue (0.191584ms)
✔ ticket claimant owns modifications; another agent is denied (0.249791ms)
✔ manager reassignment changes rights, not original receipt time (0.326667ms)
✔ conversation reassignment prevents former owner from replying (0.245917ms)
✔ customer supplements a waiting ticket without creating a new one (0.193416ms)
✔ ticket completion requires evidence and is not automatic customer confirmation (0.545125ms)
✔ customer dispute reopens same ticket and preserves receipt time and outcome (0.317584ms)
✔ customer projection strips private notes, result evidence and unrelated data (0.237041ms)
✔ ticket history public projection strips internal fields (0.350083ms)
✔ no bypassing an existing ticket via conversation completion (0.302416ms)
✔ independent staff ticket does not fabricate a conversation (0.064959ms)
✔ capacity and offline availability prevent claims (0.3495ms)
✔ team data scope is enforced for commands and projections (0.260041ms)
✔ related tickets owned by a colleague are visible only as linked context (0.338042ms)
✔ knowledge publication requires testing and preserves previous answer snapshot (1.616208ms)
✔ changing dependency invalidates an earlier publication test (1.709541ms)
✔ failed negative test blocks knowledge publication (0.884084ms)
✔ flow publication affects new conversations, not existing snapshots (0.457583ms)
✔ required explicit-human boundary cannot be disabled (0.171ms)
✔ quality closure needs original query replay and published revised knowledge (1.872ms)
✔ quality cannot link unreviewed gap or accept unrelated knowledge (1.394625ms)
✔ read-only export does not mutate audit or revision (0.37675ms)
✔ saved workspace roundtrip preserves business identities (0.734541ms)
✔ storage failure leaves memory and saved data unchanged (0.500667ms)
✔ stale-tab writes fail instead of replacing another tab change (0.179916ms)
✔ invalid JSON is preserved and no new seed overwrites it (0.093917ms)
✔ invalid relationships are rejected, not rendered with invented missing data (0.687125ms)
✔ old version storage is never overwritten or silently migrated (0.105875ms)
✔ storage permission failures become a blocked workspace (0.049792ms)
✔ 初始样例结构完整，事项计数与会话计数分开 (9.045375ms)
✔ 空消息不写入会话或执行记录 (0.332375ms)
✔ 空白或超长消息校验采用Unicode码点 (40.832042ms)
✔ A01 不要转人工不触发人工分支 (2.4125ms)
✔ A02 通用政策不强制索要订单号 (0.675042ms)
✔ A03 退款诉求不能被订单号劫持为查询 (0.303792ms)
✔ A04 订单查询和商品知识作为两件事响应 (0.665291ms)
✔ 物流与售后申请同时保留，受理前没有工单 (3.251292ms)
✔ 明确不想退款只回答咨询，不能创建申请 (1.029834ms)
✔ 单纯进入页面不属于引擎创单行为 (0.303791ms)
✔ 查询缺订单号时先采集 (0.438416ms)
✔ 插问不会清空原采集事项，补订单号仍回到原事项 (1.119916ms)
✔ 跨轮采集结果经JSON还原仍可继续 (0.688ms)
✔ 未知订单不伪造卡片，保留可复核线索 (0.464708ms)
✔ 查询出错后直接更正订单号复用同一采集事项 (0.425459ms)
✔ 未知知识合理拒答，不能计为已解决 (0.535541ms)
✔ 人工与等待期间只保留消息，机器人不抢答 (0.68775ms)
✔ 未接管不能回复，另一坐席不能代当前坐席回复 (0.3595ms)
✔ A08 满载拒绝接管；叠加查询超时仍保留信息与留单出口 (6.464083ms)
✔ 真实本地占用达到容量后不能继续接管 (0.250834ms)
✔ A07 旧会话转人工读取实时离线而非流程快照 (0.170083ms)
✔ 接管后离线释放处理权，旧坐席不能继续发送 (0.160708ms)
✔ 重复接管只会成功一次 (0.136375ms)
✔ 取消排队不取消人工事项，也不清除人工介入历史 (0.142208ms)
✔ 未完成事项不能因结束聊天被解决 (0.163875ms)
✔ 分项确认仅改变当前事项，办理仍未解决 (0.150583ms)
✔ A05 未完成工单阻止该事项确认，整体确认不能越过待办 (0.229083ms)
✔ 没有结果依据不显示可确认状态 (0.118625ms)
✔ 已结束咨询拒绝普通消息，不会隐式重开 (0.096125ms)
✔ 跨会话关联保留原事项与首次受理时间 (1.081875ms)
✔ 跨客户关联的本地负例被拒绝，非真实安全验收 (0.247958ms)
✔ 售后申请未确认前仅是预览，不自动建单 (0.161875ms)
✔ 工单必须归属明确事项，多事项不默认合并 (0.174833ms)
✔ 重复受理按事项拦截，不靠同名标题 (0.494958ms)
✔ 无效标题或工单归属失败不创建业务对象 (0.274625ms)
✔ 工单必须指定负责人，不能从待分配直接完成 (0.1895ms)
✔ 完成必须有结果证据，不能只点击完成按钮 (0.173125ms)
✔ 工单完成后事项待确认，只有客户确认才解决 (0.219875ms)
✔ 内部备注和内部证据不写入客户消息 (0.242458ms)
✔ A09 结束咨询后仍可补工单，聊天保持结束 (0.196792ms)
✔ 原负责人离线，客户补充后回到待分配并保留材料 (0.178666ms)
✔ 重复补充不能重复推进工单状态 (0.159375ms)
✔ 撤销工单不会自动撤销或解决原服务需求 (0.143583ms)
✔ A11 未解决异议立即重开事项，工单标异议待核 (0.218292ms)
✔ 异议成立重开原工单不增加工单或受理量 (0.222958ms)
✔ 异议不成立恢复原解决时间，不增加一次解决 (0.358667ms)
✔ 草稿、停用、未来和过期知识不参与正式检索 (0.263209ms)
✔ 适用范围不匹配的知识不进入答案 (0.107334ms)
✔ 同等匹配且答案冲突时拒绝选第一条答案 (0.172875ms)
✔ 编辑知识仅保存草稿，不改变历史答案或现行内容 (0.151584ms)
✔ 知识无变化保存不增版本 (0.084791ms)
✔ 知识必需来源、维护人和有效时效 (0.113084ms)
✔ 知识必须回归后发布，发布后前台命中 (3.121083ms)
✔ 知识测试后修改答案导致发布依据失效 (2.3795ms)
✔ 重复标准问题与重叠时效不能直接发布 (0.184166ms)
✔ A06 紧急停用对旧会话下一问立即生效，历史原文保留 (0.276667ms)
✔ 已撤销依据不能继续确认此前的知识事项 (1.320958ms)
✔ 流程草稿不影响已发布会话，草稿试验不产生服务数据 (10.230375ms)
✔ 发布必须有当前草稿完整回归，单条simulate不算 (0.259042ms)
✔ A13 回归后改流程参数，旧依据失效 (4.232125ms)
✔ 发布后新会话绑定新流程，旧会话仍保留旧流程 (1.852916ms)
✔ 售后受理配置关闭后新会话不开放自助申请 (2.24ms)
✔ 流程回滚生成新版本并保留历史，不覆盖旧记录 (4.624333ms)
✔ 无变化禁止重复发布，无效配置不会写半次消息 (0.91375ms)
✔ 紧急停用工具即时阻断旧流程，不伪造成功结果 (6.472084ms)
✔ 本地归属负例不暴露订单存在性 (0.595083ms)
✔ 确认质量问题必须填写根因和责任人 (0.810542ms)
✔ A10 无整改措施及验证不能关闭质量问题 (0.884208ms)
✔ 知识整改：线索→分派→草稿→回归→发布→原问题验证→验收 (1.974084ms)
✔ 验证后知识停用，整改验收依据失效 (3.361125ms)
✔ 本地发布回归完整执行且不创建业务事项 (1.591917ms)
✔ 无结果依据、无反馈保持待确认，不冒充生产解决率 (0.175333ms)
✔ 转接摘要包含独立事项、工单与原始信息 (0.942959ms)
✔ 二轮复审：不要机器人、请转人工不能误判为拒绝人工 (0.145708ms)
✔ 二轮复审：转人工接续现有售后事项，不虚增第三个需求 (0.192708ms)
✔ 二轮复审：相同提交标识的精确重放返回原工单 (0.186709ms)
✔ 二轮复审：受理确认时更正订单线索，事项与工单必须一致 (0.138875ms)
✔ 二轮复审：UI与发布门槛使用相同的测试有效性检查 (4.361959ms)
✔ 人工完成知识咨询工单后，客户可以确认并对结果提出异议 (0.229ms)
✔ 关闭自助售后拦截客户提交和改分类绕过，保留客服受理 (14.456833ms)
✔ 关闭自助售后不影响其他问题留单和旧会话的已发布配置 (2.811292ms)
✔ 同事项两张历史工单异议均不成立时，恢复原确认时间 (0.362792ms)
✔ 同事项任一工单异议成立后，剩余异议驳回不能代替客户再次确认 (0.260042ms)
✔ 异议成立的工单撤销后，其他异议驳回仍保留未解决事项 (0.205833ms)
✔ 重新完成的工单再次收到异议，最后复核该工单仍可等待客户确认 (0.5215ms)
✔ 三轮复审：否定转人工的常见说法不进入人工队列 (0.710459ms)
✔ 三轮复审：人工智能、人工费等构词不是转人工诉求 (0.181292ms)
✔ 三轮复审：只命中一个泛关键词不作答，转为未命中线索 (0.294291ms)
✔ 三轮复审：售后政策类新 FAQ 可回归、可发布、可命中 (4.10575ms)
✔ 三轮复审：多事项里的商品咨询按原句检索，不套用固定商品 (0.664042ms)
✔ 三轮复审：新 FAQ 抢答存量问句时草稿回归不通过，不能发布 (1.488458ms)
✔ 三轮复审：流程改动让存量 FAQ 失效时发布回归不通过 (1.83775ms)
✔ 三轮复审：补订单号的自然说法回填原查询事项 (0.4875ms)
✔ 三轮复审：待补订单号的售后事项接收订单号，不另建事项 (1.325625ms)
✔ 三轮复审：质问或反问要人工仍然转人工，只有明确拒绝才不转 (0.430583ms)
✔ 默认流程结构完整，默认行为通过原有服务回归 (47.141459ms)
✔ 条件与连线决定实际路径，同类问题得到不同结果 (1.150542ms)
✔ 重接同一端口替换旧连线，立即改变运行结果 (0.958167ms)
✔ 同类型节点的参数独立，超时节点不会改动正常节点 (1.304125ms)
✔ 自定义回复按实际路径输出，不伪造订单或解决证据 (0.468042ms)
✔ 即使完成了查询，绕过结果回复也不会生成可确认的证据 (0.383333ms)
✔ 上游结果可以作为条件输入，不存在的结果按空值判断 (0.606542ms)
✔ 缺少任一输出连接时禁止运行，真实服务状态保持原样 (1.5695ms)
✔ 自连、回连、连接开始节点均被拦截，旧连线不丢失 (0.294125ms)
✔ 导入形状中的环路、重复端口与悬空连线不能绕过运行校验 (0.65475ms)
✔ 删除节点同步移除相关线，并暴露新断点 (0.256917ms)
✔ 孤立节点、缺少开始、多个开始和缺少结束都有可定位错误 (0.356583ms)
✔ 条件空值、节点空名称及无效配置在运行前报错 (0.859875ms)
✔ 移动节点不使回归失效，修改连线和参数都会失效 (4.518ms)
✔ 只修改布局保存为草稿，不制造业务版本变化 (0.290584ms)
✔ 新会话执行发布的图，旧会话继续执行自己的图快照 (8.0045ms)
✔ 图可完整 JSON 保存恢复，恢复历史版本生成新快照 (6.170125ms)
✔ 旧 V3.1 数据只补流程图，既有会话、知识和工单保持原样 (2.841792ms)
✔ 旧发布记录没有图时，回滚仍能得到可编辑的图 (5.041208ms)
✔ 节点关闭售后或绕过受理输出，客户不能绕开节点直接建单 (3.826125ms)
✔ 每一步记录真实节点与边，未经过的节点不会出现在轨迹里 (0.417667ms)
✔ 自助表单更换订单不能绕过该订单的画布分支，拒绝时无副作用 (4.876667ms)
✔ 同事项最新一轮转人工后，历史售后预览不能继续授权自助提交 (2.083917ms)
✔ 其他事项的后续问答不撤销原事项仍有效的售后预览 (2.291333ms)
✔ 新增查询节点的超时进入坐席摘要，旧节点轨迹仍可读取 (4.302167ms)
✔ 默认客户问答、订单与来源不带展示环境文案 (7.026625ms)
✔ 客户查询与售后仍是两个事项，登记工单不等于完成售后 (1.980792ms)
✔ 数据兼容不改写人工消息或自定义知识 (5.239084ms)
✔ 产品页面移除演讲入口，售后表单使用已定义的访客变量 (1.855292ms)
✔ 恢复初始配置不会重新填充历史业务记录 (12.142916ms)
✔ 内置旧引用升级，自定义 FAQ 的历史回复和证据逐字保留 (4.349625ms)
✔ each service metric drills into the exact projected case set and keeps execution separate from resolution (41.250833ms)
✔ the manager approval queue includes only requests awaiting review and names the next responsibility (3.210666ms)
✔ administrator simulated events target one application and the next receipt version, without approving it (8.909292ms)
✔ schema5 knowledge carries item and rule scope, while a stale evaluation cannot unlock publication (6.984459ms)
✔ flow evaluation renders recorded failures and leaves business and notification remediation outside knowledge publishing (6.441209ms)
✔ actual query metric opens its saved business evidence (89.42375ms)
✔ published knowledge can run actual whole workflow evaluation without a draft (33.753708ms)
✔ manager can process an expired handoff through the real UI (41.520167ms)
✔ commerce application is attached to a selected item and requires a customer confirmation (15.913417ms)
✔ changing application fields requires another preview and preserves the reason (6.652166ms)
✔ phone application failure stays inside the phone and restores its editable draft after reload (11.795334ms)
✔ a failed formal save keeps the confirmation form and never claims that the application exists (11.972584ms)
✔ customer progress counts independent matters and public detail hides the handoff summary (19.031834ms)
✔ real UI events separate approval, return, warehouse, refund, notification and customer feedback (136.993375ms)
✔ return and supplement forms retain rejected input while the customer can continue the original matter (17.3895ms)
✔ commerce service drafts leave the default V4 record and draft cache byte unchanged (13.539833ms)
✔ handoff is visible to its target while the source keeps ownership until acceptance (23.718375ms)
✔ the service ticket pool acquires matter responsibility and keeps conversation ownership separate (19.871583ms)
✔ preview does not reserve, register or submit; explicit confirmation creates one item application (10.015083ms)
✔ same confirmation replays original receipt; changed content with same id is rejected (1.791917ms)
✔ changed facts and another request after reservation require recheck, not another application (1.760709ms)
✔ ownership, payment facts, quantity and material guard are checked before preview (1.326417ms)
✔ two named product requests are independently bound and neither exception is completed by lookup (3.928ms)
✔ policy question does not trigger a business application; request is only collected until confirmed (2.34775ms)
✔ agent cannot approve or simulate a payment; admin cannot grant business approval (0.97375ms)
✔ approval and physical receipt are independent from warehouse acceptance and refund (2.223ms)
✔ happy return ends only on simulated refund result; second product and payment remain unchanged (4.401042ms)
✔ unknown refund queries original request and cannot be done, retried or released (4.948916ms)
✔ same obligation never pays twice, repeated and older receipt do not rewrite success (1.452ms)
✔ supplement returns to review without erasing approval history or extending original deadline (0.589667ms)
✔ rejection or confirmed safe withdrawal releases only unused reservation (2.470334ms)
✔ notification failure does not change refund success or invent customer satisfaction (11.607875ms)
✔ dispute reopens original service, preserving successful refund and consumed allowance (5.7215ms)
✔ handoff keeps original owner until target accepts with version; old owner loses rights (4.558542ms)
✔ handoff updated context requires recheck and timeout preserves responsibility (1.650958ms)
✔ handoff summary and public projection keep facts and decisions while hiding internal review (0.707458ms)
✔ completeCase, SOP overrides and old intake cannot bypass a formal service result (0.745041ms)
✔ workflow eval executes all multi-turn branches on isolated copies without mutating business data (13.250291ms)
✔ knowledge test includes whole workflow and scope/versions invalidate publish (23.3915ms)
✔ nonknowledge issue cannot be closed by merely publishing knowledge (3.583291ms)
✔ metric memberships allow all counts to be recalculated and human business steps exclude AI-only (6.882833ms)
✔ unresolved rejection dispute cannot hide a second application under the same case (1.080292ms)
✔ passing flow evaluation remains publishable and configuration changes invalidate it (38.113834ms)
✔ item scope is checked against the full policy question including box aliases (32.642125ms)
✔ notification remediation requires the original delivery receipt, not a completed refund (21.5135ms)
✔ policy response uses executable rule amounts and prerequisites even with a misleading draft (23.963042ms)
✔ a policy dependency expiring after testing blocks publication (12.285167ms)
✔ higher-version safety evidence can terminate an already failed refund without changing its outcome (1.132875ms)
✔ item handoff protects generic commands and enables public replies by the new owner (5.9055ms)
✔ explicit foreign or mismatching orders cannot silently bind a product request to the sample order (1.419375ms)
✔ negated defects and completed applications cannot produce phantom pending work (1.456416ms)
✔ evaluation of a published article uses its live version when no draft exists (12.163708ms)
✔ routing remediation rechecks every original product matter instead of only the last one (19.863208ms)
✔ an assigned matter can receive public followup after its conversation closes (2.575625ms)
✔ short policy questions and human suggestions share the same executable policy answer (32.943334ms)
✔ 返修 run.py sends no-store on successful, conditional and missing resources (104.096167ms)
✔ F1 pure social: 你好 (9.382166ms)
✔ F1 pure social: 在吗 (0.84175ms)
✔ F1 pure social: 谢谢 (0.580833ms)
✔ F1 pure social: 好的 (0.360083ms)
✔ F1 pure social: 您好！ (0.225916ms)
✔ F1 pure social: 谢谢你，辛苦了。 (0.227125ms)
✔ F1 pure social: 嗯嗯，收到 (0.149083ms)
✔ F1 pure social: 明白了 (0.127ms)
✔ F1 pure social: OK (0.488875ms)
✔ F1 pure social: hello (0.197667ms)
✔ F1 pure social: 您好呀 (0.138083ms)
✔ F1 pure social: 好的，谢谢您 (0.144875ms)
✔ F1 mixed business preserves routing: 你好，七天无理由退货有什么条件？ (0.831083ms)
✔ F1 mixed business preserves routing: 谢谢，查物流 SO20260926001 (0.183917ms)
✔ F1 mixed business preserves routing: 好的，我要换货 SO20260926001 (0.35925ms)
✔ F1 mixed business preserves routing: 你好，我要人工 (0.164292ms)
✔ F1 mixed business preserves routing: 谢谢，礼品卡可以分多次使用吗？ (0.171667ms)
✔ F1 mixed business preserves routing: 好的，不要转人工，我只问退货规则 (0.133083ms)
✔ F1 mixed business preserves routing: 谢谢不用退货了，查物流 SO20260926001 (0.121959ms)
✔ F1 thanks after an answer leaves the result, feedback and issue counts intact (1.206209ms)
✔ F1 social preserves queued state and existing issues (0.534417ms)
✔ F1 social preserves human state and existing issues (0.594125ms)
✔ F1 social preserves closed state and existing issues (1.789459ms)
✔ F1 social keeps pending order collection and does not schedule another AI reply (1.872292ms)
✔ F1 greetings from multiple customers create no knowledge gaps (0.439584ms)
✔ F1 configured handoff still takes precedence over a social phrase (0.149917ms)
✔ F1 explicit AI refusal survives polite messages across conversation states (4.207459ms)
✔ F8 completed support has no leftover; closing preserves result and done snapshot without tickets (0.555125ms)
✔ F8 public reply confirms the sole issue but an internal note does not (0.470583ms)
✔ F8 public answer confirmation survives a later issue in the same conversation (0.414208ms)
✔ F8 reply is attributed to the selected issue and rejects unrelated issue ids (39.686167ms)
✔ F8 reply uses the displayed default issue when no problem tab was clicked (12.080542ms)
✔ F1 long mixed acknowledgement does not block classification (86.480709ms)
✔ F8 refuses forged na for a completed issue atomically (0.71625ms)
✔ F8 refuses forged withdrawn for a completed issue atomically (0.225083ms)
✔ F8 completed order is excluded while unfinished issues still require tracked dispositions (0.613959ms)
✔ F8 closing UI shows no disposition for completed issues and preserves defaults for open ones (30.027958ms)
✔ 续修 social false: 88 (6.092042ms)
✔ 续修 social false: 8886 (0.648292ms)
✔ 续修 social false: 回头见 (2.393958ms)
✔ 续修 social false: 下次见啦 (0.583791ms)
✔ 续修 social false: 谢谢亲 (0.423ms)
✔ 续修 social false: 多谢小姐姐呀 (0.355208ms)
✔ 续修 social false: 感谢客服小哥哥 (0.384042ms)
✔ 续修 social false: 行 (0.262083ms)
✔ 续修 social false: 行呀 (0.161292ms)
✔ 续修 social false: 早呀 (0.188708ms)
✔ 续修 social false: 早啊 (0.124375ms)
✔ 续修 social false: 嗨 (0.114708ms)
✔ 续修 social false: 嗨呀 (0.428625ms)
✔ 续修 social false: 回头见，谢谢亲 (0.281167ms)
✔ 续修 social true: 88 (1.328958ms)
✔ 续修 social true: 8886 (0.261875ms)
✔ 续修 social true: 回头见 (0.462459ms)
✔ 续修 social true: 下次见啦 (0.644541ms)
✔ 续修 social true: 谢谢亲 (0.161792ms)
✔ 续修 social true: 多谢小姐姐呀 (0.170708ms)
✔ 续修 social true: 感谢客服小哥哥 (0.162ms)
✔ 续修 social true: 行 (0.147583ms)
✔ 续修 social true: 行呀 (0.156042ms)
✔ 续修 social true: 早呀 (0.2555ms)
✔ 续修 social true: 早啊 (0.153416ms)
✔ 续修 social true: 嗨 (0.284708ms)
✔ 续修 social true: 嗨呀 (0.153917ms)
✔ 续修 social true: 回头见，谢谢亲 (0.196541ms)
✔ 续修 query: 查物流 EC-SO20261005001 (1.082333ms)
✔ 续修 query: 查支付 EC-SO20261005001 (0.401042ms)
✔ 续修 query: 查下订单 EC-SO20261005001 (0.119792ms)
✔ 续修 query: 嗨，查下订单 EC-SO20261005001，谢谢亲 (0.114833ms)
✔ 续修 query: 早呀，查下包裹 EC-SO20261005001，回头见 (0.356625ms)
✔ 续修 policy: 杯子坏了能退吗 (1.438541ms)
✔ 续修 policy: 杯子破损能退货吗 (0.399583ms)
✔ 续修 policy: 嗨，保温杯裂了能退吗，谢谢亲 (0.13825ms)
✔ 续修 keep business: 行，我要人工 (0.124917ms)
✔ 续修 keep business: 早呀，帮我退货 (0.06725ms)
✔ 续修 keep business: 谢谢亲，我的包裹没到 (0.062833ms)
✔ 续修 keep business: 嗨，礼品卡能分次用吗 (0.08425ms)
✔ 续修 keep business: 回头见，我的钱扣了两次 (0.063375ms)
✔ 续修 keep business: 杯子坏了能退吗，袋子没到 (0.069417ms)
✔ 续修 numeric goodbye does not strip order suffix (0.406625ms)
✔ 审查 social: 谢啦亲 (0.339292ms)
✔ 审查 social: 谢了老板 (0.192042ms)
✔ 审查 social: 好哇 (0.214875ms)
✔ 审查 social: 好咧 (0.133375ms)
✔ 审查 social: 谢谢你们 (0.140041ms)
✔ 审查 social: 再会 (0.122ms)
✔ 审查 mixed policy: 保温杯破损怎么退，卡上扣了两笔钱 (0.751708ms)
✔ 审查 mixed policy: 保温杯破损怎么退，我的钱被扣了两次 (0.441792ms)
✔ 审查 mixed policy: 保温杯破损怎么退，退款还没到账 (0.481583ms)
✔ 审查 mixed policy: 保温杯破损怎么退，包裹没收到而且杯子坏了 (0.190292ms)
✔ 审查 mixed policy: 保温杯退货规则，订单地址错了 (0.151083ms)
✔ 审查 mixed policy: 保温杯怎么退，你们几点开门 (0.1785ms)
✔ 审查 intact alphanumeric ID: 20261005OK (0.1815ms)
✔ 审查 intact alphanumeric ID: HI (0.107709ms)
✔ 审查 intact alphanumeric ID: HELLO (0.53075ms)
✔ 审查 greeting with address preserves lookup (0.600042ms)
✔ 复验 separate English social suffix: ok (0.273083ms)
✔ 复验 separate English social suffix: okay (0.129166ms)
✔ 复验 separate English social suffix: hi (0.116541ms)
✔ 复验 separate English social suffix: hello (0.115875ms)
✔ 复验 declining human preserves pure policy (0.117083ms)
✔ 返修 social v4: 好嘞 (8.586459ms)
✔ 返修 social v4: 谢啦 (0.64225ms)
✔ 返修 social v4: 好滴 (0.420917ms)
✔ 返修 social v4: 哈喽 (0.347458ms)
✔ 返修 social v4: 拜拜 (0.44575ms)
✔ 返修 social v4: 再见 (0.553375ms)
✔ 返修 social v4: 没事了 (1.068042ms)
✔ 返修 social v4: 不用了谢谢 (0.369958ms)
✔ 返修 social v4: 您好哟 (0.173292ms)
✔ 返修 social v4: 谢谢您啦 (0.172791ms)
✔ 返修 social v4: 多谢哈 (0.116959ms)
✔ 返修 social v4: 明白啦 (0.119167ms)
✔ 返修 social v4: 知道啦 (0.093917ms)
✔ 返修 social v4: 嗯嗯，好哒 (0.094042ms)
✔ 返修 social v4: 再见咯 (0.098084ms)
✔ 返修 social v4: 拜拜啦 (0.089458ms)
✔ 返修 social v4: 不需要了，谢谢 (0.09375ms)
✔ 返修 social v4: 没问题，谢谢呀 (0.099625ms)
✔ 返修 social commerce: 好嘞 (1.722ms)
✔ 返修 social commerce: 谢啦 (0.842833ms)
✔ 返修 social commerce: 好滴 (0.2595ms)
✔ 返修 social commerce: 哈喽 (0.187292ms)
✔ 返修 social commerce: 拜拜 (0.156709ms)
✔ 返修 social commerce: 再见 (0.182875ms)
✔ 返修 social commerce: 没事了 (0.276792ms)
✔ 返修 social commerce: 不用了谢谢 (0.182042ms)
✔ 返修 social commerce: 您好哟 (0.206583ms)
✔ 返修 social commerce: 谢谢您啦 (0.176375ms)
✔ 返修 social commerce: 多谢哈 (0.166125ms)
✔ 返修 social commerce: 明白啦 (0.147666ms)
✔ 返修 social commerce: 知道啦 (0.399541ms)
✔ 返修 social commerce: 嗯嗯，好哒 (0.141416ms)
✔ 返修 social commerce: 再见咯 (0.135292ms)
✔ 返修 social commerce: 拜拜啦 (0.133917ms)
✔ 返修 social commerce: 不需要了，谢谢 (0.145958ms)
✔ 返修 social commerce: 没问题，谢谢呀 (0.148209ms)
✔ 返修 mixed lookup: 你好，我的快递到哪了 (1.099666ms)
✔ 返修 mixed lookup: 您好，包裹到哪了 (0.349042ms)
✔ 返修 mixed lookup: 你好，查一下我的订单 (0.342625ms)
✔ 返修 mixed lookup: 你好，查一下包裹 EC-SO20261005001 (2.466208ms)
✔ 返修 mixed lookup: 哈喽呀，请查物流 EC-SO20261005001，谢谢啦 (9.024125ms)
✔ 返修 mixed lookup: 谢谢您，查一下我的订单 EC-SO20261005001，再见 (0.509583ms)
✔ 返修 policy: 保温杯破损怎么退 (0.838541ms)
✔ 返修 policy: 签收后发现杯子破了可以退吗 (0.239333ms)
✔ 返修 policy: 杯子坏了能不能退货 (0.166875ms)
✔ 返修 policy: 保温杯破损退货流程 (0.342042ms)
✔ 返修 policy: 保温杯碎了如何退货 (0.175084ms)
✔ 返修 preserve handoff: 你好，我要人工 (0.182083ms)
✔ 返修 preserve handoff: 好嘞，请转人工客服 (0.130792ms)
✔ 返修 preserve handoff: 谢谢，礼品卡可以分多次使用吗？ (0.174416ms)
✔ 返修 preserve handoff: 你好，包裹没收到 (0.142292ms)
✔ 返修 preserve handoff: 谢啦，我的包裹停滞了 (0.144542ms)
✔ 返修 preserve intake: 我要退货，杯子碎了 (0.3245ms)
✔ 返修 preserve intake: 保温杯破损，我想退货怎么申请 (0.171291ms)
✔ 返修 preserve intake: 帮我退货，保温杯坏了 (0.142792ms)
✔ 返修 preserve intake: 申请保温杯退货流程 (0.146625ms)
✔ 返修 farewells preserve queued/human/closed states and completed records (0.503375ms)
✔ 返修 ecommerce mode without V4 reads: default (45.130875ms)
✔ 返修 ecommerce mode without V4 reads: ?rev=repair (6.209792ms)
✔ 返修 ecommerce mode without V4 reads: ?data=ecommerce (8.110291ms)
✔ 返修 explicit V4 entry shows old sample and leaves ecommerce value unchanged (15.903917ms)
✔ 返修 independent customer link keeps ecommerce:  (8.938375ms)
✔ 返修 independent customer link keeps v4: ?data=v4 (10.063958ms)
✔ 返修 independent customer link keeps ecommerce: ?data=ecommerce (9.276042ms)
✔ 返修 policy reply provides a working application entry without creating an application (12.787791ms)
✔ 返修 supported social composition: 哈喽哈喽 (1.196209ms)
✔ 返修 supported social composition: 哈喽，哈喽 (0.742209ms)
✔ 返修 supported social composition: 你好，哈喽 (0.671791ms)
✔ 返修 lookup intent before edge normalization: 你好，EC-SO20261005001，谢谢 (1.016541ms)
✔ 返修 lookup intent before edge normalization: 你好，哈喽，查物流 EC-SO20261005001 (0.303041ms)
✔ 返修 lookup intent before edge normalization: 你好，物流 (0.089542ms)
✔ 返修 preserve negated query: 不用查物流 EC-SO20261005001 (0.2365ms)
✔ 返修 preserve negated query: 不需要查支付 EC-SO20261005001 (0.169208ms)
✔ 返修 mixed policy keeps independent issue unresolved: 查询支付 EC-SO20261005001，我钱被扣两次了，保温杯破损怎么退 (0.512375ms)
✔ 返修 mixed policy keeps independent issue unresolved: 物流一直没更新，保温杯破损怎么退 (0.215125ms)
✔ 返修 mixed policy keeps independent issue unresolved: 收纳袋没到，保温杯破损怎么退 (0.556584ms)
✔ 关闭自助售后后客户事项无申请入口，坐席仍可受理 (32.603084ms)
✔ 客户新开咨询后仍可找回旧工单，历史列表不混入其他客户 (8.528083ms)
✔ 异常保存值不被覆盖，恢复导出逐字保留原始记录 (3.281ms)
✔ 真实旧状态升级先完整备份，备份失败则阻止持久化覆盖 (8.137458ms)
✔ 清空保存失败保留当前内存和原始存储 (3.198583ms)
✔ 草稿超时测试使用完整引擎且不改发布或草稿状态 (7.301459ms)
✔ 实时工具停用后旧草稿试问失效，重新试问使用当前状态 (7.484083ms)
✔ 接管占用改变后草稿试问不能保留旧容量结论 (3.0205ms)
✔ 作答门槛在检索试验、FAQ 表单和流程节点中可见 (3.526791ms)
✔ 旧 V3 本地数据不被沿用，也不被覆盖 (4.951708ms)
✔ 已选知识停用后仍显示原范围，仅修改名称不会扩大检索范围 (6.493417ms)
✔ 正常空间导出完整当前 JSON，并释放下载 URL (13.175666ms)
✔ 人工回复保存发送者身份，后续转派不会改写旧消息作者 (7.596959ms)
✔ 人工回复可通知客户，业务进度继续保留系统身份 (3.594958ms)
✔ 两端完整展示同一会话的所有消息，不遗漏其他事项回复或最早消息 (23.589667ms)
✔ 按发送时间排序，同一时间保留原始先后，读取不改变保存内容 (2.367375ms)
✔ 有首条人工回复时间证据的旧系统消息显示为人工，保存记录不被迁移 (2.071ms)
✔ 缺乏证据或时间冲突的旧系统消息不被猜成某个客服 (4.121292ms)
✔ 聊天回复不重复出现在业务事件，实际办理事件仍可查看 (1.57625ms)
✔ 客户、AI、人工与系统使用不同身份标签，正文与客服名均转义 (2.23ms)
✔ 消费者办理按钮不出现在工作台，关联事项仍可查看 (1.507209ms)
✔ 同事项关联新会话后，旧会话人工回复在事项时间线中仍可查看 (3.457083ms)
✔ 只有业务时间线的事项详情保留人工回复 (1.145834ms)
✔ V2 服务时间咨询命中知识；明确人工请求继续转人工 (6.425792ms)
✔ V2 收纳盒清洗使用本商品维护说明，杯子仍使用发布知识 (3.278209ms)
✔ V2 混合句中的他人商品与未知商品不撤销有效知识答复 (0.993917ms)
✔ V2 不一致的显式订单与商品先澄清，同订单商品可正常查询 (0.747084ms)
✔ V2 数据校验拒绝跨订单事项关系及无效保存版本 (0.439875ms)
✔ 初始关系：一单两件两包裹，待发货与未支付订单独立存在 (4.4635ms)
✔ 寒暄致谢不会创建业务事项 (2.878334ms)
✔ 知识答复没有用户反馈时不算解决 (1.660416ms)
✔ 明确解决反馈后知识问题才计AI独立解决 (0.663167ms)
✔ 混合句：清洗咨询与正常在途分别处理，不整句转人工 (0.621625ms)
✔ 混合句：知识答复完成后，仅异常包裹进入人工核实 (0.48075ms)
✔ 未知或他人订单不会撤销同句中已经能够回答的知识诉求 (0.250417ms)
✔ 两笔订单都有保温杯时先澄清，不自动选第一件退货 (0.247792ms)
✔ 正常在途不创建异常事项 (0.212375ms)
✔ 签收但未收到不凭轨迹办结 (1.1805ms)
✔ 订单级未收到存在两个包裹时先问具体商品 (0.23825ms)
✔ 选购咨询给出维护过的用途和规格，不直接下单 (0.232792ms)
✔ 价格库存使用商品来源与查询结果 (0.200333ms)
✔ 优惠资格核实：threshold (0.211584ms)
✔ 优惠资格核实：scope (0.128333ms)
✔ 优惠资格核实：expired (0.117291ms)
✔ 优惠资格核实：eligible (0.107917ms)
✔ 不可叠加优惠不错误判可用 (0.111583ms)
✔ 支付查询状态不与未支付混淆：failed (0.235666ms)
✔ 支付查询状态不与未支付混淆：unknown (0.141541ms)
✔ 支付查询状态不与未支付混淆：not_found (0.205583ms)
✔ 支付待核实不能取消或修改地址 (2.940917ms)
✔ 消费者无法读取他人订单或材料 (1.490041ms)
✔ 未核验访客仍可请求人工，但不能查个人订单 (1.186792ms)
✔ 不需要人工不会被关键词错误转人工 (0.492542ms)
✔ 无人在线仍保留责任组和下次反馈 (0.290541ms)
✔ 预览取消不产生申请或退款 (0.398459ms)
✔ 缺少材料按已发布规则阻断，无内部材料编码要求 (0.350041ms)
✔ 退货只占用杯子，不影响另一件商品及包裹 (1.260583ms)
✔ 重复确认返回原申请；不能再次创建同商品申请 (0.656791ms)
✔ 规则在预览后发布变更，确认需重新核对 (0.667417ms)
✔ 确认前仓库锁单变化，订单变更不产生假成功 (0.293833ms)
✔ 已支付取消：独立退款，无寄回验收 (1.60325ms)
✔ 未支付取消不生成退款 (0.347916ms)
✔ 修改地址需预览确认，变更之后可再次核对修改 (0.839ms)
✔ 已出库订单不能自助改址 (0.220542ms)
✔ 换货必须明确存在且有库存的目标规格 (1.076333ms)
✔ 换货寄回验收后停在履约协调，不产生退款和新包裹 (1.847084ms)
✔ 配件补发受理保存缺失内容，审核后不退款 (1.881ms)
✔ 另包在途不能直接按漏发申请补发 (0.796916ms)
✔ 仅退款经审核后直达退款，不要求虚构寄回 (1.388125ms)
✔ 审核通过展示完整寄回信息，仓库签收与验收不同 (1.470583ms)
✔ 验收异常—请求补件—补件—复核通过恢复退款节点 (1.651833ms)
✔ 审核拒绝后原申请可申请复核，不新建售后 (0.826708ms)
✔ 重复提交退款沿用原请求，未知结果保留占用 (1.438583ms)
✔ 成功、重复及过期回执不重复退款或倒退状态 (3.312833ms)
✔ 错误请求或金额的回执不改变退款结果 (2.877125ms)
✔ 退款失败不释放原商品占用，重试保留原请求 (2.138167ms)
✔ 退款成功后用户称未到账，重开原事项而非重复退款 (1.248541ms)
✔ 未执行申请可以凭撤回回执释放占用 (0.6095ms)
✔ 已寄回或退款未知不能直接撤回释放占用 (1.127875ms)
✔ 发票、价保与维修有独立必要信息，受理不算执行成功 (1.454833ms)
✔ 通用人工结案不能伪造退货、退款、补发完成 (0.409042ms)
✔ 客服不能代替客户确认申请或越权执行退款 (0.304708ms)
✔ 客服接管后不再自动发送AI公开回复 (0.602291ms)
✔ 客服可整理草稿，但需要用户再次确认 (0.487083ms)
✔ 人工转派未接收前保留原责任，确认后会话与未完事项一致转移 (0.494417ms)
✔ 转派拒收和超时不会移除原责任人 (0.60425ms)
✔ 补件与跨会话接续仍是原申请 (0.755ms)
✔ 通知失败不改变已成功的退款，且留下跟进安排 (0.966125ms)
✔ 回访未联系上必须给出下一次反馈，不能顺便办结售后 (1.405084ms)
✔ 场景草稿不立即生效，测试发布后新申请使用新版 (0.531833ms)
✔ 改过的草稿不能复用旧测试发布，错误规则阻断 (0.397375ms)
✔ 不允许把仅退款配置成寄回流程 (0.18ms)
✔ 知识修订必须正反例通过，发布后实际问答命中新版 (0.581209ms)
✔ 知识质量闭环复验原问题，不以保存草稿代替生效 (0.995ms)
✔ 非知识故障必须有业务验证记录，知识运营不能自行验收 (0.57525ms)
✔ 内部备注不出现在消费者投影中 (0.378ms)
✔ 无效命令或失败操作不会修改输入状态 (0.611875ms)
✔ 不接受脚本、超大或错误格式的材料 (0.344834ms)
✔ an absent key starts a seed workspace and persists the first operation (22.397208ms)
✔ existing saved history loads without replacing its original bytes (1.639292ms)
✔ a delayed storage event cannot let a same-baseline tab overwrite the first save (4.968333ms)
✔ changed original bytes reject a stale write even when the revision is unchanged (1.860625ms)
✔ damaged existing storage blocks editing and preserves "null" (2.010084ms)
✔ damaged existing storage blocks editing and preserves "false" (0.888042ms)
✔ damaged existing storage blocks editing and preserves "" (1.518458ms)
✔ damaged existing storage blocks editing and preserves "\"\"" (1.601084ms)
✔ damaged existing storage blocks editing and preserves "{}" (0.990542ms)
✔ damaged existing storage blocks editing and preserves "{broken" (0.919917ms)
✔ unavailable storage explicitly permits temporary memory mode (1.472875ms)
✔ a quota exception leaves saved bytes and current memory unchanged (2.521292ms)
✔ a silent failed write is detected before current memory advances (1.407292ms)
✔ a valid storage event rebases the page and permits the next operation (5.137417ms)
✔ a same-revision external change requires refresh and cannot authorize a stale write (3.843583ms)
✔ a delayed valid event reads the latest stored record before rebasing (2.929583ms)
✔ a removed key event prevents the old page from overwriting storage (0.7355ms)
✔ a cleared storage event prevents the old page from overwriting storage (3.027125ms)
✔ a damaged value event prevents the old page from overwriting storage (1.130417ms)
✔ an unrelated storage event leaves this workspace editable (0.909834ms)
✔ a shared exclusive lock leaves the other tab read-only while its view stays synchronized (5.843084ms)
✔ pending lock permission blocks editing until the asynchronous grant completes (2.87225ms)
✔ available storage without native locks remains explicitly read-only (0.664584ms)
✔ a rejected lock request preserves memory and storage while reporting unavailable edit permission (0.842584ms)
✔ the edit lock lasts for the document lifetime and a new tab can edit after unload (3.287792ms)
✔ default entry loads its actual assets and standalone customer routing hides internal navigation (73.204959ms)
✔ confirmed answers and tickets retain a working dispute entry (22.677375ms)
✔ unsubmitted reply and note drafts stay with their author across reassignment and reload (33.293042ms)
✔ customer and staff service-application drafts do not share a case key (19.340666ms)
✔ service settings restore after page changes and refresh without writing business configuration (10.010459ms)
✔ cancelled disable, assignment, remediation link and acceptance forms restore their fields (17.437459ms)
✔ unsaved flow blocks single tests at the button and submit handler; edits remove old results (10.65825ms)
✔ AI received during a phone modal becomes visible on close and respects scroll position (readingHistory=true) (50.597541ms)
✔ AI received during a phone modal becomes visible on close and respects scroll position (readingHistory=false) (8.821458ms)
✔ close history renders the saved node and callback snapshot after current plans and ownership change (7.812958ms)
✔ SOP reasons for the same node stay isolated by customer issue through cancel, reload and submit (45.792584ms)
✔ a failed pause save suppresses the next AI timer and stays suppressed after reload without claiming a persisted pause (14.317416ms)
✔ mobile and desktop share the current customer conversation and unsent draft through reload (52.315041ms)
✔ mobile routes an operations-origin session to the real customer identity and public records only (13.912584ms)
✔ mobile moves the existing dialog inside the phone with show and restores the desktop modal (9.597083ms)
✔ offline mobile keeps editable input and rejects forced submit until connection resumes (15.639ms)
✔ structured application preview and cancel make no business write and keep all editable fields (12.687625ms)
✔ dynamic suggestion cancel, append and replace preserve the intended public draft without sending (21.6335ms)
✔ an external order update blocks old confirmation and refresh restores the draft for a fresh preview (9.765792ms)
✔ close panel submits rendered disposition fields and callbacks atomically after validation (12.869ms)
✔ a concurrent customer message prevents closing an old panel without discarding its draft (11.255125ms)
✔ A02/A03 full SOP and four aftersales steps stay visible without fabricating irrelevant progress (7.765958ms)
✔ A02 an existing human support issue does not swallow a later return request or auto-send a reply (0.398125ms)
✔ A02 multiple order numbers stay unbound until a human matches each issue (0.3425ms)
✔ A04/A05 structured preview is read-only and confirmation validates owner/order/required exchange demand atomically (1.018292ms)
✔ A05 repeated structured application reuses receipt and a blank placeholder merges into original issue (0.896084ms)
✔ A05 committed aftersales cannot be rebound and unrelated orders create independent issues (0.521375ms)
✔ A02 order querying records evidence without sending or completing business (0.3965ms)
✔ A06/A07 AI is explicit, delayed, limited to two distinct turns and never claims first human response (1.530625ms)
✔ A07/A08 delayed AI rejects stale authorization after reply (0.460625ms)
✔ A07/A08 delayed AI rejects stale authorization after reassign (0.431083ms)
✔ A07/A08 delayed AI rejects stale authorization after offline (0.341958ms)
✔ A07/A08 delayed AI rejects stale authorization after new-message (1.074ms)
✔ A07/A08 delayed AI rejects stale authorization after knowledge (0.402167ms)
✔ A07/A08 delayed AI rejects stale authorization after order (0.306209ms)
✔ A07 opt-out survives attempts to grant again and source-less questions stay with humans (0.808292ms)
✔ A08 recommendations must be rechecked after message (1.745792ms)
✔ A08 recommendations must be rechecked after expired (0.278292ms)
✔ A08 recommendations must be rechecked after disabled (0.234959ms)
✔ A08 recommendations must be rechecked after version (0.237167ms)
✔ A08 recommendations must be rechecked after order (0.291542ms)
✔ A08 recommendations must be rechecked after owner (0.269959ms)
✔ A09 connection is customer scoped, blocks sends and survives roundtrip without implying a closed case (0.466917ms)
✔ A10/A11 close excludes its own control node, requires every unfinished item and creates one followup per issue atomically (0.912458ms)
✔ A10 stale close previews and unauthorized close reject without any business mutation (0.836833ms)
✔ A11 submitted aftersales cannot be discarded by NA or withdrawal (0.80525ms)
✔ A12/A13 callback close is atomic, ownership inherited and cannot complete the underlying issue (0.710291ms)
✔ A13 a colleague ticket may be referenced but its callback/due date cannot be changed (0.694042ms)
✔ A14 reopening preserves closure snapshots and close completion is conversation scoped (0.646875ms)
✔ A17 customer projection omits internal workflow, closure, callback and AI authorization details (0.517125ms)
✔ A10/A17 storage failure or a stale tab leaves close arrangements and history untouched (0.922959ms)
✔ A17 old optional-field-free records remain valid while malformed new fields are blocked (0.538667ms)
✔ A03 bot intake and human intake share only explicit service type and quoted reason prefill (0.412333ms)
✔ exchange prefill quotes explicit replacement requests but leaves unknown or declined demands blank (1.178667ms)
✔ A02 a human-stage combined logistics and aftersales request keeps two independently actionable issues (0.262375ms)
✔ A09 offline cannot create customer-visible side effects through alternative customer commands (0.374167ms)
✔ changing an uncommitted order invalidates old logistics evidence and keeps both source orders private (0.290833ms)
✔ withdrawing an unsubmitted issue retains its history without capturing the next request (0.790042ms)
✔ pending callback on a completed ticket can transfer without reopening business (0.4935ms)
✔ A06 preview facts must still match at confirmation and exact successful retries remain idempotent (1.536417ms)
✔ a repeated merged-placeholder confirmation returns the original receipt even after placeholder removal (0.612125ms)
✔ an unaccepted aftersales followup stays unfinished and upgrades the original ticket after reopening and order confirmation (2.061375ms)
✔ bot resumption collects a missing followup order and still offers application intake (0.642917ms)
✔ a case with followup history cannot be silently merged into another accepted order (1.25325ms)
✔ followup acceptance requires complete structured fields and validates marker shape without changing legacy acceptance (1.495292ms)
✔ followup upgrades respect staff ownership while a customer confirmation preserves the assigned owner and callback (0.850666ms)
✔ a verified suggestion reply keeps the exact citation after knowledge changes (0.311542ms)
✔ closing one issue rejects contradictory target times for its shared followup ticket atomically (0.950167ms)
✔ an order reply rejects changed or unrelated facts while ordinary manual replies remain available (1.278667ms)
ℹ tests 697
ℹ suites 0
ℹ pass 697
ℹ fail 0
ℹ cancelled 0
ℹ skipped 0
ℹ todo 0
ℹ duration_ms 768.458791
