✔ new commerce workspace persists independently without reading or writing old V4 data (5.391125ms)
✔ existing commerce raw data wins over seed and roundtrips user history (3.34275ms)
✔ damaged existing commerce data is preserved: "" (0.082625ms)
✔ damaged existing commerce data is preserved: "{broken" (0.048875ms)
✔ damaged existing commerce data is preserved: "{\"schema\":5}" (0.050667ms)
✔ initial save failure blocks entry without changing old data or inventing success (0.220834ms)
✔ initial readback failure preserves the newly written raw value for recovery (0.16225ms)
✔ an existing target appearing during initialization is never overwritten (0.209583ms)
✔ dispatch save failure and stale page both preserve current business state (0.435667ms)
✔ commerce validation rejects negative amount without resetting the saved value (0.221334ms)
✔ commerce validation rejects fractional amount without resetting the saved value (0.169208ms)
✔ commerce validation rejects unsafe amount without resetting the saved value (0.145458ms)
✔ commerce validation rejects duplicate item without resetting the saved value (0.133166ms)
✔ commerce validation rejects cross-order allocation without resetting the saved value (0.125583ms)
✔ commerce validation rejects excess package quantity without resetting the saved value (0.137916ms)
✔ commerce validation rejects missing allocation without resetting the saved value (0.125375ms)
✔ commerce validation rejects payment amount mismatch without resetting the saved value (0.131416ms)
✔ commerce validation rejects missing provenance without resetting the saved value (0.180083ms)
✔ commerce validation rejects unsupported currency without resetting the saved value (0.1255ms)
✔ post-write read exception enters recovery and retains the bytes already saved (2.649667ms)
✔ commerce customer shows a single order with item amounts, paid status and two packages (35.278209ms)
✔ desktop facts modal gives the selected package/item and never another customer (14.794625ms)
✔ mobile and desktop query the same order and the mobile dialog stays inside the phone (17.375042ms)
✔ commerce entry never alters old V4 raw data or old draft cache (9.448ms)
✔ broken commerce raw value has a recovery screen instead of replacing it with samples (2.307083ms)
✔ system administrator can find the byte-preserving V4 export (4.609291ms)
✔ agent adopts and sends the actual commerce query snapshot through the real UI events (21.475584ms)
✔ commerce sample has one customer order, two items and two separate packages (4.52425ms)
✔ payment and package queries have independent scopes and explicit fact provenance (2.738375ms)
✔ customer cannot query foreign or missing commerce order: EC-SO20261005009 (0.954417ms)
✔ customer cannot query foreign or missing commerce order: NOT-FOUND (0.406875ms)
✔ item/package filters reject foreign references instead of guessing an object (0.5705ms)
✔ querying one item leaves the other item and all business records unchanged (0.4255ms)
✔ payment failed never becomes unpaid or a definite paid amount (0.713541ms)
✔ payment unknown never becomes unpaid or a definite paid amount (0.46425ms)
✔ public projections do not include internal payment/package properties or another customer (0.42375ms)
✔ chat understands the independent commerce order prefix and explains both packages (6.624167ms)
✔ signed-but-not-received is an unresolved request even when tracking can be queried (1.394875ms)
✔ agents must own the actual customer conversation before querying commerce facts (1.197625ms)
✔ existing whole-order intake cannot register a commerce aftersale before the item flow exists (0.943042ms)
✔ business exception cannot be completed by a generic tracking reply: 显示签收但没有收到 (0.612375ms)
✔ business exception cannot be completed by a generic tracking reply: 杯子碎了 (0.404458ms)
✔ business exception cannot be completed by a generic tracking reply: 快递丢了 (0.363792ms)
✔ business exception cannot be completed by a generic tracking reply: 物流异常 (0.527209ms)
✔ business exception cannot be completed by a generic tracking reply: 支付失败 (0.180542ms)
✔ business exception cannot be completed by a generic tracking reply: 商品和描述不一样 (0.43025ms)
✔ business exception cannot be completed by a generic tracking reply: 卡上扣了两笔钱 (0.135375ms)
✔ a simple polite payment query still returns verified commerce facts (0.245416ms)
✔ supplying an order in a later turn cannot erase the unresolved description: 查物流，物流异常 (2.937917ms)
✔ supplying an order in a later turn cannot erase the unresolved description: 查支付，支付失败 (0.944333ms)
✔ a plain query without an order can collect the order in a later turn (2.007584ms)
✔ AI continuation refuses incomplete commerce facts rather than replying from an order summary (0.998167ms)
✔ SOP logistics recognizes a successful commerce query and keeps failed queries unfinished (0.816334ms)
✔ commerce built-in regression uses actual sample IDs and the current intake boundary (0.889709ms)
✔ default V4 cannot pretend to answer a payment question with a logistics summary (0.167541ms)
✔ commerce order reply snapshots include package facts and reject a stale copied reply (0.660625ms)
✔ new defaults use neutral identities and greeting (15.542458ms)
✔ fresh customer greeting has no made-up personal salutation (0.334625ms)
✔ legacy defaults update without mutating the input (3.47325ms)
✔ copy update preserves record identities, ownership, timestamps and statuses (0.824375ms)
✔ customer and staff text is never globally replaced (0.284958ms)
✔ only first bot welcome is replaced, not quoted or authored copies (0.212125ms)
✔ custom names, email, knowledge drafts and sources are preserved (0.33975ms)
✔ non-bundled customer records are not relabeled (2.036334ms)
✔ copy upgrade is idempotent and preserves current seeds (1.058166ms)
✔ default knowledge source changes invalidate affected cached publish tests (0.767375ms)
✔ store preserves a byte-exact backup before updating saved defaults (3.8715ms)
✔ backup failure blocks migration without replacing existing records (1.019292ms)
✔ save failure retains original state and backup (0.923875ms)
✔ a conflicting tab change prevents migration overwrite (1.252458ms)
✔ unrelated storage and draft keys are not touched (0.785625ms)
✔ runtime templates contain no old branding or fake salutations (2.561125ms)
✔ retry after a failed migration backs up the latest original without replacing an earlier backup (0.711458ms)
✔ same-name custom identities retain their audit attribution and ambiguous labels are preserved (0.250667ms)
✔ changing bundled knowledge dependencies invalidates other article checks without editing drafts (0.272125ms)
✔ custom author names matching object properties survive serialization (1.955625ms)
✔ new request after an agent result remains actionable (closed=false) (9.636042ms)
✔ new request after an agent result remains actionable (closed=true) (1.266458ms)
✔ collected order reuses original aftersales issue and ticket: SO20260926001 (2.677125ms)
✔ collected order reuses original aftersales issue and ticket: 申请退货 SO20260926001 (1.39525ms)
✔ seed and empty workspaces are valid (1.714584ms)
✔ broken or foreign pending case references block loading without replacing saved data (0.462666ms)
✔ ticket command rejects a second active aftersales case for the same customer order (0.769875ms)
✔ order collection stops after agent completeCase (0.387541ms)
✔ order collection stops after agent createTicket (0.341875ms)
✔ deterministic regression reports 12 real checks passing (1.608ms)
✔ FAQ completes a case without making a ticket or fabricating customer confirmation (0.178375ms)
✔ customer explicitly confirms FAQ separately (0.155834ms)
✔ declining human handoff is not routed to a human (0.102375ms)
✔ explicit handoff has precedence over order lookup (0.0985ms)
✔ keyword compounds are not mistaken for handoff intent (0.043375ms)
✔ multiple requests create separate issues but no unconfirmed ticket (0.127292ms)
✔ requests for different orders require manual matching instead of binding both to the first (0.144833ms)
✔ order lookup can continue after a knowledge interruption (0.507ms)
✔ aftersales order collection continues after knowledge interruption (0.171416ms)
✔ other customer orders are denied, not exposed (0.230167ms)
✔ read-only test faults return orderFailure without business mutation (0.056541ms)
✔ ambiguous competing knowledge escalates, not random selection (0.06725ms)
✔ expired knowledge cannot answer (0.040959ms)
✔ unpublished knowledge cannot answer (0.160667ms)
✔ no robot replies once human owns the conversation (0.155958ms)
✔ queued messages remain available without robot interference (0.0975ms)
✔ another agent cannot reply to an owned conversation (0.206667ms)
✔ duplicate conversation claim is denied (0.164417ms)
✔ internal note does not count as first human response (0.144667ms)
✔ public reply alone cannot complete a case (0.204542ms)
✔ recorded human outcome requires both conclusion and private evidence (2.220208ms)
✔ closing keeps historic ownership instead of losing My History (0.392541ms)
✔ new handoff cycle resets SLA first response and retains historic case (0.205417ms)
✔ role command boundaries: agents cannot publish and operators cannot reply (0.172292ms)
✔ role impersonation mismatching staff record is denied (0.948417ms)
✔ all customer write commands reject foreign records (0.5355ms)
✔ ticket creation requires explicit final confirmation (0.181125ms)
✔ customer cannot submit an unverified order (0.186875ms)
✔ ticket same request key is idempotent (0.138334ms)
✔ same request key cannot be reused for different content (0.205125ms)
✔ same issue keeps its active ticket even with a different request key (0.134875ms)
✔ repeat aftersales request in a new conversation reuses the original issue (0.179875ms)
✔ ticket claimant owns modifications; another agent is denied (0.242875ms)
✔ manager reassignment changes rights, not original receipt time (0.321583ms)
✔ conversation reassignment prevents former owner from replying (0.243ms)
✔ customer supplements a waiting ticket without creating a new one (0.191792ms)
✔ ticket completion requires evidence and is not automatic customer confirmation (0.590584ms)
✔ customer dispute reopens same ticket and preserves receipt time and outcome (0.237583ms)
✔ customer projection strips private notes, result evidence and unrelated data (0.180917ms)
✔ ticket history public projection strips internal fields (0.218625ms)
✔ no bypassing an existing ticket via conversation completion (0.2505ms)
✔ independent staff ticket does not fabricate a conversation (0.056292ms)
✔ capacity and offline availability prevent claims (0.33275ms)
✔ team data scope is enforced for commands and projections (0.248584ms)
✔ related tickets owned by a colleague are visible only as linked context (0.32525ms)
✔ knowledge publication requires testing and preserves previous answer snapshot (1.157875ms)
✔ changing dependency invalidates an earlier publication test (0.893291ms)
✔ failed negative test blocks knowledge publication (0.43275ms)
✔ flow publication affects new conversations, not existing snapshots (0.3615ms)
✔ required explicit-human boundary cannot be disabled (0.830958ms)
✔ quality closure needs original query replay and published revised knowledge (1.390625ms)
✔ quality cannot link unreviewed gap or accept unrelated knowledge (0.433041ms)
✔ read-only export does not mutate audit or revision (0.1265ms)
✔ saved workspace roundtrip preserves business identities (0.297ms)
✔ storage failure leaves memory and saved data unchanged (0.116458ms)
✔ stale-tab writes fail instead of replacing another tab change (0.109667ms)
✔ invalid JSON is preserved and no new seed overwrites it (0.06075ms)
✔ invalid relationships are rejected, not rendered with invented missing data (0.584875ms)
✔ old version storage is never overwritten or silently migrated (0.079458ms)
✔ storage permission failures become a blocked workspace (0.044542ms)
✔ 初始样例结构完整，事项计数与会话计数分开 (9.374917ms)
✔ 空消息不写入会话或执行记录 (0.6935ms)
✔ 空白或超长消息校验采用Unicode码点 (13.31825ms)
✔ A01 不要转人工不触发人工分支 (0.616542ms)
✔ A02 通用政策不强制索要订单号 (0.277625ms)
✔ A03 退款诉求不能被订单号劫持为查询 (0.231292ms)
✔ A04 订单查询和商品知识作为两件事响应 (0.655667ms)
✔ 物流与售后申请同时保留，受理前没有工单 (1.091583ms)
✔ 明确不想退款只回答咨询，不能创建申请 (0.623041ms)
✔ 单纯进入页面不属于引擎创单行为 (0.308834ms)
✔ 查询缺订单号时先采集 (0.420042ms)
✔ 插问不会清空原采集事项，补订单号仍回到原事项 (1.238584ms)
✔ 跨轮采集结果经JSON还原仍可继续 (0.370042ms)
✔ 未知订单不伪造卡片，保留可复核线索 (0.188834ms)
✔ 查询出错后直接更正订单号复用同一采集事项 (0.378042ms)
✔ 未知知识合理拒答，不能计为已解决 (0.21675ms)
✔ 人工与等待期间只保留消息，机器人不抢答 (0.244416ms)
✔ 未接管不能回复，另一坐席不能代当前坐席回复 (0.268375ms)
✔ A08 满载拒绝接管；叠加查询超时仍保留信息与留单出口 (3.182417ms)
✔ 真实本地占用达到容量后不能继续接管 (0.2295ms)
✔ A07 旧会话转人工读取实时离线而非流程快照 (0.1605ms)
✔ 接管后离线释放处理权，旧坐席不能继续发送 (0.150625ms)
✔ 重复接管只会成功一次 (0.130958ms)
✔ 取消排队不取消人工事项，也不清除人工介入历史 (0.131125ms)
✔ 未完成事项不能因结束聊天被解决 (0.701083ms)
✔ 分项确认仅改变当前事项，办理仍未解决 (0.521083ms)
✔ A05 未完成工单阻止该事项确认，整体确认不能越过待办 (0.846666ms)
✔ 没有结果依据不显示可确认状态 (0.180292ms)
✔ 已结束咨询拒绝普通消息，不会隐式重开 (0.185875ms)
✔ 跨会话关联保留原事项与首次受理时间 (0.955959ms)
✔ 跨客户关联的本地负例被拒绝，非真实安全验收 (0.587042ms)
✔ 售后申请未确认前仅是预览，不自动建单 (0.661375ms)
✔ 工单必须归属明确事项，多事项不默认合并 (0.479583ms)
✔ 重复受理按事项拦截，不靠同名标题 (0.495208ms)
✔ 无效标题或工单归属失败不创建业务对象 (1.246042ms)
✔ 工单必须指定负责人，不能从待分配直接完成 (0.292333ms)
✔ 完成必须有结果证据，不能只点击完成按钮 (0.191ms)
✔ 工单完成后事项待确认，只有客户确认才解决 (0.229666ms)
✔ 内部备注和内部证据不写入客户消息 (0.231708ms)
✔ A09 结束咨询后仍可补工单，聊天保持结束 (0.202042ms)
✔ 原负责人离线，客户补充后回到待分配并保留材料 (0.187083ms)
✔ 重复补充不能重复推进工单状态 (0.165125ms)
✔ 撤销工单不会自动撤销或解决原服务需求 (0.150625ms)
✔ A11 未解决异议立即重开事项，工单标异议待核 (0.224875ms)
✔ 异议成立重开原工单不增加工单或受理量 (0.224625ms)
✔ 异议不成立恢复原解决时间，不增加一次解决 (0.375167ms)
✔ 草稿、停用、未来和过期知识不参与正式检索 (0.281334ms)
✔ 适用范围不匹配的知识不进入答案 (0.114541ms)
✔ 同等匹配且答案冲突时拒绝选第一条答案 (0.184667ms)
✔ 编辑知识仅保存草稿，不改变历史答案或现行内容 (0.1595ms)
✔ 知识无变化保存不增版本 (0.090333ms)
✔ 知识必需来源、维护人和有效时效 (0.432709ms)
✔ 知识必须回归后发布，发布后前台命中 (6.755083ms)
✔ 知识测试后修改答案导致发布依据失效 (1.472375ms)
✔ 重复标准问题与重叠时效不能直接发布 (0.175916ms)
✔ A06 紧急停用对旧会话下一问立即生效，历史原文保留 (0.25275ms)
✔ 已撤销依据不能继续确认此前的知识事项 (0.160583ms)
✔ 流程草稿不影响已发布会话，草稿试验不产生服务数据 (0.268875ms)
✔ 发布必须有当前草稿完整回归，单条simulate不算 (0.162333ms)
✔ A13 回归后改流程参数，旧依据失效 (1.088083ms)
✔ 发布后新会话绑定新流程，旧会话仍保留旧流程 (1.770292ms)
✔ 售后受理配置关闭后新会话不开放自助申请 (1.230166ms)
✔ 流程回滚生成新版本并保留历史，不覆盖旧记录 (2.879458ms)
✔ 无变化禁止重复发布，无效配置不会写半次消息 (0.283333ms)
✔ 紧急停用工具即时阻断旧流程，不伪造成功结果 (0.136541ms)
✔ 本地归属负例不暴露订单存在性 (0.157458ms)
✔ 确认质量问题必须填写根因和责任人 (0.183208ms)
✔ A10 无整改措施及验证不能关闭质量问题 (0.170625ms)
✔ 知识整改：线索→分派→草稿→回归→发布→原问题验证→验收 (3.602125ms)
✔ 验证后知识停用，整改验收依据失效 (2.712833ms)
✔ 本地发布回归完整执行且不创建业务事项 (3.466959ms)
✔ 无结果依据、无反馈保持待确认，不冒充生产解决率 (0.47675ms)
✔ 转接摘要包含独立事项、工单与原始信息 (0.954333ms)
✔ 二轮复审：不要机器人、请转人工不能误判为拒绝人工 (0.310166ms)
✔ 二轮复审：转人工接续现有售后事项，不虚增第三个需求 (0.439334ms)
✔ 二轮复审：相同提交标识的精确重放返回原工单 (0.495083ms)
✔ 二轮复审：受理确认时更正订单线索，事项与工单必须一致 (0.441334ms)
✔ 二轮复审：UI与发布门槛使用相同的测试有效性检查 (3.121125ms)
✔ 人工完成知识咨询工单后，客户可以确认并对结果提出异议 (0.264167ms)
✔ 关闭自助售后拦截客户提交和改分类绕过，保留客服受理 (1.975208ms)
✔ 关闭自助售后不影响其他问题留单和旧会话的已发布配置 (3.149417ms)
✔ 同事项两张历史工单异议均不成立时，恢复原确认时间 (0.976875ms)
✔ 同事项任一工单异议成立后，剩余异议驳回不能代替客户再次确认 (1.271166ms)
✔ 异议成立的工单撤销后，其他异议驳回仍保留未解决事项 (0.366416ms)
✔ 重新完成的工单再次收到异议，最后复核该工单仍可等待客户确认 (0.235541ms)
✔ 三轮复审：否定转人工的常见说法不进入人工队列 (1.787209ms)
✔ 三轮复审：人工智能、人工费等构词不是转人工诉求 (0.567792ms)
✔ 三轮复审：只命中一个泛关键词不作答，转为未命中线索 (0.916917ms)
✔ 三轮复审：售后政策类新 FAQ 可回归、可发布、可命中 (4.052042ms)
✔ 三轮复审：多事项里的商品咨询按原句检索，不套用固定商品 (0.251541ms)
✔ 三轮复审：新 FAQ 抢答存量问句时草稿回归不通过，不能发布 (0.99075ms)
✔ 三轮复审：流程改动让存量 FAQ 失效时发布回归不通过 (8.946667ms)
✔ 三轮复审：补订单号的自然说法回填原查询事项 (0.568333ms)
✔ 三轮复审：待补订单号的售后事项接收订单号，不另建事项 (0.459125ms)
✔ 三轮复审：质问或反问要人工仍然转人工，只有明确拒绝才不转 (0.91475ms)
✔ 默认流程结构完整，默认行为通过原有服务回归 (15.391042ms)
✔ 条件与连线决定实际路径，同类问题得到不同结果 (0.517625ms)
✔ 重接同一端口替换旧连线，立即改变运行结果 (0.21575ms)
✔ 同类型节点的参数独立，超时节点不会改动正常节点 (0.787541ms)
✔ 自定义回复按实际路径输出，不伪造订单或解决证据 (0.800792ms)
✔ 即使完成了查询，绕过结果回复也不会生成可确认的证据 (0.855959ms)
✔ 上游结果可以作为条件输入，不存在的结果按空值判断 (0.599042ms)
✔ 缺少任一输出连接时禁止运行，真实服务状态保持原样 (1.773833ms)
✔ 自连、回连、连接开始节点均被拦截，旧连线不丢失 (0.253875ms)
✔ 导入形状中的环路、重复端口与悬空连线不能绕过运行校验 (0.659167ms)
✔ 删除节点同步移除相关线，并暴露新断点 (0.231917ms)
✔ 孤立节点、缺少开始、多个开始和缺少结束都有可定位错误 (0.308625ms)
✔ 条件空值、节点空名称及无效配置在运行前报错 (0.5785ms)
✔ 移动节点不使回归失效，修改连线和参数都会失效 (5.155292ms)
✔ 只修改布局保存为草稿，不制造业务版本变化 (0.246959ms)
✔ 新会话执行发布的图，旧会话继续执行自己的图快照 (4.23675ms)
✔ 图可完整 JSON 保存恢复，恢复历史版本生成新快照 (8.046ms)
✔ 旧 V3.1 数据只补流程图，既有会话、知识和工单保持原样 (1.586584ms)
✔ 旧发布记录没有图时，回滚仍能得到可编辑的图 (2.12775ms)
✔ 节点关闭售后或绕过受理输出，客户不能绕开节点直接建单 (3.660666ms)
✔ 每一步记录真实节点与边，未经过的节点不会出现在轨迹里 (0.402125ms)
✔ 自助表单更换订单不能绕过该订单的画布分支，拒绝时无副作用 (3.741167ms)
✔ 同事项最新一轮转人工后，历史售后预览不能继续授权自助提交 (1.330167ms)
✔ 其他事项的后续问答不撤销原事项仍有效的售后预览 (1.310542ms)
✔ 新增查询节点的超时进入坐席摘要，旧节点轨迹仍可读取 (4.340958ms)
✔ 默认客户问答、订单与来源不带展示环境文案 (8.20325ms)
✔ 客户查询与售后仍是两个事项，登记工单不等于完成售后 (1.343292ms)
✔ 数据兼容不改写人工消息或自定义知识 (2.380292ms)
✔ 产品页面移除演讲入口，售后表单使用已定义的访客变量 (1.417167ms)
✔ 恢复初始配置不会重新填充历史业务记录 (0.126041ms)
✔ 内置旧引用升级，自定义 FAQ 的历史回复和证据逐字保留 (1.475833ms)
✔ each service metric drills into the exact projected case set and keeps execution separate from resolution (34.757916ms)
✔ the manager approval queue includes only requests awaiting review and names the next responsibility (4.861875ms)
✔ administrator simulated events target one application and the next receipt version, without approving it (7.478625ms)
✔ schema5 knowledge carries item and rule scope, while a stale evaluation cannot unlock publication (7.332167ms)
✔ flow evaluation renders recorded failures and leaves business and notification remediation outside knowledge publishing (3.230208ms)
✔ actual query metric opens its saved business evidence (54.862208ms)
✔ published knowledge can run actual whole workflow evaluation without a draft (36.012667ms)
✔ manager can process an expired handoff through the real UI (24.388542ms)
✔ commerce application is attached to a selected item and requires a customer confirmation (22.242292ms)
✔ changing application fields requires another preview and preserves the reason (11.503792ms)
✔ phone application failure stays inside the phone and restores its editable draft after reload (16.670416ms)
✔ a failed formal save keeps the confirmation form and never claims that the application exists (13.680125ms)
✔ customer progress counts independent matters and public detail hides the handoff summary (22.665666ms)
✔ real UI events separate approval, return, warehouse, refund, notification and customer feedback (167.672167ms)
✔ return and supplement forms retain rejected input while the customer can continue the original matter (18.411625ms)
✔ commerce service drafts leave the default V4 record and draft cache byte unchanged (11.432375ms)
✔ handoff is visible to its target while the source keeps ownership until acceptance (18.857792ms)
✔ the service ticket pool acquires matter responsibility and keeps conversation ownership separate (13.17225ms)
✔ preview does not reserve, register or submit; explicit confirmation creates one item application (8.1935ms)
✔ same confirmation replays original receipt; changed content with same id is rejected (1.611958ms)
✔ changed facts and another request after reservation require recheck, not another application (1.590833ms)
✔ ownership, payment facts, quantity and material guard are checked before preview (0.929291ms)
✔ two named product requests are independently bound and neither exception is completed by lookup (3.61725ms)
✔ policy question does not trigger a business application; request is only collected until confirmed (2.944667ms)
✔ agent cannot approve or simulate a payment; admin cannot grant business approval (0.62075ms)
✔ approval and physical receipt are independent from warehouse acceptance and refund (3.042792ms)
✔ happy return ends only on simulated refund result; second product and payment remain unchanged (2.642458ms)
✔ unknown refund queries original request and cannot be done, retried or released (3.378125ms)
✔ same obligation never pays twice, repeated and older receipt do not rewrite success (3.568125ms)
✔ supplement returns to review without erasing approval history or extending original deadline (2.480709ms)
✔ rejection or confirmed safe withdrawal releases only unused reservation (1.706875ms)
✔ notification failure does not change refund success or invent customer satisfaction (5.829833ms)
✔ dispute reopens original service, preserving successful refund and consumed allowance (6.237834ms)
✔ handoff keeps original owner until target accepts with version; old owner loses rights (25.612292ms)
✔ handoff updated context requires recheck and timeout preserves responsibility (0.990166ms)
✔ handoff summary and public projection keep facts and decisions while hiding internal review (3.074042ms)
✔ completeCase, SOP overrides and old intake cannot bypass a formal service result (0.834083ms)
✔ workflow eval executes all multi-turn branches on isolated copies without mutating business data (7.256125ms)
✔ knowledge test includes whole workflow and scope/versions invalidate publish (14.8585ms)
✔ nonknowledge issue cannot be closed by merely publishing knowledge (0.534167ms)
✔ metric memberships allow all counts to be recalculated and human business steps exclude AI-only (0.930541ms)
✔ unresolved rejection dispute cannot hide a second application under the same case (2.399208ms)
✔ passing flow evaluation remains publishable and configuration changes invalidate it (22.925292ms)
✔ item scope is checked against the full policy question including box aliases (42.75475ms)
✔ notification remediation requires the original delivery receipt, not a completed refund (25.848083ms)
✔ policy response uses executable rule amounts and prerequisites even with a misleading draft (31.223ms)
✔ a policy dependency expiring after testing blocks publication (8.144791ms)
✔ higher-version safety evidence can terminate an already failed refund without changing its outcome (1.8405ms)
✔ item handoff protects generic commands and enables public replies by the new owner (0.891042ms)
✔ explicit foreign or mismatching orders cannot silently bind a product request to the sample order (0.31275ms)
✔ negated defects and completed applications cannot produce phantom pending work (6.978208ms)
✔ evaluation of a published article uses its live version when no draft exists (6.111042ms)
✔ routing remediation rechecks every original product matter instead of only the last one (30.30375ms)
✔ an assigned matter can receive public followup after its conversation closes (1.687667ms)
✔ short policy questions and human suggestions share the same executable policy answer (43.053792ms)
✔ 返修 run.py sends no-store on successful, conditional and missing resources (97.025ms)
✔ F1 pure social: 你好 (6.019584ms)
✔ F1 pure social: 在吗 (0.26575ms)
✔ F1 pure social: 谢谢 (0.19225ms)
✔ F1 pure social: 好的 (0.177583ms)
✔ F1 pure social: 您好！ (0.187125ms)
✔ F1 pure social: 谢谢你，辛苦了。 (0.189583ms)
✔ F1 pure social: 嗯嗯，收到 (0.138959ms)
✔ F1 pure social: 明白了 (0.128667ms)
✔ F1 pure social: OK (0.404167ms)
✔ F1 pure social: hello (0.191375ms)
✔ F1 pure social: 您好呀 (0.144208ms)
✔ F1 pure social: 好的，谢谢您 (0.151292ms)
✔ F1 mixed business preserves routing: 你好，七天无理由退货有什么条件？ (0.797083ms)
✔ F1 mixed business preserves routing: 谢谢，查物流 SO20260926001 (0.184334ms)
✔ F1 mixed business preserves routing: 好的，我要换货 SO20260926001 (0.356125ms)
✔ F1 mixed business preserves routing: 你好，我要人工 (0.168666ms)
✔ F1 mixed business preserves routing: 谢谢，礼品卡可以分多次使用吗？ (0.188875ms)
✔ F1 mixed business preserves routing: 好的，不要转人工，我只问退货规则 (0.198042ms)
✔ F1 mixed business preserves routing: 谢谢不用退货了，查物流 SO20260926001 (0.133333ms)
✔ F1 thanks after an answer leaves the result, feedback and issue counts intact (1.965416ms)
✔ F1 social preserves queued state and existing issues (0.3365ms)
✔ F1 social preserves human state and existing issues (0.292833ms)
✔ F1 social preserves closed state and existing issues (1.905875ms)
✔ F1 social keeps pending order collection and does not schedule another AI reply (0.9415ms)
✔ F1 greetings from multiple customers create no knowledge gaps (0.308291ms)
✔ F1 configured handoff still takes precedence over a social phrase (0.121333ms)
✔ F1 explicit AI refusal survives polite messages across conversation states (2.72475ms)
✔ F8 completed support has no leftover; closing preserves result and done snapshot without tickets (0.883084ms)
✔ F8 public reply confirms the sole issue but an internal note does not (0.386542ms)
✔ F8 public answer confirmation survives a later issue in the same conversation (0.384375ms)
✔ F8 reply is attributed to the selected issue and rejects unrelated issue ids (50.370167ms)
✔ F8 reply uses the displayed default issue when no problem tab was clicked (12.361084ms)
✔ F1 long mixed acknowledgement does not block classification (69.495958ms)
✔ F8 refuses forged na for a completed issue atomically (0.835416ms)
✔ F8 refuses forged withdrawn for a completed issue atomically (0.469583ms)
✔ F8 completed order is excluded while unfinished issues still require tracked dispositions (1.299791ms)
✔ F8 closing UI shows no disposition for completed issues and preserves defaults for open ones (18.356125ms)
✔ 续修 social false: 88 (8.28625ms)
✔ 续修 social false: 8886 (0.647ms)
✔ 续修 social false: 回头见 (2.201041ms)
✔ 续修 social false: 下次见啦 (0.647959ms)
✔ 续修 social false: 谢谢亲 (0.2935ms)
✔ 续修 social false: 多谢小姐姐呀 (0.163583ms)
✔ 续修 social false: 感谢客服小哥哥 (0.140375ms)
✔ 续修 social false: 行 (0.167541ms)
✔ 续修 social false: 行呀 (0.156ms)
✔ 续修 social false: 早呀 (0.164291ms)
✔ 续修 social false: 早啊 (0.116209ms)
✔ 续修 social false: 嗨 (0.130166ms)
✔ 续修 social false: 嗨呀 (0.102ms)
✔ 续修 social false: 回头见，谢谢亲 (0.101083ms)
✔ 续修 social true: 88 (0.585541ms)
✔ 续修 social true: 8886 (0.232583ms)
✔ 续修 social true: 回头见 (0.543ms)
✔ 续修 social true: 下次见啦 (5.202334ms)
✔ 续修 social true: 谢谢亲 (0.298375ms)
✔ 续修 social true: 多谢小姐姐呀 (0.219666ms)
✔ 续修 social true: 感谢客服小哥哥 (0.184959ms)
✔ 续修 social true: 行 (0.173875ms)
✔ 续修 social true: 行呀 (0.172292ms)
✔ 续修 social true: 早呀 (0.189292ms)
✔ 续修 social true: 早啊 (0.171334ms)
✔ 续修 social true: 嗨 (0.165833ms)
✔ 续修 social true: 嗨呀 (0.171875ms)
✔ 续修 social true: 回头见，谢谢亲 (0.184541ms)
✔ 续修 query: 查物流 EC-SO20261005001 (1.0015ms)
✔ 续修 query: 查支付 EC-SO20261005001 (0.391625ms)
✔ 续修 query: 查下订单 EC-SO20261005001 (0.125458ms)
✔ 续修 query: 嗨，查下订单 EC-SO20261005001，谢谢亲 (0.124708ms)
✔ 续修 query: 早呀，查下包裹 EC-SO20261005001，回头见 (0.616875ms)
✔ 续修 policy: 杯子坏了能退吗 (1.407625ms)
✔ 续修 policy: 杯子破损能退货吗 (0.501083ms)
✔ 续修 policy: 嗨，保温杯裂了能退吗，谢谢亲 (0.177417ms)
✔ 续修 keep business: 行，我要人工 (0.119416ms)
✔ 续修 keep business: 早呀，帮我退货 (0.069291ms)
✔ 续修 keep business: 谢谢亲，我的包裹没到 (0.0645ms)
✔ 续修 keep business: 嗨，礼品卡能分次用吗 (0.084625ms)
✔ 续修 keep business: 回头见，我的钱扣了两次 (0.065458ms)
✔ 续修 keep business: 杯子坏了能退吗，袋子没到 (0.068125ms)
✔ 续修 numeric goodbye does not strip order suffix (0.18075ms)
✔ 审查 social: 谢啦亲 (0.307667ms)
✔ 审查 social: 谢了老板 (0.149708ms)
✔ 审查 social: 好哇 (0.1955ms)
✔ 审查 social: 好咧 (0.174667ms)
✔ 审查 social: 谢谢你们 (0.188084ms)
✔ 审查 social: 再会 (0.297625ms)
✔ 审查 mixed policy: 保温杯破损怎么退，卡上扣了两笔钱 (0.778709ms)
✔ 审查 mixed policy: 保温杯破损怎么退，我的钱被扣了两次 (0.303625ms)
✔ 审查 mixed policy: 保温杯破损怎么退，退款还没到账 (0.139958ms)
✔ 审查 mixed policy: 保温杯破损怎么退，包裹没收到而且杯子坏了 (0.126458ms)
✔ 审查 mixed policy: 保温杯退货规则，订单地址错了 (0.130958ms)
✔ 审查 mixed policy: 保温杯怎么退，你们几点开门 (0.161375ms)
✔ 审查 intact alphanumeric ID: 20261005OK (0.170375ms)
✔ 审查 intact alphanumeric ID: HI (0.106542ms)
✔ 审查 intact alphanumeric ID: HELLO (0.909708ms)
✔ 审查 greeting with address preserves lookup (0.372875ms)
✔ 复验 separate English social suffix: ok (0.505917ms)
✔ 复验 separate English social suffix: okay (0.295333ms)
✔ 复验 separate English social suffix: hi (0.262709ms)
✔ 复验 separate English social suffix: hello (0.360208ms)
✔ 复验 declining human preserves pure policy (0.511041ms)
✔ 返修 social v4: 好嘞 (9.778375ms)
✔ 返修 social v4: 谢啦 (0.243166ms)
✔ 返修 social v4: 好滴 (0.170916ms)
✔ 返修 social v4: 哈喽 (0.341333ms)
✔ 返修 social v4: 拜拜 (0.255041ms)
✔ 返修 social v4: 再见 (0.157458ms)
✔ 返修 social v4: 没事了 (0.475791ms)
✔ 返修 social v4: 不用了谢谢 (0.159709ms)
✔ 返修 social v4: 您好哟 (0.247625ms)
✔ 返修 social v4: 谢谢您啦 (0.248833ms)
✔ 返修 social v4: 多谢哈 (0.14425ms)
✔ 返修 social v4: 明白啦 (0.138792ms)
✔ 返修 social v4: 知道啦 (0.148333ms)
✔ 返修 social v4: 嗯嗯，好哒 (0.188584ms)
✔ 返修 social v4: 再见咯 (0.13575ms)
✔ 返修 social v4: 拜拜啦 (0.14425ms)
✔ 返修 social v4: 不需要了，谢谢 (0.123709ms)
✔ 返修 social v4: 没问题，谢谢呀 (0.125541ms)
✔ 返修 social commerce: 好嘞 (1.484833ms)
✔ 返修 social commerce: 谢啦 (0.311667ms)
✔ 返修 social commerce: 好滴 (0.195833ms)
✔ 返修 social commerce: 哈喽 (0.194792ms)
✔ 返修 social commerce: 拜拜 (0.190125ms)
✔ 返修 social commerce: 再见 (0.23825ms)
✔ 返修 social commerce: 没事了 (0.258042ms)
✔ 返修 social commerce: 不用了谢谢 (0.184041ms)
✔ 返修 social commerce: 您好哟 (0.180167ms)
✔ 返修 social commerce: 谢谢您啦 (0.231875ms)
✔ 返修 social commerce: 多谢哈 (0.171875ms)
✔ 返修 social commerce: 明白啦 (0.153875ms)
✔ 返修 social commerce: 知道啦 (0.14825ms)
✔ 返修 social commerce: 嗯嗯，好哒 (0.7745ms)
✔ 返修 social commerce: 再见咯 (0.14225ms)
✔ 返修 social commerce: 拜拜啦 (0.1385ms)
✔ 返修 social commerce: 不需要了，谢谢 (0.146708ms)
✔ 返修 social commerce: 没问题，谢谢呀 (0.150542ms)
✔ 返修 mixed lookup: 你好，我的快递到哪了 (1.770875ms)
✔ 返修 mixed lookup: 您好，包裹到哪了 (0.388542ms)
✔ 返修 mixed lookup: 你好，查一下我的订单 (0.353625ms)
✔ 返修 mixed lookup: 你好，查一下包裹 EC-SO20261005001 (1.191167ms)
✔ 返修 mixed lookup: 哈喽呀，请查物流 EC-SO20261005001，谢谢啦 (0.533375ms)
✔ 返修 mixed lookup: 谢谢您，查一下我的订单 EC-SO20261005001，再见 (0.509791ms)
✔ 返修 policy: 保温杯破损怎么退 (0.782ms)
✔ 返修 policy: 签收后发现杯子破了可以退吗 (0.235417ms)
✔ 返修 policy: 杯子坏了能不能退货 (0.1795ms)
✔ 返修 policy: 保温杯破损退货流程 (0.181667ms)
✔ 返修 policy: 保温杯碎了如何退货 (0.75025ms)
✔ 返修 preserve handoff: 你好，我要人工 (0.577417ms)
✔ 返修 preserve handoff: 好嘞，请转人工客服 (0.339542ms)
✔ 返修 preserve handoff: 谢谢，礼品卡可以分多次使用吗？ (0.520833ms)
✔ 返修 preserve handoff: 你好，包裹没收到 (0.326708ms)
✔ 返修 preserve handoff: 谢啦，我的包裹停滞了 (0.15225ms)
✔ 返修 preserve intake: 我要退货，杯子碎了 (0.375833ms)
✔ 返修 preserve intake: 保温杯破损，我想退货怎么申请 (0.561208ms)
✔ 返修 preserve intake: 帮我退货，保温杯坏了 (0.453583ms)
✔ 返修 preserve intake: 申请保温杯退货流程 (0.574083ms)
✔ 返修 farewells preserve queued/human/closed states and completed records (0.623333ms)
✔ 返修 ecommerce mode without V4 reads: default (33.080917ms)
✔ 返修 ecommerce mode without V4 reads: ?rev=repair (7.330916ms)
✔ 返修 ecommerce mode without V4 reads: ?data=ecommerce (7.646791ms)
✔ 返修 explicit V4 entry shows old sample and leaves ecommerce value unchanged (6.821041ms)
✔ 返修 independent customer link keeps ecommerce:  (9.074667ms)
✔ 返修 independent customer link keeps v4: ?data=v4 (10.075958ms)
✔ 返修 independent customer link keeps ecommerce: ?data=ecommerce (9.963375ms)
✔ 返修 policy reply provides a working application entry without creating an application (17.061667ms)
✔ 返修 supported social composition: 哈喽哈喽 (0.781083ms)
✔ 返修 supported social composition: 哈喽，哈喽 (0.557834ms)
✔ 返修 supported social composition: 你好，哈喽 (0.482459ms)
✔ 返修 lookup intent before edge normalization: 你好，EC-SO20261005001，谢谢 (0.864583ms)
✔ 返修 lookup intent before edge normalization: 你好，哈喽，查物流 EC-SO20261005001 (0.321292ms)
✔ 返修 lookup intent before edge normalization: 你好，物流 (0.171916ms)
✔ 返修 preserve negated query: 不用查物流 EC-SO20261005001 (0.450084ms)
✔ 返修 preserve negated query: 不需要查支付 EC-SO20261005001 (0.406042ms)
✔ 返修 mixed policy keeps independent issue unresolved: 查询支付 EC-SO20261005001，我钱被扣两次了，保温杯破损怎么退 (0.477333ms)
✔ 返修 mixed policy keeps independent issue unresolved: 物流一直没更新，保温杯破损怎么退 (0.250083ms)
✔ 返修 mixed policy keeps independent issue unresolved: 收纳袋没到，保温杯破损怎么退 (0.514083ms)
✔ 关闭自助售后后客户事项无申请入口，坐席仍可受理 (30.354792ms)
✔ 客户新开咨询后仍可找回旧工单，历史列表不混入其他客户 (11.111667ms)
✔ 异常保存值不被覆盖，恢复导出逐字保留原始记录 (6.230667ms)
✔ 真实旧状态升级先完整备份，备份失败则阻止持久化覆盖 (6.524625ms)
✔ 清空保存失败保留当前内存和原始存储 (2.613625ms)
✔ 草稿超时测试使用完整引擎且不改发布或草稿状态 (7.480625ms)
✔ 实时工具停用后旧草稿试问失效，重新试问使用当前状态 (5.415292ms)
✔ 接管占用改变后草稿试问不能保留旧容量结论 (2.918625ms)
✔ 作答门槛在检索试验、FAQ 表单和流程节点中可见 (2.410916ms)
✔ 旧 V3 本地数据不被沿用，也不被覆盖 (4.539375ms)
✔ 已选知识停用后仍显示原范围，仅修改名称不会扩大检索范围 (2.545042ms)
✔ 正常空间导出完整当前 JSON，并释放下载 URL (4.666167ms)
✔ 人工回复保存发送者身份，后续转派不会改写旧消息作者 (5.580917ms)
✔ 人工回复可通知客户，业务进度继续保留系统身份 (0.562334ms)
✔ 两端完整展示同一会话的所有消息，不遗漏其他事项回复或最早消息 (32.844042ms)
✔ 按发送时间排序，同一时间保留原始先后，读取不改变保存内容 (3.235625ms)
✔ 有首条人工回复时间证据的旧系统消息显示为人工，保存记录不被迁移 (1.949334ms)
✔ 缺乏证据或时间冲突的旧系统消息不被猜成某个客服 (6.854417ms)
✔ 聊天回复不重复出现在业务事件，实际办理事件仍可查看 (1.377625ms)
✔ 客户、AI、人工与系统使用不同身份标签，正文与客服名均转义 (3.747708ms)
✔ 消费者办理按钮不出现在工作台，关联事项仍可查看 (3.364459ms)
✔ 同事项关联新会话后，旧会话人工回复在事项时间线中仍可查看 (5.914791ms)
✔ 只有业务时间线的事项详情保留人工回复 (1.612541ms)
✔ 紧凑队列支持筛选并在选择事项后关闭，不改变业务数据 (4.517375ms)
✔ 紧凑办理和关联弹窗保留操作、完整历史及备注 (3.081ms)
✔ 高度约束只在聊天和工作台生效，切到普通业务页会解除 (1.553917ms)
✔ 澄清面板跟随选中事项，只引用该事项追问并转义正文 (3.1955ms)
✔ 处理面板沿用角色权限，已完成澄清展示真实结论 (2.616ms)
✔ 窄屏处理面板保留办理、历史与备注，消费者无法打开 (2.158208ms)
✔ V2 服务时间咨询命中知识；明确人工请求继续转人工 (5.1105ms)
✔ V2 收纳盒清洗使用本商品维护说明，杯子仍使用发布知识 (2.171917ms)
✔ V2 混合句中的他人商品与未知商品不撤销有效知识答复 (0.505666ms)
✔ V2 不一致的显式订单与商品先澄清，同订单商品可正常查询 (0.645583ms)
✔ V2 数据校验拒绝跨订单事项关系及无效保存版本 (0.441417ms)
✔ 初始关系：一单两件两包裹，待发货与未支付订单独立存在 (3.920833ms)
✔ 寒暄致谢不会创建业务事项 (2.959875ms)
✔ 知识答复没有用户反馈时不算解决 (1.619875ms)
✔ 明确解决反馈后知识问题才计AI独立解决 (1.245166ms)
✔ 混合句：清洗咨询与正常在途分别处理，不整句转人工 (1.407458ms)
✔ 混合句：知识答复完成后，仅异常包裹进入人工核实 (0.882667ms)
✔ 未知或他人订单不会撤销同句中已经能够回答的知识诉求 (0.317625ms)
✔ 两笔订单都有保温杯时先澄清，不自动选第一件退货 (0.293125ms)
✔ 正常在途不创建异常事项 (0.234541ms)
✔ 签收但未收到不凭轨迹办结 (1.057417ms)
✔ 订单级未收到存在两个包裹时先问具体商品 (0.5155ms)
✔ 选购咨询给出维护过的用途和规格，不直接下单 (0.496375ms)
✔ 价格库存使用商品来源与查询结果 (0.383375ms)
✔ 优惠资格核实：threshold (0.449667ms)
✔ 优惠资格核实：scope (0.272625ms)
✔ 优惠资格核实：expired (0.267584ms)
✔ 优惠资格核实：eligible (0.252625ms)
✔ 不可叠加优惠不错误判可用 (0.278042ms)
✔ 支付查询状态不与未支付混淆：failed (0.599459ms)
✔ 支付查询状态不与未支付混淆：unknown (0.358333ms)
✔ 支付查询状态不与未支付混淆：not_found (0.22975ms)
✔ 支付待核实不能取消或修改地址 (1.429166ms)
✔ 消费者无法读取他人订单或材料 (0.567167ms)
✔ 未核验访客仍可请求人工，但不能查个人订单 (0.345ms)
✔ 不需要人工不会被关键词错误转人工 (0.180958ms)
✔ 无人在线仍保留责任组和下次反馈 (0.197833ms)
✔ 预览取消不产生申请或退款 (0.4115ms)
✔ 缺少材料按已发布规则阻断，无内部材料编码要求 (0.858708ms)
✔ 退货只占用杯子，不影响另一件商品及包裹 (1.190042ms)
✔ 重复确认返回原申请；不能再次创建同商品申请 (1.366833ms)
✔ 规则在预览后发布变更，确认需重新核对 (3.357459ms)
✔ 确认前仓库锁单变化，订单变更不产生假成功 (0.926333ms)
✔ 已支付取消：独立退款，无寄回验收 (1.206667ms)
✔ 未支付取消不生成退款 (0.7505ms)
✔ 修改地址需预览确认，变更之后可再次核对修改 (1.66525ms)
✔ 已出库订单不能自助改址 (0.465292ms)
✔ 换货必须明确存在且有库存的目标规格 (1.182958ms)
✔ 换货寄回验收后停在履约协调，不产生退款和新包裹 (1.5655ms)
✔ 配件补发受理保存缺失内容，审核后不退款 (0.559917ms)
✔ 另包在途不能直接按漏发申请补发 (0.237834ms)
✔ 仅退款经审核后直达退款，不要求虚构寄回 (0.475959ms)
✔ 审核通过展示完整寄回信息，仓库签收与验收不同 (1.427625ms)
✔ 验收异常—请求补件—补件—复核通过恢复退款节点 (1.4145ms)
✔ 审核拒绝后原申请可申请复核，不新建售后 (0.818125ms)
✔ 重复提交退款沿用原请求，未知结果保留占用 (1.416584ms)
✔ 成功、重复及过期回执不重复退款或倒退状态 (2.798542ms)
✔ 错误请求或金额的回执不改变退款结果 (2.40575ms)
✔ 退款失败不释放原商品占用，重试保留原请求 (2.190541ms)
✔ 退款成功后用户称未到账，重开原事项而非重复退款 (2.961708ms)
✔ 未执行申请可以凭撤回回执释放占用 (1.25125ms)
✔ 已寄回或退款未知不能直接撤回释放占用 (1.281291ms)
✔ 发票、价保与维修有独立必要信息，受理不算执行成功 (1.387458ms)
✔ 通用人工结案不能伪造退货、退款、补发完成 (0.406417ms)
✔ 客服不能代替客户确认申请或越权执行退款 (1.07825ms)
✔ 客服接管后不再自动发送AI公开回复 (0.971833ms)
✔ 客服可整理草稿，但需要用户再次确认 (1.236833ms)
✔ 人工转派未接收前保留原责任，确认后会话与未完事项一致转移 (1.246291ms)
✔ 转派拒收和超时不会移除原责任人 (1.518583ms)
✔ 补件与跨会话接续仍是原申请 (0.964583ms)
✔ 通知失败不改变已成功的退款，且留下跟进安排 (1.032417ms)
✔ 回访未联系上必须给出下一次反馈，不能顺便办结售后 (2.041ms)
✔ 场景草稿不立即生效，测试发布后新申请使用新版 (1.276834ms)
✔ 改过的草稿不能复用旧测试发布，错误规则阻断 (1.1465ms)
✔ 不允许把仅退款配置成寄回流程 (0.630625ms)
✔ 知识修订必须正反例通过，发布后实际问答命中新版 (8.426916ms)
✔ 知识质量闭环复验原问题，不以保存草稿代替生效 (0.925333ms)
✔ 非知识故障必须有业务验证记录，知识运营不能自行验收 (0.546ms)
✔ 内部备注不出现在消费者投影中 (4.004125ms)
✔ 无效命令或失败操作不会修改输入状态 (0.320667ms)
✔ 不接受脚本、超大或错误格式的材料 (0.267791ms)
✔ an absent key starts a seed workspace and persists the first operation (23.016291ms)
✔ existing saved history loads without replacing its original bytes (1.501833ms)
✔ a delayed storage event cannot let a same-baseline tab overwrite the first save (1.879459ms)
✔ changed original bytes reject a stale write even when the revision is unchanged (0.732833ms)
✔ damaged existing storage blocks editing and preserves "null" (0.46775ms)
✔ damaged existing storage blocks editing and preserves "false" (0.326083ms)
✔ damaged existing storage blocks editing and preserves "" (1.302625ms)
✔ damaged existing storage blocks editing and preserves "\"\"" (0.711292ms)
✔ damaged existing storage blocks editing and preserves "{}" (0.706625ms)
✔ damaged existing storage blocks editing and preserves "{broken" (0.767375ms)
✔ unavailable storage explicitly permits temporary memory mode (1.319041ms)
✔ a quota exception leaves saved bytes and current memory unchanged (1.237916ms)
✔ a silent failed write is detected before current memory advances (1.344583ms)
✔ a valid storage event rebases the page and permits the next operation (3.126542ms)
✔ a same-revision external change requires refresh and cannot authorize a stale write (0.787667ms)
✔ a delayed valid event reads the latest stored record before rebasing (2.23525ms)
✔ a removed key event prevents the old page from overwriting storage (0.539ms)
✔ a cleared storage event prevents the old page from overwriting storage (0.45225ms)
✔ a damaged value event prevents the old page from overwriting storage (0.467917ms)
✔ an unrelated storage event leaves this workspace editable (0.836958ms)
✔ a shared exclusive lock leaves the other tab read-only while its view stays synchronized (8.948625ms)
✔ pending lock permission blocks editing until the asynchronous grant completes (2.433417ms)
✔ available storage without native locks remains explicitly read-only (1.461333ms)
✔ a rejected lock request preserves memory and storage while reporting unavailable edit permission (2.165458ms)
✔ the edit lock lasts for the document lifetime and a new tab can edit after unload (5.18275ms)
✔ default entry loads its actual assets and standalone customer routing hides internal navigation (44.59925ms)
✔ confirmed answers and tickets retain a working dispute entry (23.489083ms)
✔ unsubmitted reply and note drafts stay with their author across reassignment and reload (30.869625ms)
✔ customer and staff service-application drafts do not share a case key (19.163875ms)
✔ service settings restore after page changes and refresh without writing business configuration (12.255125ms)
✔ cancelled disable, assignment, remediation link and acceptance forms restore their fields (17.297ms)
✔ unsaved flow blocks single tests at the button and submit handler; edits remove old results (13.619959ms)
✔ AI received during a phone modal becomes visible on close and respects scroll position (readingHistory=true) (32.635333ms)
✔ AI received during a phone modal becomes visible on close and respects scroll position (readingHistory=false) (8.791166ms)
✔ close history renders the saved node and callback snapshot after current plans and ownership change (10.499041ms)
✔ SOP reasons for the same node stay isolated by customer issue through cancel, reload and submit (52.79825ms)
✔ a failed pause save suppresses the next AI timer and stays suppressed after reload without claiming a persisted pause (14.109917ms)
✔ mobile and desktop share the current customer conversation and unsent draft through reload (47.915917ms)
✔ mobile routes an operations-origin session to the real customer identity and public records only (13.119375ms)
✔ mobile moves the existing dialog inside the phone with show and restores the desktop modal (8.066709ms)
✔ offline mobile keeps editable input and rejects forced submit until connection resumes (13.516458ms)
✔ structured application preview and cancel make no business write and keep all editable fields (19.7835ms)
✔ dynamic suggestion cancel, append and replace preserve the intended public draft without sending (20.307667ms)
✔ an external order update blocks old confirmation and refresh restores the draft for a fresh preview (12.729583ms)
✔ close panel submits rendered disposition fields and callbacks atomically after validation (11.31825ms)
✔ a concurrent customer message prevents closing an old panel without discarding its draft (10.230958ms)
✔ A02/A03 full SOP and four aftersales steps stay visible without fabricating irrelevant progress (8.329833ms)
✔ A02 an existing human support issue does not swallow a later return request or auto-send a reply (0.416666ms)
✔ A02 multiple order numbers stay unbound until a human matches each issue (0.341708ms)
✔ A04/A05 structured preview is read-only and confirmation validates owner/order/required exchange demand atomically (2.074208ms)
✔ A05 repeated structured application reuses receipt and a blank placeholder merges into original issue (1.127708ms)
✔ A05 committed aftersales cannot be rebound and unrelated orders create independent issues (0.537125ms)
✔ A02 order querying records evidence without sending or completing business (0.408584ms)
✔ A06/A07 AI is explicit, delayed, limited to two distinct turns and never claims first human response (1.150833ms)
✔ A07/A08 delayed AI rejects stale authorization after reply (0.408209ms)
✔ A07/A08 delayed AI rejects stale authorization after reassign (0.399875ms)
✔ A07/A08 delayed AI rejects stale authorization after offline (0.332459ms)
✔ A07/A08 delayed AI rejects stale authorization after new-message (0.365167ms)
✔ A07/A08 delayed AI rejects stale authorization after knowledge (0.273333ms)
✔ A07/A08 delayed AI rejects stale authorization after order (0.281ms)
✔ A07 opt-out survives attempts to grant again and source-less questions stay with humans (0.294958ms)
✔ A08 recommendations must be rechecked after message (1.155917ms)
✔ A08 recommendations must be rechecked after expired (0.302ms)
✔ A08 recommendations must be rechecked after disabled (0.247625ms)
✔ A08 recommendations must be rechecked after version (0.25575ms)
✔ A08 recommendations must be rechecked after order (0.233042ms)
✔ A08 recommendations must be rechecked after owner (0.230583ms)
✔ A09 connection is customer scoped, blocks sends and survives roundtrip without implying a closed case (0.559833ms)
✔ A10/A11 close excludes its own control node, requires every unfinished item and creates one followup per issue atomically (0.967667ms)
✔ A10 stale close previews and unauthorized close reject without any business mutation (0.999584ms)
✔ A11 submitted aftersales cannot be discarded by NA or withdrawal (1.549291ms)
✔ A12/A13 callback close is atomic, ownership inherited and cannot complete the underlying issue (0.844208ms)
✔ A13 a colleague ticket may be referenced but its callback/due date cannot be changed (0.811791ms)
✔ A14 reopening preserves closure snapshots and close completion is conversation scoped (0.354792ms)
✔ A17 customer projection omits internal workflow, closure, callback and AI authorization details (0.481875ms)
✔ A10/A17 storage failure or a stale tab leaves close arrangements and history untouched (0.589459ms)
✔ A17 old optional-field-free records remain valid while malformed new fields are blocked (0.462416ms)
✔ A03 bot intake and human intake share only explicit service type and quoted reason prefill (0.401792ms)
✔ exchange prefill quotes explicit replacement requests but leaves unknown or declined demands blank (0.81975ms)
✔ A02 a human-stage combined logistics and aftersales request keeps two independently actionable issues (0.1895ms)
✔ A09 offline cannot create customer-visible side effects through alternative customer commands (0.328542ms)
✔ changing an uncommitted order invalidates old logistics evidence and keeps both source orders private (0.496834ms)
✔ withdrawing an unsubmitted issue retains its history without capturing the next request (0.483834ms)
✔ pending callback on a completed ticket can transfer without reopening business (0.461792ms)
✔ A06 preview facts must still match at confirmation and exact successful retries remain idempotent (0.790917ms)
✔ a repeated merged-placeholder confirmation returns the original receipt even after placeholder removal (0.531084ms)
✔ an unaccepted aftersales followup stays unfinished and upgrades the original ticket after reopening and order confirmation (2.412958ms)
✔ bot resumption collects a missing followup order and still offers application intake (0.634875ms)
✔ a case with followup history cannot be silently merged into another accepted order (1.269959ms)
✔ followup acceptance requires complete structured fields and validates marker shape without changing legacy acceptance (1.191583ms)
✔ followup upgrades respect staff ownership while a customer confirmation preserves the assigned owner and callback (0.857125ms)
✔ a verified suggestion reply keeps the exact citation after knowledge changes (0.314917ms)
✔ closing one issue rejects contradictory target times for its shared followup ticket atomically (0.959958ms)
✔ an order reply rejects changed or unrelated facts while ordinary manual replies remain available (1.135042ms)
ℹ tests 703
ℹ suites 0
ℹ pass 703
ℹ fail 0
ℹ cancelled 0
ℹ skipped 0
ℹ todo 0
ℹ duration_ms 675.184792
