✔ new commerce workspace persists independently without reading or writing old V4 data (5.790708ms)
✔ existing commerce raw data wins over seed and roundtrips user history (8.249875ms)
✔ damaged existing commerce data is preserved: "" (0.155416ms)
✔ damaged existing commerce data is preserved: "{broken" (0.06775ms)
✔ damaged existing commerce data is preserved: "{\"schema\":5}" (0.062792ms)
✔ initial save failure blocks entry without changing old data or inventing success (0.341667ms)
✔ initial readback failure preserves the newly written raw value for recovery (0.18725ms)
✔ an existing target appearing during initialization is never overwritten (0.21025ms)
✔ dispatch save failure and stale page both preserve current business state (0.556209ms)
✔ commerce validation rejects negative amount without resetting the saved value (0.640542ms)
✔ commerce validation rejects fractional amount without resetting the saved value (0.242416ms)
✔ commerce validation rejects unsafe amount without resetting the saved value (0.239708ms)
✔ commerce validation rejects duplicate item without resetting the saved value (0.275542ms)
✔ commerce validation rejects cross-order allocation without resetting the saved value (0.138292ms)
✔ commerce validation rejects excess package quantity without resetting the saved value (0.23075ms)
✔ commerce validation rejects missing allocation without resetting the saved value (0.191042ms)
✔ commerce validation rejects payment amount mismatch without resetting the saved value (0.157208ms)
✔ commerce validation rejects missing provenance without resetting the saved value (0.206125ms)
✔ commerce validation rejects unsupported currency without resetting the saved value (0.12925ms)
✔ post-write read exception enters recovery and retains the bytes already saved (0.411792ms)
✔ commerce customer shows a single order with item amounts, paid status and two packages (51.42825ms)
✔ desktop facts modal gives the selected package/item and never another customer (9.720125ms)
✔ mobile and desktop query the same order and the mobile dialog stays inside the phone (23.906292ms)
✔ commerce entry never alters old V4 raw data or old draft cache (17.970041ms)
✔ broken commerce raw value has a recovery screen instead of replacing it with samples (2.880417ms)
✔ system administrator can find the byte-preserving V4 export (3.484625ms)
✔ agent adopts and sends the actual commerce query snapshot through the real UI events (57.0485ms)
✔ commerce sample has one customer order, two items and two separate packages (7.548333ms)
✔ payment and package queries have independent scopes and explicit fact provenance (4.128375ms)
✔ customer cannot query foreign or missing commerce order: EC-SO20261005009 (2.266709ms)
✔ customer cannot query foreign or missing commerce order: NOT-FOUND (0.251375ms)
✔ item/package filters reject foreign references instead of guessing an object (0.331208ms)
✔ querying one item leaves the other item and all business records unchanged (0.227375ms)
✔ payment failed never becomes unpaid or a definite paid amount (0.464833ms)
✔ payment unknown never becomes unpaid or a definite paid amount (0.581333ms)
✔ public projections do not include internal payment/package properties or another customer (0.791209ms)
✔ chat understands the independent commerce order prefix and explains both packages (8.294334ms)
✔ signed-but-not-received is an unresolved request even when tracking can be queried (1.281291ms)
✔ agents must own the actual customer conversation before querying commerce facts (1.080042ms)
✔ existing whole-order intake cannot register a commerce aftersale before the item flow exists (0.626875ms)
✔ business exception cannot be completed by a generic tracking reply: 显示签收但没有收到 (0.2795ms)
✔ business exception cannot be completed by a generic tracking reply: 杯子碎了 (0.239042ms)
✔ business exception cannot be completed by a generic tracking reply: 快递丢了 (0.983167ms)
✔ business exception cannot be completed by a generic tracking reply: 物流异常 (1.09775ms)
✔ business exception cannot be completed by a generic tracking reply: 支付失败 (0.606292ms)
✔ business exception cannot be completed by a generic tracking reply: 商品和描述不一样 (1.471833ms)
✔ business exception cannot be completed by a generic tracking reply: 卡上扣了两笔钱 (0.485375ms)
✔ a simple polite payment query still returns verified commerce facts (0.739083ms)
✔ supplying an order in a later turn cannot erase the unresolved description: 查物流，物流异常 (3.853958ms)
✔ supplying an order in a later turn cannot erase the unresolved description: 查支付，支付失败 (0.294792ms)
✔ a plain query without an order can collect the order in a later turn (0.301209ms)
✔ AI continuation refuses incomplete commerce facts rather than replying from an order summary (0.938917ms)
✔ SOP logistics recognizes a successful commerce query and keeps failed queries unfinished (6.799458ms)
✔ commerce built-in regression uses actual sample IDs and the current intake boundary (5.287084ms)
✔ default V4 cannot pretend to answer a payment question with a logistics summary (0.229666ms)
✔ commerce order reply snapshots include package facts and reject a stale copied reply (0.763084ms)
✔ new defaults use neutral identities and greeting (11.523833ms)
✔ fresh customer greeting has no made-up personal salutation (0.125167ms)
✔ legacy defaults update without mutating the input (1.319959ms)
✔ copy update preserves record identities, ownership, timestamps and statuses (0.678375ms)
✔ customer and staff text is never globally replaced (0.25375ms)
✔ only first bot welcome is replaced, not quoted or authored copies (0.2005ms)
✔ custom names, email, knowledge drafts and sources are preserved (0.214083ms)
✔ non-bundled customer records are not relabeled (1.71625ms)
✔ copy upgrade is idempotent and preserves current seeds (1.13275ms)
✔ default knowledge source changes invalidate affected cached publish tests (0.338333ms)
✔ store preserves a byte-exact backup before updating saved defaults (0.852625ms)
✔ backup failure blocks migration without replacing existing records (0.308333ms)
✔ save failure retains original state and backup (0.251166ms)
✔ a conflicting tab change prevents migration overwrite (0.318ms)
✔ unrelated storage and draft keys are not touched (0.248875ms)
✔ runtime templates contain no old branding or fake salutations (1.819125ms)
✔ retry after a failed migration backs up the latest original without replacing an earlier backup (2.463416ms)
✔ same-name custom identities retain their audit attribution and ambiguous labels are preserved (1.35375ms)
✔ changing bundled knowledge dependencies invalidates other article checks without editing drafts (0.404625ms)
✔ custom author names matching object properties survive serialization (0.662125ms)
✔ new request after an agent result remains actionable (closed=false) (10.535333ms)
✔ new request after an agent result remains actionable (closed=true) (1.376708ms)
✔ collected order reuses original aftersales issue and ticket: SO20260926001 (1.8205ms)
✔ collected order reuses original aftersales issue and ticket: 申请退货 SO20260926001 (0.577708ms)
✔ seed and empty workspaces are valid (0.96825ms)
✔ broken or foreign pending case references block loading without replacing saved data (0.460084ms)
✔ ticket command rejects a second active aftersales case for the same customer order (3.007917ms)
✔ order collection stops after agent completeCase (1.283084ms)
✔ order collection stops after agent createTicket (1.103208ms)
✔ deterministic regression reports 12 real checks passing (4.26075ms)
✔ FAQ completes a case without making a ticket or fabricating customer confirmation (0.957958ms)
✔ customer explicitly confirms FAQ separately (0.632292ms)
✔ declining human handoff is not routed to a human (0.393625ms)
✔ explicit handoff has precedence over order lookup (0.30575ms)
✔ keyword compounds are not mistaken for handoff intent (0.115541ms)
✔ multiple requests create separate issues but no unconfirmed ticket (0.374625ms)
✔ requests for different orders require manual matching instead of binding both to the first (0.375125ms)
✔ order lookup can continue after a knowledge interruption (2.149375ms)
✔ aftersales order collection continues after knowledge interruption (0.258625ms)
✔ other customer orders are denied, not exposed (0.291333ms)
✔ read-only test faults return orderFailure without business mutation (0.065791ms)
✔ ambiguous competing knowledge escalates, not random selection (0.080084ms)
✔ expired knowledge cannot answer (0.045333ms)
✔ unpublished knowledge cannot answer (0.198292ms)
✔ no robot replies once human owns the conversation (0.185625ms)
✔ queued messages remain available without robot interference (0.106375ms)
✔ another agent cannot reply to an owned conversation (0.579292ms)
✔ duplicate conversation claim is denied (0.524292ms)
✔ internal note does not count as first human response (0.441666ms)
✔ public reply alone cannot complete a case (0.954292ms)
✔ recorded human outcome requires both conclusion and private evidence (0.317708ms)
✔ closing keeps historic ownership instead of losing My History (0.303875ms)
✔ new handoff cycle resets SLA first response and retains historic case (1.131166ms)
✔ role command boundaries: agents cannot publish and operators cannot reply (0.602792ms)
✔ role impersonation mismatching staff record is denied (3.554917ms)
✔ all customer write commands reject foreign records (1.364375ms)
✔ ticket creation requires explicit final confirmation (0.511208ms)
✔ customer cannot submit an unverified order (0.49825ms)
✔ ticket same request key is idempotent (0.49325ms)
✔ same request key cannot be reused for different content (0.73425ms)
✔ same issue keeps its active ticket even with a different request key (0.21225ms)
✔ repeat aftersales request in a new conversation reuses the original issue (0.205959ms)
✔ ticket claimant owns modifications; another agent is denied (0.269916ms)
✔ manager reassignment changes rights, not original receipt time (0.357708ms)
✔ conversation reassignment prevents former owner from replying (0.268292ms)
✔ customer supplements a waiting ticket without creating a new one (0.210208ms)
✔ ticket completion requires evidence and is not automatic customer confirmation (0.608083ms)
✔ customer dispute reopens same ticket and preserves receipt time and outcome (0.251ms)
✔ customer projection strips private notes, result evidence and unrelated data (0.202ms)
✔ ticket history public projection strips internal fields (0.22625ms)
✔ no bypassing an existing ticket via conversation completion (0.25975ms)
✔ independent staff ticket does not fabricate a conversation (0.057125ms)
✔ capacity and offline availability prevent claims (0.747959ms)
✔ team data scope is enforced for commands and projections (0.341625ms)
✔ related tickets owned by a colleague are visible only as linked context (0.371ms)
✔ knowledge publication requires testing and preserves previous answer snapshot (1.406083ms)
✔ changing dependency invalidates an earlier publication test (0.89825ms)
✔ failed negative test blocks knowledge publication (0.44525ms)
✔ flow publication affects new conversations, not existing snapshots (0.369666ms)
✔ required explicit-human boundary cannot be disabled (0.152ms)
✔ quality closure needs original query replay and published revised knowledge (1.1145ms)
✔ quality cannot link unreviewed gap or accept unrelated knowledge (0.403208ms)
✔ read-only export does not mutate audit or revision (0.119541ms)
✔ saved workspace roundtrip preserves business identities (0.292042ms)
✔ storage failure leaves memory and saved data unchanged (0.114583ms)
✔ stale-tab writes fail instead of replacing another tab change (0.727ms)
✔ invalid JSON is preserved and no new seed overwrites it (0.104583ms)
✔ invalid relationships are rejected, not rendered with invented missing data (0.663625ms)
✔ old version storage is never overwritten or silently migrated (0.100625ms)
✔ storage permission failures become a blocked workspace (0.049417ms)
✔ 初始样例结构完整，事项计数与会话计数分开 (7.213416ms)
✔ 空消息不写入会话或执行记录 (0.312792ms)
✔ 空白或超长消息校验采用Unicode码点 (25.944459ms)
✔ A01 不要转人工不触发人工分支 (0.392166ms)
✔ A02 通用政策不强制索要订单号 (0.275666ms)
✔ A03 退款诉求不能被订单号劫持为查询 (0.225333ms)
✔ A04 订单查询和商品知识作为两件事响应 (0.649625ms)
✔ 物流与售后申请同时保留，受理前没有工单 (1.415334ms)
✔ 明确不想退款只回答咨询，不能创建申请 (0.279041ms)
✔ 单纯进入页面不属于引擎创单行为 (0.142458ms)
✔ 查询缺订单号时先采集 (0.183084ms)
✔ 插问不会清空原采集事项，补订单号仍回到原事项 (0.477958ms)
✔ 跨轮采集结果经JSON还原仍可继续 (1.566ms)
✔ 未知订单不伪造卡片，保留可复核线索 (0.673208ms)
✔ 查询出错后直接更正订单号复用同一采集事项 (0.655125ms)
✔ 未知知识合理拒答，不能计为已解决 (0.665291ms)
✔ 人工与等待期间只保留消息，机器人不抢答 (3.039542ms)
✔ 未接管不能回复，另一坐席不能代当前坐席回复 (1.302166ms)
✔ A08 满载拒绝接管；叠加查询超时仍保留信息与留单出口 (4.635833ms)
✔ 真实本地占用达到容量后不能继续接管 (0.260042ms)
✔ A07 旧会话转人工读取实时离线而非流程快照 (0.174875ms)
✔ 接管后离线释放处理权，旧坐席不能继续发送 (0.15625ms)
✔ 重复接管只会成功一次 (0.133083ms)
✔ 取消排队不取消人工事项，也不清除人工介入历史 (0.133583ms)
✔ 未完成事项不能因结束聊天被解决 (0.172417ms)
✔ 分项确认仅改变当前事项，办理仍未解决 (0.681458ms)
✔ A05 未完成工单阻止该事项确认，整体确认不能越过待办 (0.298792ms)
✔ 没有结果依据不显示可确认状态 (0.139375ms)
✔ 已结束咨询拒绝普通消息，不会隐式重开 (0.110625ms)
✔ 跨会话关联保留原事项与首次受理时间 (0.359917ms)
✔ 跨客户关联的本地负例被拒绝，非真实安全验收 (0.132958ms)
✔ 售后申请未确认前仅是预览，不自动建单 (0.130917ms)
✔ 工单必须归属明确事项，多事项不默认合并 (0.155583ms)
✔ 重复受理按事项拦截，不靠同名标题 (0.175459ms)
✔ 无效标题或工单归属失败不创建业务对象 (0.262917ms)
✔ 工单必须指定负责人，不能从待分配直接完成 (0.179041ms)
✔ 完成必须有结果证据，不能只点击完成按钮 (0.164791ms)
✔ 工单完成后事项待确认，只有客户确认才解决 (0.199ms)
✔ 内部备注和内部证据不写入客户消息 (0.218ms)
✔ A09 结束咨询后仍可补工单，聊天保持结束 (0.186542ms)
✔ 原负责人离线，客户补充后回到待分配并保留材料 (0.187459ms)
✔ 重复补充不能重复推进工单状态 (0.181125ms)
✔ 撤销工单不会自动撤销或解决原服务需求 (0.16675ms)
✔ A11 未解决异议立即重开事项，工单标异议待核 (0.233333ms)
✔ 异议成立重开原工单不增加工单或受理量 (0.239458ms)
✔ 异议不成立恢复原解决时间，不增加一次解决 (0.385958ms)
✔ 草稿、停用、未来和过期知识不参与正式检索 (0.269958ms)
✔ 适用范围不匹配的知识不进入答案 (0.112083ms)
✔ 同等匹配且答案冲突时拒绝选第一条答案 (2.466708ms)
✔ 编辑知识仅保存草稿，不改变历史答案或现行内容 (0.202459ms)
✔ 知识无变化保存不增版本 (0.09575ms)
✔ 知识必需来源、维护人和有效时效 (0.127917ms)
✔ 知识必须回归后发布，发布后前台命中 (1.747834ms)
✔ 知识测试后修改答案导致发布依据失效 (8.149667ms)
✔ 重复标准问题与重叠时效不能直接发布 (0.4675ms)
✔ A06 紧急停用对旧会话下一问立即生效，历史原文保留 (0.672833ms)
✔ 已撤销依据不能继续确认此前的知识事项 (0.444916ms)
✔ 流程草稿不影响已发布会话，草稿试验不产生服务数据 (0.99075ms)
✔ 发布必须有当前草稿完整回归，单条simulate不算 (0.852ms)
✔ A13 回归后改流程参数，旧依据失效 (3.927583ms)
✔ 发布后新会话绑定新流程，旧会话仍保留旧流程 (2.939125ms)
✔ 售后受理配置关闭后新会话不开放自助申请 (1.983083ms)
✔ 流程回滚生成新版本并保留历史，不覆盖旧记录 (2.133042ms)
✔ 无变化禁止重复发布，无效配置不会写半次消息 (0.287292ms)
✔ 紧急停用工具即时阻断旧流程，不伪造成功结果 (0.158125ms)
✔ 本地归属负例不暴露订单存在性 (0.173417ms)
✔ 确认质量问题必须填写根因和责任人 (0.191417ms)
✔ A10 无整改措施及验证不能关闭质量问题 (0.186417ms)
✔ 知识整改：线索→分派→草稿→回归→发布→原问题验证→验收 (3.489125ms)
✔ 验证后知识停用，整改验收依据失效 (2.374542ms)
✔ 本地发布回归完整执行且不创建业务事项 (3.612625ms)
✔ 无结果依据、无反馈保持待确认，不冒充生产解决率 (0.438417ms)
✔ 转接摘要包含独立事项、工单与原始信息 (0.787042ms)
✔ 二轮复审：不要机器人、请转人工不能误判为拒绝人工 (0.16ms)
✔ 二轮复审：转人工接续现有售后事项，不虚增第三个需求 (0.220791ms)
✔ 二轮复审：相同提交标识的精确重放返回原工单 (0.192416ms)
✔ 二轮复审：受理确认时更正订单线索，事项与工单必须一致 (0.140541ms)
✔ 二轮复审：UI与发布门槛使用相同的测试有效性检查 (1.0845ms)
✔ 人工完成知识咨询工单后，客户可以确认并对结果提出异议 (0.206833ms)
✔ 关闭自助售后拦截客户提交和改分类绕过，保留客服受理 (1.839042ms)
✔ 关闭自助售后不影响其他问题留单和旧会话的已发布配置 (1.13575ms)
✔ 同事项两张历史工单异议均不成立时，恢复原确认时间 (0.36475ms)
✔ 同事项任一工单异议成立后，剩余异议驳回不能代替客户再次确认 (1.777583ms)
✔ 异议成立的工单撤销后，其他异议驳回仍保留未解决事项 (0.230167ms)
✔ 重新完成的工单再次收到异议，最后复核该工单仍可等待客户确认 (0.519791ms)
✔ 三轮复审：否定转人工的常见说法不进入人工队列 (0.787459ms)
✔ 三轮复审：人工智能、人工费等构词不是转人工诉求 (0.225875ms)
✔ 三轮复审：只命中一个泛关键词不作答，转为未命中线索 (0.316667ms)
✔ 三轮复审：售后政策类新 FAQ 可回归、可发布、可命中 (1.17675ms)
✔ 三轮复审：多事项里的商品咨询按原句检索，不套用固定商品 (0.1485ms)
✔ 三轮复审：新 FAQ 抢答存量问句时草稿回归不通过，不能发布 (1.01ms)
✔ 三轮复审：流程改动让存量 FAQ 失效时发布回归不通过 (2.479666ms)
✔ 三轮复审：补订单号的自然说法回填原查询事项 (0.910667ms)
✔ 三轮复审：待补订单号的售后事项接收订单号，不另建事项 (3.788916ms)
✔ 三轮复审：质问或反问要人工仍然转人工，只有明确拒绝才不转 (1.229666ms)
✔ 默认流程结构完整，默认行为通过原有服务回归 (28.733958ms)
✔ 条件与连线决定实际路径，同类问题得到不同结果 (0.548959ms)
✔ 重接同一端口替换旧连线，立即改变运行结果 (0.659167ms)
✔ 同类型节点的参数独立，超时节点不会改动正常节点 (1.000417ms)
✔ 自定义回复按实际路径输出，不伪造订单或解决证据 (0.760416ms)
✔ 即使完成了查询，绕过结果回复也不会生成可确认的证据 (0.618125ms)
✔ 上游结果可以作为条件输入，不存在的结果按空值判断 (0.26475ms)
✔ 缺少任一输出连接时禁止运行，真实服务状态保持原样 (0.883916ms)
✔ 自连、回连、连接开始节点均被拦截，旧连线不丢失 (0.126084ms)
✔ 导入形状中的环路、重复端口与悬空连线不能绕过运行校验 (0.528083ms)
✔ 删除节点同步移除相关线，并暴露新断点 (0.12525ms)
✔ 孤立节点、缺少开始、多个开始和缺少结束都有可定位错误 (0.188917ms)
✔ 条件空值、节点空名称及无效配置在运行前报错 (0.276958ms)
✔ 移动节点不使回归失效，修改连线和参数都会失效 (6.403792ms)
✔ 只修改布局保存为草稿，不制造业务版本变化 (1.02225ms)
✔ 新会话执行发布的图，旧会话继续执行自己的图快照 (25.693709ms)
✔ 图可完整 JSON 保存恢复，恢复历史版本生成新快照 (6.552291ms)
✔ 旧 V3.1 数据只补流程图，既有会话、知识和工单保持原样 (3.59325ms)
✔ 旧发布记录没有图时，回滚仍能得到可编辑的图 (7.2905ms)
✔ 节点关闭售后或绕过受理输出，客户不能绕开节点直接建单 (5.36875ms)
✔ 每一步记录真实节点与边，未经过的节点不会出现在轨迹里 (0.2155ms)
✔ 自助表单更换订单不能绕过该订单的画布分支，拒绝时无副作用 (10.360666ms)
✔ 同事项最新一轮转人工后，历史售后预览不能继续授权自助提交 (2.803042ms)
✔ 其他事项的后续问答不撤销原事项仍有效的售后预览 (6.853583ms)
✔ 新增查询节点的超时进入坐席摘要，旧节点轨迹仍可读取 (10.59375ms)
✔ 默认客户问答、订单与来源不带展示环境文案 (4.902042ms)
✔ 客户查询与售后仍是两个事项，登记工单不等于完成售后 (0.931375ms)
✔ 数据兼容不改写人工消息或自定义知识 (2.843583ms)
✔ 产品页面移除演讲入口，售后表单使用已定义的访客变量 (2.121167ms)
✔ 恢复初始配置不会重新填充历史业务记录 (0.15075ms)
✔ 内置旧引用升级，自定义 FAQ 的历史回复和证据逐字保留 (0.968792ms)
✔ each service metric drills into the exact projected case set and keeps execution separate from resolution (82.923625ms)
✔ the manager approval queue includes only requests awaiting review and names the next responsibility (6.537833ms)
✔ administrator simulated events target one application and the next receipt version, without approving it (8.12125ms)
✔ schema5 knowledge carries item and rule scope, while a stale evaluation cannot unlock publication (7.489333ms)
✔ flow evaluation renders recorded failures and leaves business and notification remediation outside knowledge publishing (5.851958ms)
✔ actual query metric opens its saved business evidence (85.62225ms)
✔ published knowledge can run actual whole workflow evaluation without a draft (36.71025ms)
✔ manager can process an expired handoff through the real UI (16.574167ms)
✔ commerce application is attached to a selected item and requires a customer confirmation (33.751917ms)
✔ changing application fields requires another preview and preserves the reason (26.164291ms)
✔ phone application failure stays inside the phone and restores its editable draft after reload (12.840667ms)
✔ a failed formal save keeps the confirmation form and never claims that the application exists (13.433042ms)
✔ customer progress counts independent matters and public detail hides the handoff summary (52.088375ms)
✔ real UI events separate approval, return, warehouse, refund, notification and customer feedback (119.256417ms)
✔ return and supplement forms retain rejected input while the customer can continue the original matter (16.445458ms)
✔ commerce service drafts leave the default V4 record and draft cache byte unchanged (7.369292ms)
✔ handoff is visible to its target while the source keeps ownership until acceptance (21.286375ms)
✔ the service ticket pool acquires matter responsibility and keeps conversation ownership separate (26.760208ms)
✔ preview does not reserve, register or submit; explicit confirmation creates one item application (11.674666ms)
✔ same confirmation replays original receipt; changed content with same id is rejected (1.011875ms)
✔ changed facts and another request after reservation require recheck, not another application (1.357292ms)
✔ ownership, payment facts, quantity and material guard are checked before preview (1.038375ms)
✔ two named product requests are independently bound and neither exception is completed by lookup (8.413292ms)
✔ policy question does not trigger a business application; request is only collected until confirmed (1.357ms)
✔ agent cannot approve or simulate a payment; admin cannot grant business approval (0.741292ms)
✔ approval and physical receipt are independent from warehouse acceptance and refund (2.888125ms)
✔ happy return ends only on simulated refund result; second product and payment remain unchanged (3.235916ms)
✔ unknown refund queries original request and cannot be done, retried or released (5.643333ms)
✔ same obligation never pays twice, repeated and older receipt do not rewrite success (1.478334ms)
✔ supplement returns to review without erasing approval history or extending original deadline (0.439334ms)
✔ rejection or confirmed safe withdrawal releases only unused reservation (0.83775ms)
✔ notification failure does not change refund success or invent customer satisfaction (1.114417ms)
✔ dispute reopens original service, preserving successful refund and consumed allowance (0.873083ms)
✔ handoff keeps original owner until target accepts with version; old owner loses rights (0.937792ms)
✔ handoff updated context requires recheck and timeout preserves responsibility (0.863666ms)
✔ handoff summary and public projection keep facts and decisions while hiding internal review (1.248542ms)
✔ completeCase, SOP overrides and old intake cannot bypass a formal service result (2.186875ms)
✔ workflow eval executes all multi-turn branches on isolated copies without mutating business data (6.071542ms)
✔ knowledge test includes whole workflow and scope/versions invalidate publish (13.048ms)
✔ nonknowledge issue cannot be closed by merely publishing knowledge (0.519333ms)
✔ metric memberships allow all counts to be recalculated and human business steps exclude AI-only (6.307417ms)
✔ unresolved rejection dispute cannot hide a second application under the same case (2.808167ms)
✔ passing flow evaluation remains publishable and configuration changes invalidate it (21.621625ms)
✔ item scope is checked against the full policy question including box aliases (23.987291ms)
✔ notification remediation requires the original delivery receipt, not a completed refund (31.515833ms)
✔ policy response uses executable rule amounts and prerequisites even with a misleading draft (37.278833ms)
✔ a policy dependency expiring after testing blocks publication (30.28175ms)
✔ higher-version safety evidence can terminate an already failed refund without changing its outcome (4.091417ms)
✔ item handoff protects generic commands and enables public replies by the new owner (1.101417ms)
✔ explicit foreign or mismatching orders cannot silently bind a product request to the sample order (0.377125ms)
✔ negated defects and completed applications cannot produce phantom pending work (3.254458ms)
✔ evaluation of a published article uses its live version when no draft exists (20.551167ms)
✔ routing remediation rechecks every original product matter instead of only the last one (18.043167ms)
✔ an assigned matter can receive public followup after its conversation closes (0.687125ms)
✔ short policy questions and human suggestions share the same executable policy answer (23.282166ms)
✔ 返修 run.py sends no-store on successful, conditional and missing resources (136.136375ms)
✔ F1 pure social: 你好 (8.646125ms)
✔ F1 pure social: 在吗 (0.245625ms)
✔ F1 pure social: 谢谢 (0.182458ms)
✔ F1 pure social: 好的 (0.173916ms)
✔ F1 pure social: 您好！ (0.185834ms)
✔ F1 pure social: 谢谢你，辛苦了。 (0.1745ms)
✔ F1 pure social: 嗯嗯，收到 (0.137042ms)
✔ F1 pure social: 明白了 (0.128584ms)
✔ F1 pure social: OK (0.38325ms)
✔ F1 pure social: hello (0.189458ms)
✔ F1 pure social: 您好呀 (0.144167ms)
✔ F1 pure social: 好的，谢谢您 (0.147292ms)
✔ F1 mixed business preserves routing: 你好，七天无理由退货有什么条件？ (0.747959ms)
✔ F1 mixed business preserves routing: 谢谢，查物流 SO20260926001 (0.177125ms)
✔ F1 mixed business preserves routing: 好的，我要换货 SO20260926001 (0.333958ms)
✔ F1 mixed business preserves routing: 你好，我要人工 (0.1705ms)
✔ F1 mixed business preserves routing: 谢谢，礼品卡可以分多次使用吗？ (0.176125ms)
✔ F1 mixed business preserves routing: 好的，不要转人工，我只问退货规则 (0.139916ms)
✔ F1 mixed business preserves routing: 谢谢不用退货了，查物流 SO20260926001 (0.135583ms)
✔ F1 thanks after an answer leaves the result, feedback and issue counts intact (2.480625ms)
✔ F1 social preserves queued state and existing issues (0.250708ms)
✔ F1 social preserves human state and existing issues (0.271667ms)
✔ F1 social preserves closed state and existing issues (0.850416ms)
✔ F1 social keeps pending order collection and does not schedule another AI reply (2.102958ms)
✔ F1 greetings from multiple customers create no knowledge gaps (0.384875ms)
✔ F1 configured handoff still takes precedence over a social phrase (0.134083ms)
✔ F1 explicit AI refusal survives polite messages across conversation states (2.803709ms)
✔ F8 completed support has no leftover; closing preserves result and done snapshot without tickets (0.392959ms)
✔ F8 public reply confirms the sole issue but an internal note does not (0.309791ms)
✔ F8 public answer confirmation survives a later issue in the same conversation (0.347ms)
✔ F8 reply is attributed to the selected issue and rejects unrelated issue ids (54.891708ms)
✔ F8 reply uses the displayed default issue when no problem tab was clicked (16.324ms)
✔ F1 long mixed acknowledgement does not block classification (77.031542ms)
✔ F8 refuses forged na for a completed issue atomically (1.690417ms)
✔ F8 refuses forged withdrawn for a completed issue atomically (0.220792ms)
✔ F8 completed order is excluded while unfinished issues still require tracked dispositions (0.624292ms)
✔ F8 closing UI shows no disposition for completed issues and preserves defaults for open ones (15.011833ms)
✔ 续修 social false: 88 (7.176083ms)
✔ 续修 social false: 8886 (0.243625ms)
✔ 续修 social false: 回头见 (1.402083ms)
✔ 续修 social false: 下次见啦 (0.18025ms)
✔ 续修 social false: 谢谢亲 (0.167083ms)
✔ 续修 social false: 多谢小姐姐呀 (0.125958ms)
✔ 续修 social false: 感谢客服小哥哥 (0.111958ms)
✔ 续修 social false: 行 (0.152375ms)
✔ 续修 social false: 行呀 (0.134666ms)
✔ 续修 social false: 早呀 (0.160708ms)
✔ 续修 social false: 早啊 (0.117375ms)
✔ 续修 social false: 嗨 (0.117084ms)
✔ 续修 social false: 嗨呀 (0.102542ms)
✔ 续修 social false: 回头见，谢谢亲 (0.104125ms)
✔ 续修 social true: 88 (0.528583ms)
✔ 续修 social true: 8886 (0.231167ms)
✔ 续修 social true: 回头见 (0.405083ms)
✔ 续修 social true: 下次见啦 (0.560166ms)
✔ 续修 social true: 谢谢亲 (0.174041ms)
✔ 续修 social true: 多谢小姐姐呀 (0.18075ms)
✔ 续修 social true: 感谢客服小哥哥 (0.167708ms)
✔ 续修 social true: 行 (0.16725ms)
✔ 续修 social true: 行呀 (0.938041ms)
✔ 续修 social true: 早呀 (0.988167ms)
✔ 续修 social true: 早啊 (0.782875ms)
✔ 续修 social true: 嗨 (0.512375ms)
✔ 续修 social true: 嗨呀 (1.78925ms)
✔ 续修 social true: 回头见，谢谢亲 (0.756375ms)
✔ 续修 query: 查物流 EC-SO20261005001 (2.146292ms)
✔ 续修 query: 查支付 EC-SO20261005001 (0.996ms)
✔ 续修 query: 查下订单 EC-SO20261005001 (0.416708ms)
✔ 续修 query: 嗨，查下订单 EC-SO20261005001，谢谢亲 (0.909417ms)
✔ 续修 query: 早呀，查下包裹 EC-SO20261005001，回头见 (0.652625ms)
✔ 续修 policy: 杯子坏了能退吗 (1.472166ms)
✔ 续修 policy: 杯子破损能退货吗 (0.318334ms)
✔ 续修 policy: 嗨，保温杯裂了能退吗，谢谢亲 (0.143166ms)
✔ 续修 keep business: 行，我要人工 (0.107084ms)
✔ 续修 keep business: 早呀，帮我退货 (0.067291ms)
✔ 续修 keep business: 谢谢亲，我的包裹没到 (0.065875ms)
✔ 续修 keep business: 嗨，礼品卡能分次用吗 (0.086ms)
✔ 续修 keep business: 回头见，我的钱扣了两次 (0.064209ms)
✔ 续修 keep business: 杯子坏了能退吗，袋子没到 (0.06575ms)
✔ 续修 numeric goodbye does not strip order suffix (0.154958ms)
✔ 审查 social: 谢啦亲 (0.086208ms)
✔ 审查 social: 谢了老板 (0.052084ms)
✔ 审查 social: 好哇 (0.04975ms)
✔ 审查 social: 好咧 (0.048791ms)
✔ 审查 social: 谢谢你们 (0.046375ms)
✔ 审查 social: 再会 (0.046625ms)
✔ 审查 mixed policy: 保温杯破损怎么退，卡上扣了两笔钱 (0.272875ms)
✔ 审查 mixed policy: 保温杯破损怎么退，我的钱被扣了两次 (0.142292ms)
✔ 审查 mixed policy: 保温杯破损怎么退，退款还没到账 (0.116709ms)
✔ 审查 mixed policy: 保温杯破损怎么退，包裹没收到而且杯子坏了 (0.123917ms)
✔ 审查 mixed policy: 保温杯退货规则，订单地址错了 (0.118875ms)
✔ 审查 mixed policy: 保温杯怎么退，你们几点开门 (0.155958ms)
✔ 审查 intact alphanumeric ID: 20261005OK (0.132209ms)
✔ 审查 intact alphanumeric ID: HI (0.3875ms)
✔ 审查 intact alphanumeric ID: HELLO (0.096125ms)
✔ 审查 greeting with address preserves lookup (0.100625ms)
✔ 复验 separate English social suffix: ok (0.234125ms)
✔ 复验 separate English social suffix: okay (0.131ms)
✔ 复验 separate English social suffix: hi (0.128417ms)
✔ 复验 separate English social suffix: hello (0.1215ms)
✔ 复验 declining human preserves pure policy (0.103292ms)
✔ 返修 social v4: 好嘞 (11.570333ms)
✔ 返修 social v4: 谢啦 (0.573959ms)
✔ 返修 social v4: 好滴 (0.441ms)
✔ 返修 social v4: 哈喽 (0.398542ms)
✔ 返修 social v4: 拜拜 (0.333541ms)
✔ 返修 social v4: 再见 (0.373292ms)
✔ 返修 social v4: 没事了 (0.493875ms)
✔ 返修 social v4: 不用了谢谢 (0.1685ms)
✔ 返修 social v4: 您好哟 (0.171917ms)
✔ 返修 social v4: 谢谢您啦 (0.199334ms)
✔ 返修 social v4: 多谢哈 (0.350459ms)
✔ 返修 social v4: 明白啦 (0.332875ms)
✔ 返修 social v4: 知道啦 (0.288209ms)
✔ 返修 social v4: 嗯嗯，好哒 (0.351166ms)
✔ 返修 social v4: 再见咯 (0.24925ms)
✔ 返修 social v4: 拜拜啦 (0.267125ms)
✔ 返修 social v4: 不需要了，谢谢 (0.130208ms)
✔ 返修 social v4: 没问题，谢谢呀 (0.117208ms)
✔ 返修 social commerce: 好嘞 (3.685625ms)
✔ 返修 social commerce: 谢啦 (0.704ms)
✔ 返修 social commerce: 好滴 (0.294041ms)
✔ 返修 social commerce: 哈喽 (0.174167ms)
✔ 返修 social commerce: 拜拜 (0.153542ms)
✔ 返修 social commerce: 再见 (0.173042ms)
✔ 返修 social commerce: 没事了 (0.260333ms)
✔ 返修 social commerce: 不用了谢谢 (0.169292ms)
✔ 返修 social commerce: 您好哟 (0.160209ms)
✔ 返修 social commerce: 谢谢您啦 (0.177791ms)
✔ 返修 social commerce: 多谢哈 (0.152625ms)
✔ 返修 social commerce: 明白啦 (0.143792ms)
✔ 返修 social commerce: 知道啦 (0.408167ms)
✔ 返修 social commerce: 嗯嗯，好哒 (0.14725ms)
✔ 返修 social commerce: 再见咯 (0.135416ms)
✔ 返修 social commerce: 拜拜啦 (0.133708ms)
✔ 返修 social commerce: 不需要了，谢谢 (0.144375ms)
✔ 返修 social commerce: 没问题，谢谢呀 (0.141583ms)
✔ 返修 mixed lookup: 你好，我的快递到哪了 (2.231166ms)
✔ 返修 mixed lookup: 您好，包裹到哪了 (0.961792ms)
✔ 返修 mixed lookup: 你好，查一下我的订单 (0.867708ms)
✔ 返修 mixed lookup: 你好，查一下包裹 EC-SO20261005001 (3.419709ms)
✔ 返修 mixed lookup: 哈喽呀，请查物流 EC-SO20261005001，谢谢啦 (1.677584ms)
✔ 返修 mixed lookup: 谢谢您，查一下我的订单 EC-SO20261005001，再见 (1.185375ms)
✔ 返修 policy: 保温杯破损怎么退 (2.364042ms)
✔ 返修 policy: 签收后发现杯子破了可以退吗 (1.00925ms)
✔ 返修 policy: 杯子坏了能不能退货 (0.281833ms)
✔ 返修 policy: 保温杯破损退货流程 (0.523292ms)
✔ 返修 policy: 保温杯碎了如何退货 (0.895208ms)
✔ 返修 preserve handoff: 你好，我要人工 (0.505083ms)
✔ 返修 preserve handoff: 好嘞，请转人工客服 (0.672542ms)
✔ 返修 preserve handoff: 谢谢，礼品卡可以分多次使用吗？ (0.488083ms)
✔ 返修 preserve handoff: 你好，包裹没收到 (3.668917ms)
✔ 返修 preserve handoff: 谢啦，我的包裹停滞了 (0.211125ms)
✔ 返修 preserve intake: 我要退货，杯子碎了 (0.427125ms)
✔ 返修 preserve intake: 保温杯破损，我想退货怎么申请 (0.227834ms)
✔ 返修 preserve intake: 帮我退货，保温杯坏了 (0.158459ms)
✔ 返修 preserve intake: 申请保温杯退货流程 (0.1525ms)
✔ 返修 farewells preserve queued/human/closed states and completed records (0.556292ms)
✔ 返修 ecommerce mode without V4 reads: default (27.508792ms)
✔ 返修 ecommerce mode without V4 reads: ?rev=repair (4.212833ms)
✔ 返修 ecommerce mode without V4 reads: ?data=ecommerce (10.872084ms)
✔ 返修 explicit V4 entry shows old sample and leaves ecommerce value unchanged (6.196666ms)
✔ 返修 independent customer link keeps ecommerce:  (12.766167ms)
✔ 返修 independent customer link keeps v4: ?data=v4 (10.5645ms)
✔ 返修 independent customer link keeps ecommerce: ?data=ecommerce (9.979875ms)
✔ 返修 policy reply provides a working application entry without creating an application (8.454417ms)
✔ 返修 supported social composition: 哈喽哈喽 (0.3945ms)
✔ 返修 supported social composition: 哈喽，哈喽 (0.248917ms)
✔ 返修 supported social composition: 你好，哈喽 (0.221666ms)
✔ 返修 lookup intent before edge normalization: 你好，EC-SO20261005001，谢谢 (0.411333ms)
✔ 返修 lookup intent before edge normalization: 你好，哈喽，查物流 EC-SO20261005001 (0.138375ms)
✔ 返修 lookup intent before edge normalization: 你好，物流 (0.069709ms)
✔ 返修 preserve negated query: 不用查物流 EC-SO20261005001 (0.191125ms)
✔ 返修 preserve negated query: 不需要查支付 EC-SO20261005001 (0.165166ms)
✔ 返修 mixed policy keeps independent issue unresolved: 查询支付 EC-SO20261005001，我钱被扣两次了，保温杯破损怎么退 (0.166583ms)
✔ 返修 mixed policy keeps independent issue unresolved: 物流一直没更新，保温杯破损怎么退 (0.15ms)
✔ 返修 mixed policy keeps independent issue unresolved: 收纳袋没到，保温杯破损怎么退 (0.139041ms)
✔ 关闭自助售后后客户事项无申请入口，坐席仍可受理 (34.755917ms)
✔ 客户新开咨询后仍可找回旧工单，历史列表不混入其他客户 (7.79225ms)
✔ 异常保存值不被覆盖，恢复导出逐字保留原始记录 (4.432916ms)
✔ 真实旧状态升级先完整备份，备份失败则阻止持久化覆盖 (5.424416ms)
✔ 清空保存失败保留当前内存和原始存储 (7.145541ms)
✔ 草稿超时测试使用完整引擎且不改发布或草稿状态 (8.803458ms)
✔ 实时工具停用后旧草稿试问失效，重新试问使用当前状态 (8.278ms)
✔ 接管占用改变后草稿试问不能保留旧容量结论 (6.578542ms)
✔ 作答门槛在检索试验、FAQ 表单和流程节点中可见 (2.640667ms)
✔ 旧 V3 本地数据不被沿用，也不被覆盖 (8.106458ms)
✔ 已选知识停用后仍显示原范围，仅修改名称不会扩大检索范围 (8.938208ms)
✔ 正常空间导出完整当前 JSON，并释放下载 URL (10.805417ms)
✔ 人工回复保存发送者身份，后续转派不会改写旧消息作者 (5.547875ms)
✔ 人工回复可通知客户，业务进度继续保留系统身份 (0.638208ms)
✔ 两端完整展示同一会话的所有消息，不遗漏其他事项回复或最早消息 (23.9775ms)
✔ 按发送时间排序，同一时间保留原始先后，读取不改变保存内容 (2.311292ms)
✔ 有首条人工回复时间证据的旧系统消息显示为人工，保存记录不被迁移 (1.70325ms)
✔ 缺乏证据或时间冲突的旧系统消息不被猜成某个客服 (3.199083ms)
✔ 聊天回复不重复出现在业务事件，实际办理事件仍可查看 (3.065166ms)
✔ 客户、AI、人工与系统使用不同身份标签，正文与客服名均转义 (2.908125ms)
✔ 消费者办理按钮不出现在工作台，关联事项仍可查看 (1.4515ms)
✔ 同事项关联新会话后，旧会话人工回复在事项时间线中仍可查看 (2.262666ms)
✔ 只有业务时间线的事项详情保留人工回复 (1.075792ms)
✔ 紧凑队列支持筛选并在选择事项后关闭，不改变业务数据 (2.8675ms)
✔ 紧凑办理和关联弹窗保留操作、完整历史及备注 (2.429334ms)
✔ 高度约束只在聊天和工作台生效，切到普通业务页会解除 (2.608875ms)
✔ V2 服务时间咨询命中知识；明确人工请求继续转人工 (6.405333ms)
✔ V2 收纳盒清洗使用本商品维护说明，杯子仍使用发布知识 (2.013417ms)
✔ V2 混合句中的他人商品与未知商品不撤销有效知识答复 (0.558625ms)
✔ V2 不一致的显式订单与商品先澄清，同订单商品可正常查询 (0.717625ms)
✔ V2 数据校验拒绝跨订单事项关系及无效保存版本 (0.4475ms)
✔ 初始关系：一单两件两包裹，待发货与未支付订单独立存在 (3.607791ms)
✔ 寒暄致谢不会创建业务事项 (2.802667ms)
✔ 知识答复没有用户反馈时不算解决 (4.015958ms)
✔ 明确解决反馈后知识问题才计AI独立解决 (1.411917ms)
✔ 混合句：清洗咨询与正常在途分别处理，不整句转人工 (1.269917ms)
✔ 混合句：知识答复完成后，仅异常包裹进入人工核实 (1.245792ms)
✔ 未知或他人订单不会撤销同句中已经能够回答的知识诉求 (0.690959ms)
✔ 两笔订单都有保温杯时先澄清，不自动选第一件退货 (0.702333ms)
✔ 正常在途不创建异常事项 (0.363291ms)
✔ 签收但未收到不凭轨迹办结 (1.38675ms)
✔ 订单级未收到存在两个包裹时先问具体商品 (0.191458ms)
✔ 选购咨询给出维护过的用途和规格，不直接下单 (0.213708ms)
✔ 价格库存使用商品来源与查询结果 (0.163625ms)
✔ 优惠资格核实：threshold (0.215417ms)
✔ 优惠资格核实：scope (0.111042ms)
✔ 优惠资格核实：expired (0.11775ms)
✔ 优惠资格核实：eligible (0.103833ms)
✔ 不可叠加优惠不错误判可用 (0.130167ms)
✔ 支付查询状态不与未支付混淆：failed (0.244292ms)
✔ 支付查询状态不与未支付混淆：unknown (0.152458ms)
✔ 支付查询状态不与未支付混淆：not_found (0.131083ms)
✔ 支付待核实不能取消或修改地址 (1.983125ms)
✔ 消费者无法读取他人订单或材料 (0.660416ms)
✔ 未核验访客仍可请求人工，但不能查个人订单 (0.38ms)
✔ 不需要人工不会被关键词错误转人工 (0.267166ms)
✔ 无人在线仍保留责任组和下次反馈 (0.153292ms)
✔ 预览取消不产生申请或退款 (0.329917ms)
✔ 缺少材料按已发布规则阻断，无内部材料编码要求 (0.710041ms)
✔ 退货只占用杯子，不影响另一件商品及包裹 (0.841ms)
✔ 重复确认返回原申请；不能再次创建同商品申请 (0.647625ms)
✔ 规则在预览后发布变更，确认需重新核对 (0.668834ms)
✔ 确认前仓库锁单变化，订单变更不产生假成功 (0.299375ms)
✔ 已支付取消：独立退款，无寄回验收 (1.186041ms)
✔ 未支付取消不生成退款 (0.321625ms)
✔ 修改地址需预览确认，变更之后可再次核对修改 (0.734125ms)
✔ 已出库订单不能自助改址 (0.203292ms)
✔ 换货必须明确存在且有库存的目标规格 (0.503042ms)
✔ 换货寄回验收后停在履约协调，不产生退款和新包裹 (1.588958ms)
✔ 配件补发受理保存缺失内容，审核后不退款 (0.517625ms)
✔ 另包在途不能直接按漏发申请补发 (0.219583ms)
✔ 仅退款经审核后直达退款，不要求虚构寄回 (0.460291ms)
✔ 审核通过展示完整寄回信息，仓库签收与验收不同 (1.947792ms)
✔ 验收异常—请求补件—补件—复核通过恢复退款节点 (1.542584ms)
✔ 审核拒绝后原申请可申请复核，不新建售后 (0.771125ms)
✔ 重复提交退款沿用原请求，未知结果保留占用 (1.468791ms)
✔ 成功、重复及过期回执不重复退款或倒退状态 (3.293459ms)
✔ 错误请求或金额的回执不改变退款结果 (3.283042ms)
✔ 退款失败不释放原商品占用，重试保留原请求 (2.408667ms)
✔ 退款成功后用户称未到账，重开原事项而非重复退款 (1.260041ms)
✔ 未执行申请可以凭撤回回执释放占用 (2.482959ms)
✔ 已寄回或退款未知不能直接撤回释放占用 (2.686125ms)
✔ 发票、价保与维修有独立必要信息，受理不算执行成功 (3.771959ms)
✔ 通用人工结案不能伪造退货、退款、补发完成 (1.479916ms)
✔ 客服不能代替客户确认申请或越权执行退款 (1.045917ms)
✔ 客服接管后不再自动发送AI公开回复 (1.872792ms)
✔ 客服可整理草稿，但需要用户再次确认 (1.546375ms)
✔ 人工转派未接收前保留原责任，确认后会话与未完事项一致转移 (1.15675ms)
✔ 转派拒收和超时不会移除原责任人 (0.790333ms)
✔ 补件与跨会话接续仍是原申请 (2.305083ms)
✔ 通知失败不改变已成功的退款，且留下跟进安排 (12.734708ms)
✔ 回访未联系上必须给出下一次反馈，不能顺便办结售后 (1.7625ms)
✔ 场景草稿不立即生效，测试发布后新申请使用新版 (0.556208ms)
✔ 改过的草稿不能复用旧测试发布，错误规则阻断 (0.398041ms)
✔ 不允许把仅退款配置成寄回流程 (0.184583ms)
✔ 知识修订必须正反例通过，发布后实际问答命中新版 (0.59275ms)
✔ 知识质量闭环复验原问题，不以保存草稿代替生效 (0.796875ms)
✔ 非知识故障必须有业务验证记录，知识运营不能自行验收 (0.523ms)
✔ 内部备注不出现在消费者投影中 (0.350292ms)
✔ 无效命令或失败操作不会修改输入状态 (2.191375ms)
✔ 不接受脚本、超大或错误格式的材料 (0.983334ms)
✔ an absent key starts a seed workspace and persists the first operation (26.684917ms)
✔ existing saved history loads without replacing its original bytes (1.585292ms)
✔ a delayed storage event cannot let a same-baseline tab overwrite the first save (1.831333ms)
✔ changed original bytes reject a stale write even when the revision is unchanged (0.628ms)
✔ damaged existing storage blocks editing and preserves "null" (0.326625ms)
✔ damaged existing storage blocks editing and preserves "false" (0.281459ms)
✔ damaged existing storage blocks editing and preserves "" (0.8365ms)
✔ damaged existing storage blocks editing and preserves "\"\"" (0.303167ms)
✔ damaged existing storage blocks editing and preserves "{}" (0.296ms)
✔ damaged existing storage blocks editing and preserves "{broken" (0.316292ms)
✔ unavailable storage explicitly permits temporary memory mode (0.750333ms)
✔ a quota exception leaves saved bytes and current memory unchanged (0.826833ms)
✔ a silent failed write is detected before current memory advances (0.759167ms)
✔ a valid storage event rebases the page and permits the next operation (2.293083ms)
✔ a same-revision external change requires refresh and cannot authorize a stale write (1.641709ms)
✔ a delayed valid event reads the latest stored record before rebasing (5.073292ms)
✔ a removed key event prevents the old page from overwriting storage (0.655083ms)
✔ a cleared storage event prevents the old page from overwriting storage (0.462125ms)
✔ a damaged value event prevents the old page from overwriting storage (0.530708ms)
✔ an unrelated storage event leaves this workspace editable (0.755333ms)
✔ a shared exclusive lock leaves the other tab read-only while its view stays synchronized (5.3635ms)
✔ pending lock permission blocks editing until the asynchronous grant completes (2.111833ms)
✔ available storage without native locks remains explicitly read-only (3.131083ms)
✔ a rejected lock request preserves memory and storage while reporting unavailable edit permission (3.054375ms)
✔ the edit lock lasts for the document lifetime and a new tab can edit after unload (10.076625ms)
✔ default entry loads its actual assets and standalone customer routing hides internal navigation (65.118042ms)
✔ confirmed answers and tickets retain a working dispute entry (32.442875ms)
✔ unsubmitted reply and note drafts stay with their author across reassignment and reload (35.586208ms)
✔ customer and staff service-application drafts do not share a case key (17.338583ms)
✔ service settings restore after page changes and refresh without writing business configuration (7.525ms)
✔ cancelled disable, assignment, remediation link and acceptance forms restore their fields (14.888875ms)
✔ unsaved flow blocks single tests at the button and submit handler; edits remove old results (11.615834ms)
✔ AI received during a phone modal becomes visible on close and respects scroll position (readingHistory=true) (41.307541ms)
✔ AI received during a phone modal becomes visible on close and respects scroll position (readingHistory=false) (11.890625ms)
✔ close history renders the saved node and callback snapshot after current plans and ownership change (11.275625ms)
✔ SOP reasons for the same node stay isolated by customer issue through cancel, reload and submit (54.685375ms)
✔ a failed pause save suppresses the next AI timer and stays suppressed after reload without claiming a persisted pause (12.366ms)
✔ mobile and desktop share the current customer conversation and unsent draft through reload (79.050084ms)
✔ mobile routes an operations-origin session to the real customer identity and public records only (13.326167ms)
✔ mobile moves the existing dialog inside the phone with show and restores the desktop modal (13.953583ms)
✔ offline mobile keeps editable input and rejects forced submit until connection resumes (9.428083ms)
✔ structured application preview and cancel make no business write and keep all editable fields (14.136667ms)
✔ dynamic suggestion cancel, append and replace preserve the intended public draft without sending (22.841125ms)
✔ an external order update blocks old confirmation and refresh restores the draft for a fresh preview (9.910958ms)
✔ close panel submits rendered disposition fields and callbacks atomically after validation (11.684084ms)
✔ a concurrent customer message prevents closing an old panel without discarding its draft (11.01775ms)
✔ A02/A03 full SOP and four aftersales steps stay visible without fabricating irrelevant progress (14.47375ms)
✔ A02 an existing human support issue does not swallow a later return request or auto-send a reply (0.416959ms)
✔ A02 multiple order numbers stay unbound until a human matches each issue (0.333458ms)
✔ A04/A05 structured preview is read-only and confirmation validates owner/order/required exchange demand atomically (1.098541ms)
✔ A05 repeated structured application reuses receipt and a blank placeholder merges into original issue (0.868125ms)
✔ A05 committed aftersales cannot be rebound and unrelated orders create independent issues (0.672083ms)
✔ A02 order querying records evidence without sending or completing business (0.791666ms)
✔ A06/A07 AI is explicit, delayed, limited to two distinct turns and never claims first human response (1.679916ms)
✔ A07/A08 delayed AI rejects stale authorization after reply (1.832792ms)
✔ A07/A08 delayed AI rejects stale authorization after reassign (0.726167ms)
✔ A07/A08 delayed AI rejects stale authorization after offline (1.447459ms)
✔ A07/A08 delayed AI rejects stale authorization after new-message (0.434459ms)
✔ A07/A08 delayed AI rejects stale authorization after knowledge (0.287291ms)
✔ A07/A08 delayed AI rejects stale authorization after order (0.26175ms)
✔ A07 opt-out survives attempts to grant again and source-less questions stay with humans (0.329833ms)
✔ A08 recommendations must be rechecked after message (0.682417ms)
✔ A08 recommendations must be rechecked after expired (0.234666ms)
✔ A08 recommendations must be rechecked after disabled (0.218958ms)
✔ A08 recommendations must be rechecked after version (0.223834ms)
✔ A08 recommendations must be rechecked after order (0.226041ms)
✔ A08 recommendations must be rechecked after owner (0.225417ms)
✔ A09 connection is customer scoped, blocks sends and survives roundtrip without implying a closed case (0.414834ms)
✔ A10/A11 close excludes its own control node, requires every unfinished item and creates one followup per issue atomically (0.8715ms)
✔ A10 stale close previews and unauthorized close reject without any business mutation (0.422542ms)
✔ A11 submitted aftersales cannot be discarded by NA or withdrawal (0.94775ms)
✔ A12/A13 callback close is atomic, ownership inherited and cannot complete the underlying issue (0.699959ms)
✔ A13 a colleague ticket may be referenced but its callback/due date cannot be changed (0.704ms)
✔ A14 reopening preserves closure snapshots and close completion is conversation scoped (0.323709ms)
✔ A17 customer projection omits internal workflow, closure, callback and AI authorization details (0.592167ms)
✔ A10/A17 storage failure or a stale tab leaves close arrangements and history untouched (0.896417ms)
✔ A17 old optional-field-free records remain valid while malformed new fields are blocked (0.516708ms)
✔ A03 bot intake and human intake share only explicit service type and quoted reason prefill (0.409375ms)
✔ exchange prefill quotes explicit replacement requests but leaves unknown or declined demands blank (1.451708ms)
✔ A02 a human-stage combined logistics and aftersales request keeps two independently actionable issues (0.210333ms)
✔ A09 offline cannot create customer-visible side effects through alternative customer commands (0.353625ms)
✔ changing an uncommitted order invalidates old logistics evidence and keeps both source orders private (0.267083ms)
✔ withdrawing an unsubmitted issue retains its history without capturing the next request (1.340667ms)
✔ pending callback on a completed ticket can transfer without reopening business (0.580375ms)
✔ A06 preview facts must still match at confirmation and exact successful retries remain idempotent (0.925ms)
✔ a repeated merged-placeholder confirmation returns the original receipt even after placeholder removal (0.537709ms)
✔ an unaccepted aftersales followup stays unfinished and upgrades the original ticket after reopening and order confirmation (1.75ms)
✔ bot resumption collects a missing followup order and still offers application intake (0.558125ms)
✔ a case with followup history cannot be silently merged into another accepted order (1.19675ms)
✔ followup acceptance requires complete structured fields and validates marker shape without changing legacy acceptance (0.885542ms)
✔ followup upgrades respect staff ownership while a customer confirmation preserves the assigned owner and callback (0.74325ms)
✔ a verified suggestion reply keeps the exact citation after knowledge changes (0.278083ms)
✔ closing one issue rejects contradictory target times for its shared followup ticket atomically (0.89225ms)
✔ an order reply rejects changed or unrelated facts while ordinary manual replies remain available (0.952541ms)
ℹ tests 700
ℹ suites 0
ℹ pass 700
ℹ fail 0
ℹ cancelled 0
ℹ skipped 0
ℹ todo 0
ℹ duration_ms 794.314625
