TAP version 13
# Subtest: 知识回复保存来源快照，后续编辑不会改写历史依据
ok 1 - 知识回复保存来源快照，后续编辑不会改写历史依据
  ---
  duration_ms: 3.594719
  type: 'test'
  ...
# Subtest: 草稿与停用知识不参与检索，发布的新增条目可命中
ok 2 - 草稿与停用知识不参与检索，发布的新增条目可命中
  ---
  duration_ms: 0.520257
  type: 'test'
  ...
# Subtest: 订单信息采集跨轮保持，缺参不会假装成功查询
ok 3 - 订单信息采集跨轮保持，缺参不会假装成功查询
  ---
  duration_ms: 0.353816
  type: 'test'
  ...
# Subtest: 未知订单不返回卡片，并记录可复核证据
ok 4 - 未知订单不返回卡片，并记录可复核证据
  ---
  duration_ms: 0.479045
  type: 'test'
  ...
# Subtest: 修改草稿和草稿测试不改变发布版本或创建业务记录
ok 5 - 修改草稿和草稿测试不改变发布版本或创建业务记录
  ---
  duration_ms: 1.419568
  type: 'test'
  ...
# Subtest: 发布只影响新会话，旧会话保持已绑定版本
ok 6 - 发布只影响新会话，旧会话保持已绑定版本
  ---
  duration_ms: 0.411042
  type: 'test'
  ...
# Subtest: 人工离线明确提示工单，坐席可以主动接管留言
ok 7 - 人工离线明确提示工单，坐席可以主动接管留言
  ---
  duration_ms: 0.342168
  type: 'test'
  ...
# Subtest: 显式转人工绕过关键词；等待和接管期间机器人不抢答
ok 8 - 显式转人工绕过关键词；等待和接管期间机器人不抢答
  ---
  duration_ms: 0.313154
  type: 'test'
  ...
# Subtest: 状态禁止越级：未接管不能回复，已结束不能再发送
ok 9 - 状态禁止越级：未接管不能回复，已结束不能再发送
  ---
  duration_ms: 0.80627
  type: 'test'
  ...
# Subtest: 转人工后不计入 AI 独立解决
ok 10 - 转人工后不计入 AI 独立解决
  ---
  duration_ms: 0.553217
  type: 'test'
  ...
# Subtest: 工单关联一致、重复提交可识别，必须分配后才能推进
ok 11 - 工单关联一致、重复提交可识别，必须分配后才能推进
  ---
  duration_ms: 0.42345
  type: 'test'
  ...
# Subtest: 必要输入校验失败不改变有效配置或业务对象
ok 12 - 必要输入校验失败不改变有效配置或业务对象
  ---
  duration_ms: 0.332343
  type: 'test'
  ...
# Subtest: 浏览器 JSON 持久化格式可恢复会话与业务链路
ok 13 - 浏览器 JSON 持久化格式可恢复会话与业务链路
  ---
  duration_ms: 0.378804
  type: 'test'
  ...
# Subtest: 转接摘要保留订单与答案，并将恢复前的失败标为历史异常
ok 14 - 转接摘要保留订单与答案，并将恢复前的失败标为历史异常
  ---
  duration_ms: 0.512035
  type: 'test'
  ...
# Subtest: 合法长消息的工单预填摘要有边界且可以直接提交
ok 15 - 合法长消息的工单预填摘要有边界且可以直接提交
  ---
  duration_ms: 0.673389
  type: 'test'
  ...
# Subtest: 知识无变化保存不增版本、不下线；编辑草稿只在发布时生效
ok 16 - 知识无变化保存不增版本、不下线；编辑草稿只在发布时生效
  ---
  duration_ms: 0.349349
  type: 'test'
  ...
# Subtest: 流程无差异禁止重复发布；无效草稿不得运行测试
ok 17 - 流程无差异禁止重复发布；无效草稿不得运行测试
  ---
  duration_ms: 0.290349
  type: 'test'
  ...
# Subtest: 待接管和人工期间补充消息可更新会话预览
ok 18 - 待接管和人工期间补充消息可更新会话预览
  ---
  duration_ms: 0.18481
  type: 'test'
  ...
# Subtest: 取消人工请求恢复咨询，不抹掉曾转人工记录
ok 19 - 取消人工请求恢复咨询，不抹掉曾转人工记录
  ---
  duration_ms: 0.220234
  type: 'test'
  ...
# Subtest: 未知订单不能确认已解决，明确答案才可确认
ok 20 - 未知订单不能确认已解决，明确答案才可确认
  ---
  duration_ms: 0.253043
  type: 'test'
  ...
# Subtest: 访客可结束等待或离线咨询，保留工单且不计AI解决
ok 21 - 访客可结束等待或离线咨询，保留工单且不计AI解决
  ---
  duration_ms: 0.215466
  type: 'test'
  ...
# Subtest: 工单完成或等待补充必须有说明，结果可从会话查看
ok 22 - 工单完成或等待补充必须有说明，结果可从会话查看
  ---
  duration_ms: 0.273554
  type: 'test'
  ...
# Subtest: 咨询结束后仍可通过工单补充信息，自动恢复处理且防止重复提交
ok 23 - 咨询结束后仍可通过工单补充信息，自动恢复处理且防止重复提交
  ---
  duration_ms: 0.294285
  type: 'test'
  ...
1..23
# tests 23
# suites 0
# pass 23
# fail 0
# cancelled 0
# skipped 0
# todo 0
# duration_ms 61.451706
