TAP version 13
# Subtest: 初始样例结构完整，事项计数与会话计数分开
ok 1 - 初始样例结构完整，事项计数与会话计数分开
  ---
  duration_ms: 16.541208
  type: 'test'
  ...
# Subtest: 空消息不写入会话或执行记录
ok 2 - 空消息不写入会话或执行记录
  ---
  duration_ms: 5.506834
  type: 'test'
  ...
# Subtest: 空白或超长消息校验采用Unicode码点
ok 3 - 空白或超长消息校验采用Unicode码点
  ---
  duration_ms: 106.809458
  type: 'test'
  ...
# Subtest: A01 不要转人工不触发人工分支
ok 4 - A01 不要转人工不触发人工分支
  ---
  duration_ms: 2.184833
  type: 'test'
  ...
# Subtest: A02 通用政策不强制索要订单号
ok 5 - A02 通用政策不强制索要订单号
  ---
  duration_ms: 0.962291
  type: 'test'
  ...
# Subtest: A03 退款诉求不能被订单号劫持为查询
ok 6 - A03 退款诉求不能被订单号劫持为查询
  ---
  duration_ms: 0.652417
  type: 'test'
  ...
# Subtest: A04 订单查询和商品知识作为两件事响应
ok 7 - A04 订单查询和商品知识作为两件事响应
  ---
  duration_ms: 2.451875
  type: 'test'
  ...
# Subtest: 物流与售后申请同时保留，受理前没有工单
ok 8 - 物流与售后申请同时保留，受理前没有工单
  ---
  duration_ms: 1.946667
  type: 'test'
  ...
# Subtest: 明确不想退款只回答咨询，不能创建申请
ok 9 - 明确不想退款只回答咨询，不能创建申请
  ---
  duration_ms: 0.741
  type: 'test'
  ...
# Subtest: 单纯进入页面不属于引擎创单行为
ok 10 - 单纯进入页面不属于引擎创单行为
  ---
  duration_ms: 0.469375
  type: 'test'
  ...
# Subtest: 查询缺订单号时先采集
ok 11 - 查询缺订单号时先采集
  ---
  duration_ms: 0.755
  type: 'test'
  ...
# Subtest: 插问不会清空原采集事项，补订单号仍回到原事项
ok 12 - 插问不会清空原采集事项，补订单号仍回到原事项
  ---
  duration_ms: 1.654333
  type: 'test'
  ...
# Subtest: 跨轮采集结果经JSON还原仍可继续
ok 13 - 跨轮采集结果经JSON还原仍可继续
  ---
  duration_ms: 1.254625
  type: 'test'
  ...
# Subtest: 未知订单不伪造卡片，保留可复核线索
ok 14 - 未知订单不伪造卡片，保留可复核线索
  ---
  duration_ms: 8.204
  type: 'test'
  ...
# Subtest: 查询出错后直接更正订单号复用同一采集事项
ok 15 - 查询出错后直接更正订单号复用同一采集事项
  ---
  duration_ms: 1.333458
  type: 'test'
  ...
# Subtest: 未知知识合理拒答，不能计为已解决
ok 16 - 未知知识合理拒答，不能计为已解决
  ---
  duration_ms: 1.012916
  type: 'test'
  ...
# Subtest: 人工与等待期间只保留消息，机器人不抢答
ok 17 - 人工与等待期间只保留消息，机器人不抢答
  ---
  duration_ms: 1.58175
  type: 'test'
  ...
# Subtest: 未接管不能回复，另一坐席不能代当前坐席回复
ok 18 - 未接管不能回复，另一坐席不能代当前坐席回复
  ---
  duration_ms: 1.429291
  type: 'test'
  ...
# Subtest: A08 满载拒绝接管；叠加查询超时仍保留信息与留单出口
ok 19 - A08 满载拒绝接管；叠加查询超时仍保留信息与留单出口
  ---
  duration_ms: 16.486167
  type: 'test'
  ...
# Subtest: 真实本地占用达到容量后不能继续接管
ok 20 - 真实本地占用达到容量后不能继续接管
  ---
  duration_ms: 1.099708
  type: 'test'
  ...
# Subtest: A07 旧会话转人工读取实时离线而非流程快照
ok 21 - A07 旧会话转人工读取实时离线而非流程快照
  ---
  duration_ms: 0.794708
  type: 'test'
  ...
# Subtest: 接管后离线释放处理权，旧坐席不能继续发送
ok 22 - 接管后离线释放处理权，旧坐席不能继续发送
  ---
  duration_ms: 1.181625
  type: 'test'
  ...
# Subtest: 重复接管只会成功一次
ok 23 - 重复接管只会成功一次
  ---
  duration_ms: 0.472125
  type: 'test'
  ...
# Subtest: 取消排队不取消人工事项，也不清除人工介入历史
ok 24 - 取消排队不取消人工事项，也不清除人工介入历史
  ---
  duration_ms: 0.47075
  type: 'test'
  ...
# Subtest: 未完成事项不能因结束聊天被解决
ok 25 - 未完成事项不能因结束聊天被解决
  ---
  duration_ms: 1.00075
  type: 'test'
  ...
# Subtest: 分项确认仅改变当前事项，办理仍未解决
ok 26 - 分项确认仅改变当前事项，办理仍未解决
  ---
  duration_ms: 0.638333
  type: 'test'
  ...
# Subtest: A05 未完成工单阻止该事项确认，整体确认不能越过待办
ok 27 - A05 未完成工单阻止该事项确认，整体确认不能越过待办
  ---
  duration_ms: 0.833625
  type: 'test'
  ...
# Subtest: 没有结果依据不显示可确认状态
ok 28 - 没有结果依据不显示可确认状态
  ---
  duration_ms: 1.256125
  type: 'test'
  ...
# Subtest: 已结束咨询拒绝普通消息，不会隐式重开
ok 29 - 已结束咨询拒绝普通消息，不会隐式重开
  ---
  duration_ms: 1.103166
  type: 'test'
  ...
# Subtest: 跨会话关联保留原事项与首次受理时间
ok 30 - 跨会话关联保留原事项与首次受理时间
  ---
  duration_ms: 1.641958
  type: 'test'
  ...
# Subtest: 跨客户关联的本地负例被拒绝，非真实安全验收
ok 31 - 跨客户关联的本地负例被拒绝，非真实安全验收
  ---
  duration_ms: 0.861292
  type: 'test'
  ...
# Subtest: 售后申请未确认前仅是预览，不自动建单
ok 32 - 售后申请未确认前仅是预览，不自动建单
  ---
  duration_ms: 0.722333
  type: 'test'
  ...
# Subtest: 工单必须归属明确事项，多事项不默认合并
ok 33 - 工单必须归属明确事项，多事项不默认合并
  ---
  duration_ms: 0.569083
  type: 'test'
  ...
# Subtest: 重复受理按事项拦截，不靠同名标题
ok 34 - 重复受理按事项拦截，不靠同名标题
  ---
  duration_ms: 0.664708
  type: 'test'
  ...
# Subtest: 无效标题或工单归属失败不创建业务对象
ok 35 - 无效标题或工单归属失败不创建业务对象
  ---
  duration_ms: 0.885667
  type: 'test'
  ...
# Subtest: 工单必须指定负责人，不能从待分配直接完成
ok 36 - 工单必须指定负责人，不能从待分配直接完成
  ---
  duration_ms: 0.599875
  type: 'test'
  ...
# Subtest: 完成必须有结果证据，不能只点击完成按钮
ok 37 - 完成必须有结果证据，不能只点击完成按钮
  ---
  duration_ms: 0.513292
  type: 'test'
  ...
# Subtest: 工单完成后事项待确认，只有客户确认才解决
ok 38 - 工单完成后事项待确认，只有客户确认才解决
  ---
  duration_ms: 0.63075
  type: 'test'
  ...
# Subtest: 内部备注和内部证据不写入客户消息
ok 39 - 内部备注和内部证据不写入客户消息
  ---
  duration_ms: 0.992167
  type: 'test'
  ...
# Subtest: A09 结束咨询后仍可补工单，聊天保持结束
ok 40 - A09 结束咨询后仍可补工单，聊天保持结束
  ---
  duration_ms: 1.62775
  type: 'test'
  ...
# Subtest: 原负责人离线，客户补充后回到待分配并保留材料
ok 41 - 原负责人离线，客户补充后回到待分配并保留材料
  ---
  duration_ms: 0.79825
  type: 'test'
  ...
# Subtest: 重复补充不能重复推进工单状态
ok 42 - 重复补充不能重复推进工单状态
  ---
  duration_ms: 0.550834
  type: 'test'
  ...
# Subtest: 撤销工单不会自动撤销或解决原服务需求
ok 43 - 撤销工单不会自动撤销或解决原服务需求
  ---
  duration_ms: 4.732292
  type: 'test'
  ...
# Subtest: A11 未解决异议立即重开事项，工单标异议待核
ok 44 - A11 未解决异议立即重开事项，工单标异议待核
  ---
  duration_ms: 3.499334
  type: 'test'
  ...
# Subtest: 异议成立重开原工单不增加工单或受理量
ok 45 - 异议成立重开原工单不增加工单或受理量
  ---
  duration_ms: 0.924458
  type: 'test'
  ...
# Subtest: 异议不成立恢复原解决时间，不增加一次解决
ok 46 - 异议不成立恢复原解决时间，不增加一次解决
  ---
  duration_ms: 1.217416
  type: 'test'
  ...
# Subtest: 草稿、停用、未来和过期知识不参与正式检索
ok 47 - 草稿、停用、未来和过期知识不参与正式检索
  ---
  duration_ms: 0.716167
  type: 'test'
  ...
# Subtest: 适用范围不匹配的知识不进入答案
ok 48 - 适用范围不匹配的知识不进入答案
  ---
  duration_ms: 0.321917
  type: 'test'
  ...
# Subtest: 同等匹配且答案冲突时拒绝选第一条答案
ok 49 - 同等匹配且答案冲突时拒绝选第一条答案
  ---
  duration_ms: 0.555208
  type: 'test'
  ...
# Subtest: 编辑知识仅保存草稿，不改变历史答案或现行内容
ok 50 - 编辑知识仅保存草稿，不改变历史答案或现行内容
  ---
  duration_ms: 0.44325
  type: 'test'
  ...
# Subtest: 知识无变化保存不增版本
ok 51 - 知识无变化保存不增版本
  ---
  duration_ms: 0.239959
  type: 'test'
  ...
# Subtest: 知识必需来源、维护人和有效时效
ok 52 - 知识必需来源、维护人和有效时效
  ---
  duration_ms: 0.64925
  type: 'test'
  ...
# Subtest: 知识必须回归后发布，发布后前台命中
ok 53 - 知识必须回归后发布，发布后前台命中
  ---
  duration_ms: 16.778083
  type: 'test'
  ...
# Subtest: 知识测试后修改答案导致发布依据失效
ok 54 - 知识测试后修改答案导致发布依据失效
  ---
  duration_ms: 4.444458
  type: 'test'
  ...
# Subtest: 重复标准问题与重叠时效不能直接发布
ok 55 - 重复标准问题与重叠时效不能直接发布
  ---
  duration_ms: 1.576458
  type: 'test'
  ...
# Subtest: A06 紧急停用对旧会话下一问立即生效，历史原文保留
ok 56 - A06 紧急停用对旧会话下一问立即生效，历史原文保留
  ---
  duration_ms: 1.030333
  type: 'test'
  ...
# Subtest: 已撤销依据不能继续确认此前的知识事项
ok 57 - 已撤销依据不能继续确认此前的知识事项
  ---
  duration_ms: 0.51425
  type: 'test'
  ...
# Subtest: 流程草稿不影响已发布会话，草稿试验不产生服务数据
ok 58 - 流程草稿不影响已发布会话，草稿试验不产生服务数据
  ---
  duration_ms: 1.7475
  type: 'test'
  ...
# Subtest: 发布必须有当前草稿完整回归，单条simulate不算
ok 59 - 发布必须有当前草稿完整回归，单条simulate不算
  ---
  duration_ms: 1.284542
  type: 'test'
  ...
# Subtest: A13 回归后改流程参数，旧依据失效
ok 60 - A13 回归后改流程参数，旧依据失效
  ---
  duration_ms: 6.793458
  type: 'test'
  ...
# Subtest: 发布后新会话绑定新流程，旧会话仍保留旧流程
ok 61 - 发布后新会话绑定新流程，旧会话仍保留旧流程
  ---
  duration_ms: 10.490167
  type: 'test'
  ...
# Subtest: 售后受理配置关闭后新会话不开放自助申请
ok 62 - 售后受理配置关闭后新会话不开放自助申请
  ---
  duration_ms: 6.541833
  type: 'test'
  ...
# Subtest: 流程回滚生成新版本并保留历史，不覆盖旧记录
ok 63 - 流程回滚生成新版本并保留历史，不覆盖旧记录
  ---
  duration_ms: 31.426125
  type: 'test'
  ...
# Subtest: 无变化禁止重复发布，无效配置不会写半次消息
ok 64 - 无变化禁止重复发布，无效配置不会写半次消息
  ---
  duration_ms: 0.941458
  type: 'test'
  ...
# Subtest: 紧急停用工具即时阻断旧流程，不伪造成功结果
ok 65 - 紧急停用工具即时阻断旧流程，不伪造成功结果
  ---
  duration_ms: 0.699417
  type: 'test'
  ...
# Subtest: 本地归属负例不暴露订单存在性
ok 66 - 本地归属负例不暴露订单存在性
  ---
  duration_ms: 0.597584
  type: 'test'
  ...
# Subtest: 确认质量问题必须填写根因和责任人
ok 67 - 确认质量问题必须填写根因和责任人
  ---
  duration_ms: 0.682083
  type: 'test'
  ...
# Subtest: A10 无整改措施及验证不能关闭质量问题
ok 68 - A10 无整改措施及验证不能关闭质量问题
  ---
  duration_ms: 0.564625
  type: 'test'
  ...
# Subtest: 知识整改：线索→分派→草稿→回归→发布→原问题验证→验收
ok 69 - 知识整改：线索→分派→草稿→回归→发布→原问题验证→验收
  ---
  duration_ms: 4.880791
  type: 'test'
  ...
# Subtest: 验证后知识停用，整改验收依据失效
ok 70 - 验证后知识停用，整改验收依据失效
  ---
  duration_ms: 8.1575
  type: 'test'
  ...
# Subtest: 本地发布回归完整执行且不创建业务事项
ok 71 - 本地发布回归完整执行且不创建业务事项
  ---
  duration_ms: 2.90975
  type: 'test'
  ...
# Subtest: 无结果依据、无反馈保持待确认，不冒充生产解决率
ok 72 - 无结果依据、无反馈保持待确认，不冒充生产解决率
  ---
  duration_ms: 0.399708
  type: 'test'
  ...
# Subtest: 转接摘要包含独立事项、工单与原始信息
ok 73 - 转接摘要包含独立事项、工单与原始信息
  ---
  duration_ms: 0.891458
  type: 'test'
  ...
# Subtest: 二轮复审：不要机器人、请转人工不能误判为拒绝人工
ok 74 - 二轮复审：不要机器人、请转人工不能误判为拒绝人工
  ---
  duration_ms: 0.274667
  type: 'test'
  ...
# Subtest: 二轮复审：转人工接续现有售后事项，不虚增第三个需求
ok 75 - 二轮复审：转人工接续现有售后事项，不虚增第三个需求
  ---
  duration_ms: 0.439667
  type: 'test'
  ...
# Subtest: 二轮复审：相同提交标识的精确重放返回原工单
ok 76 - 二轮复审：相同提交标识的精确重放返回原工单
  ---
  duration_ms: 0.459167
  type: 'test'
  ...
# Subtest: 二轮复审：受理确认时更正订单线索，事项与工单必须一致
ok 77 - 二轮复审：受理确认时更正订单线索，事项与工单必须一致
  ---
  duration_ms: 0.353542
  type: 'test'
  ...
# Subtest: 二轮复审：UI与发布门槛使用相同的测试有效性检查
ok 78 - 二轮复审：UI与发布门槛使用相同的测试有效性检查
  ---
  duration_ms: 6.310917
  type: 'test'
  ...
# Subtest: 人工完成知识咨询工单后，客户可以确认并对结果提出异议
ok 79 - 人工完成知识咨询工单后，客户可以确认并对结果提出异议
  ---
  duration_ms: 0.735
  type: 'test'
  ...
# Subtest: 关闭自助售后拦截客户提交和改分类绕过，保留客服受理
ok 80 - 关闭自助售后拦截客户提交和改分类绕过，保留客服受理
  ---
  duration_ms: 4.813292
  type: 'test'
  ...
# Subtest: 关闭自助售后不影响其他问题留单和旧会话的已发布配置
ok 81 - 关闭自助售后不影响其他问题留单和旧会话的已发布配置
  ---
  duration_ms: 3.466875
  type: 'test'
  ...
# Subtest: 同事项两张历史工单异议均不成立时，恢复原确认时间
ok 82 - 同事项两张历史工单异议均不成立时，恢复原确认时间
  ---
  duration_ms: 1.528667
  type: 'test'
  ...
# Subtest: 同事项任一工单异议成立后，剩余异议驳回不能代替客户再次确认
ok 83 - 同事项任一工单异议成立后，剩余异议驳回不能代替客户再次确认
  ---
  duration_ms: 0.871125
  type: 'test'
  ...
# Subtest: 异议成立的工单撤销后，其他异议驳回仍保留未解决事项
ok 84 - 异议成立的工单撤销后，其他异议驳回仍保留未解决事项
  ---
  duration_ms: 0.613792
  type: 'test'
  ...
# Subtest: 重新完成的工单再次收到异议，最后复核该工单仍可等待客户确认
ok 85 - 重新完成的工单再次收到异议，最后复核该工单仍可等待客户确认
  ---
  duration_ms: 3.423375
  type: 'test'
  ...
# Subtest: 三轮复审：否定转人工的常见说法不进入人工队列
ok 86 - 三轮复审：否定转人工的常见说法不进入人工队列
  ---
  duration_ms: 1.996167
  type: 'test'
  ...
# Subtest: 三轮复审：人工智能、人工费等构词不是转人工诉求
ok 87 - 三轮复审：人工智能、人工费等构词不是转人工诉求
  ---
  duration_ms: 0.460875
  type: 'test'
  ...
# Subtest: 三轮复审：只命中一个泛关键词不作答，转为未命中线索
ok 88 - 三轮复审：只命中一个泛关键词不作答，转为未命中线索
  ---
  duration_ms: 0.77475
  type: 'test'
  ...
# Subtest: 三轮复审：售后政策类新 FAQ 可回归、可发布、可命中
ok 89 - 三轮复审：售后政策类新 FAQ 可回归、可发布、可命中
  ---
  duration_ms: 2.668875
  type: 'test'
  ...
# Subtest: 三轮复审：多事项里的商品咨询按原句检索，不套用固定商品
ok 90 - 三轮复审：多事项里的商品咨询按原句检索，不套用固定商品
  ---
  duration_ms: 0.368791
  type: 'test'
  ...
# Subtest: 三轮复审：新 FAQ 抢答存量问句时草稿回归不通过，不能发布
ok 91 - 三轮复审：新 FAQ 抢答存量问句时草稿回归不通过，不能发布
  ---
  duration_ms: 2.336291
  type: 'test'
  ...
# Subtest: 三轮复审：流程改动让存量 FAQ 失效时发布回归不通过
ok 92 - 三轮复审：流程改动让存量 FAQ 失效时发布回归不通过
  ---
  duration_ms: 10.387791
  type: 'test'
  ...
# Subtest: 三轮复审：补订单号的自然说法回填原查询事项
ok 93 - 三轮复审：补订单号的自然说法回填原查询事项
  ---
  duration_ms: 1.394417
  type: 'test'
  ...
# Subtest: 三轮复审：待补订单号的售后事项接收订单号，不另建事项
ok 94 - 三轮复审：待补订单号的售后事项接收订单号，不另建事项
  ---
  duration_ms: 1.388541
  type: 'test'
  ...
# Subtest: 三轮复审：质问或反问要人工仍然转人工，只有明确拒绝才不转
ok 95 - 三轮复审：质问或反问要人工仍然转人工，只有明确拒绝才不转
  ---
  duration_ms: 1.041833
  type: 'test'
  ...
# Subtest: 默认流程结构完整，默认行为通过原有服务回归
ok 96 - 默认流程结构完整，默认行为通过原有服务回归
  ---
  duration_ms: 105.439375
  type: 'test'
  ...
# Subtest: 条件与连线决定实际路径，同类问题得到不同结果
ok 97 - 条件与连线决定实际路径，同类问题得到不同结果
  ---
  duration_ms: 2.121875
  type: 'test'
  ...
# Subtest: 重接同一端口替换旧连线，立即改变运行结果
ok 98 - 重接同一端口替换旧连线，立即改变运行结果
  ---
  duration_ms: 3.849583
  type: 'test'
  ...
# Subtest: 同类型节点的参数独立，超时节点不会改动正常节点
ok 99 - 同类型节点的参数独立，超时节点不会改动正常节点
  ---
  duration_ms: 3.268
  type: 'test'
  ...
# Subtest: 自定义回复按实际路径输出，不伪造订单或解决证据
ok 100 - 自定义回复按实际路径输出，不伪造订单或解决证据
  ---
  duration_ms: 0.928583
  type: 'test'
  ...
# Subtest: 即使完成了查询，绕过结果回复也不会生成可确认的证据
ok 101 - 即使完成了查询，绕过结果回复也不会生成可确认的证据
  ---
  duration_ms: 0.757959
  type: 'test'
  ...
# Subtest: 上游结果可以作为条件输入，不存在的结果按空值判断
ok 102 - 上游结果可以作为条件输入，不存在的结果按空值判断
  ---
  duration_ms: 0.714084
  type: 'test'
  ...
# Subtest: 缺少任一输出连接时禁止运行，真实服务状态保持原样
ok 103 - 缺少任一输出连接时禁止运行，真实服务状态保持原样
  ---
  duration_ms: 3.927792
  type: 'test'
  ...
# Subtest: 自连、回连、连接开始节点均被拦截，旧连线不丢失
ok 104 - 自连、回连、连接开始节点均被拦截，旧连线不丢失
  ---
  duration_ms: 0.721541
  type: 'test'
  ...
# Subtest: 导入形状中的环路、重复端口与悬空连线不能绕过运行校验
ok 105 - 导入形状中的环路、重复端口与悬空连线不能绕过运行校验
  ---
  duration_ms: 3.525708
  type: 'test'
  ...
# Subtest: 删除节点同步移除相关线，并暴露新断点
ok 106 - 删除节点同步移除相关线，并暴露新断点
  ---
  duration_ms: 0.582791
  type: 'test'
  ...
# Subtest: 孤立节点、缺少开始、多个开始和缺少结束都有可定位错误
ok 107 - 孤立节点、缺少开始、多个开始和缺少结束都有可定位错误
  ---
  duration_ms: 0.477792
  type: 'test'
  ...
# Subtest: 条件空值、节点空名称及无效配置在运行前报错
ok 108 - 条件空值、节点空名称及无效配置在运行前报错
  ---
  duration_ms: 0.887166
  type: 'test'
  ...
# Subtest: 移动节点不使回归失效，修改连线和参数都会失效
ok 109 - 移动节点不使回归失效，修改连线和参数都会失效
  ---
  duration_ms: 11.09175
  type: 'test'
  ...
# Subtest: 只修改布局保存为草稿，不制造业务版本变化
ok 110 - 只修改布局保存为草稿，不制造业务版本变化
  ---
  duration_ms: 0.793
  type: 'test'
  ...
# Subtest: 新会话执行发布的图，旧会话继续执行自己的图快照
ok 111 - 新会话执行发布的图，旧会话继续执行自己的图快照
  ---
  duration_ms: 6.575542
  type: 'test'
  ...
# Subtest: 图可完整 JSON 保存恢复，恢复历史版本生成新快照
ok 112 - 图可完整 JSON 保存恢复，恢复历史版本生成新快照
  ---
  duration_ms: 26.712791
  type: 'test'
  ...
# Subtest: 旧 V3.1 数据只补流程图，既有会话、知识和工单保持原样
ok 113 - 旧 V3.1 数据只补流程图，既有会话、知识和工单保持原样
  ---
  duration_ms: 6.209375
  type: 'test'
  ...
# Subtest: 旧发布记录没有图时，回滚仍能得到可编辑的图
ok 114 - 旧发布记录没有图时，回滚仍能得到可编辑的图
  ---
  duration_ms: 6.477
  type: 'test'
  ...
# Subtest: 节点关闭售后或绕过受理输出，客户不能绕开节点直接建单
ok 115 - 节点关闭售后或绕过受理输出，客户不能绕开节点直接建单
  ---
  duration_ms: 7.869417
  type: 'test'
  ...
# Subtest: 每一步记录真实节点与边，未经过的节点不会出现在轨迹里
ok 116 - 每一步记录真实节点与边，未经过的节点不会出现在轨迹里
  ---
  duration_ms: 0.456125
  type: 'test'
  ...
# Subtest: 自助表单更换订单不能绕过该订单的画布分支，拒绝时无副作用
ok 117 - 自助表单更换订单不能绕过该订单的画布分支，拒绝时无副作用
  ---
  duration_ms: 6.057875
  type: 'test'
  ...
# Subtest: 同事项最新一轮转人工后，历史售后预览不能继续授权自助提交
ok 118 - 同事项最新一轮转人工后，历史售后预览不能继续授权自助提交
  ---
  duration_ms: 10.362709
  type: 'test'
  ...
# Subtest: 其他事项的后续问答不撤销原事项仍有效的售后预览
ok 119 - 其他事项的后续问答不撤销原事项仍有效的售后预览
  ---
  duration_ms: 5.140208
  type: 'test'
  ...
# Subtest: 新增查询节点的超时进入坐席摘要，旧节点轨迹仍可读取
ok 120 - 新增查询节点的超时进入坐席摘要，旧节点轨迹仍可读取
  ---
  duration_ms: 17.495
  type: 'test'
  ...
# Subtest: 默认客户问答、订单与来源不带展示环境文案
ok 121 - 默认客户问答、订单与来源不带展示环境文案
  ---
  duration_ms: 15.6605
  type: 'test'
  ...
# Subtest: 客户查询与售后仍是两个事项，登记工单不等于完成售后
ok 122 - 客户查询与售后仍是两个事项，登记工单不等于完成售后
  ---
  duration_ms: 2.285166
  type: 'test'
  ...
# Subtest: 数据兼容不改写人工消息或自定义知识
ok 123 - 数据兼容不改写人工消息或自定义知识
  ---
  duration_ms: 16.379708
  type: 'test'
  ...
# Subtest: 产品页面移除演讲入口，售后表单使用已定义的访客变量
ok 124 - 产品页面移除演讲入口，售后表单使用已定义的访客变量
  ---
  duration_ms: 4.878791
  type: 'test'
  ...
# Subtest: 恢复初始配置不会重新填充历史业务记录
ok 125 - 恢复初始配置不会重新填充历史业务记录
  ---
  duration_ms: 0.978708
  type: 'test'
  ...
# Subtest: 内置旧引用升级，自定义 FAQ 的历史回复和证据逐字保留
ok 126 - 内置旧引用升级，自定义 FAQ 的历史回复和证据逐字保留
  ---
  duration_ms: 3.201958
  type: 'test'
  ...
# Subtest: 关闭自助售后后客户事项无申请入口，坐席仍可受理
ok 127 - 关闭自助售后后客户事项无申请入口，坐席仍可受理
  ---
  duration_ms: 153.679292
  type: 'test'
  ...
# Subtest: 客户新开咨询后仍可找回旧工单，历史列表不混入其他客户
ok 128 - 客户新开咨询后仍可找回旧工单，历史列表不混入其他客户
  ---
  duration_ms: 20.106125
  type: 'test'
  ...
# Subtest: 异常保存值不被覆盖，恢复导出逐字保留原始记录
ok 129 - 异常保存值不被覆盖，恢复导出逐字保留原始记录
  ---
  duration_ms: 14.757625
  type: 'test'
  ...
# Subtest: 真实旧状态升级先完整备份，备份失败则阻止持久化覆盖
ok 130 - 真实旧状态升级先完整备份，备份失败则阻止持久化覆盖
  ---
  duration_ms: 16.97975
  type: 'test'
  ...
# Subtest: 清空保存失败保留当前内存和原始存储
ok 131 - 清空保存失败保留当前内存和原始存储
  ---
  duration_ms: 21.714375
  type: 'test'
  ...
# Subtest: 草稿超时测试使用完整引擎且不改发布或草稿状态
ok 132 - 草稿超时测试使用完整引擎且不改发布或草稿状态
  ---
  duration_ms: 14.837584
  type: 'test'
  ...
# Subtest: 实时工具停用后旧草稿试问失效，重新试问使用当前状态
ok 133 - 实时工具停用后旧草稿试问失效，重新试问使用当前状态
  ---
  duration_ms: 49.170666
  type: 'test'
  ...
# Subtest: 接管占用改变后草稿试问不能保留旧容量结论
ok 134 - 接管占用改变后草稿试问不能保留旧容量结论
  ---
  duration_ms: 16.728542
  type: 'test'
  ...
# Subtest: 作答门槛在检索试验、FAQ 表单和流程节点中可见
ok 135 - 作答门槛在检索试验、FAQ 表单和流程节点中可见
  ---
  duration_ms: 6.598083
  type: 'test'
  ...
# Subtest: 旧 V3 本地数据不被沿用，也不被覆盖
ok 136 - 旧 V3 本地数据不被沿用，也不被覆盖
  ---
  duration_ms: 11.660958
  type: 'test'
  ...
# Subtest: 已选知识停用后仍显示原范围，仅修改名称不会扩大检索范围
ok 137 - 已选知识停用后仍显示原范围，仅修改名称不会扩大检索范围
  ---
  duration_ms: 6.651333
  type: 'test'
  ...
# Subtest: 正常空间导出完整当前 JSON，并释放下载 URL
ok 138 - 正常空间导出完整当前 JSON，并释放下载 URL
  ---
  duration_ms: 11.530208
  type: 'test'
  ...
1..138
# tests 138
# suites 0
# pass 138
# fail 0
# cancelled 0
# skipped 0
# todo 0
# duration_ms 558.303625
