✔ new request after an agent result remains actionable (closed=false) (9.901792ms)
✔ new request after an agent result remains actionable (closed=true) (0.4635ms)
✔ collected order reuses original aftersales issue and ticket: SO20260926001 (0.902375ms)
✔ collected order reuses original aftersales issue and ticket: 申请退货 SO20260926001 (0.36725ms)
✔ seed and empty workspaces are valid (0.797833ms)
✔ broken or foreign pending case references block loading without replacing saved data (0.363125ms)
✔ ticket command rejects a second active aftersales case for the same customer order (0.264875ms)
✔ order collection stops after agent completeCase (0.526542ms)
✔ order collection stops after agent createTicket (0.272209ms)
✔ deterministic regression reports 12 real checks passing (0.690958ms)
✔ FAQ completes a case without making a ticket or fabricating customer confirmation (0.153083ms)
✔ customer explicitly confirms FAQ separately (0.128ms)
✔ declining human handoff is not routed to a human (0.086042ms)
✔ explicit handoff has precedence over order lookup (0.083417ms)
✔ keyword compounds are not mistaken for handoff intent (0.045459ms)
✔ multiple requests create separate issues but no unconfirmed ticket (0.087875ms)
✔ requests for different orders require manual matching instead of binding both to the first (0.119084ms)
✔ order lookup can continue after a knowledge interruption (0.138958ms)
✔ aftersales order collection continues after knowledge interruption (0.141ms)
✔ other customer orders are denied, not exposed (0.1555ms)
✔ read-only test faults return orderFailure without business mutation (0.047792ms)
✔ ambiguous competing knowledge escalates, not random selection (0.062583ms)
✔ expired knowledge cannot answer (0.040667ms)
✔ unpublished knowledge cannot answer (0.148084ms)
✔ no robot replies once human owns the conversation (0.165625ms)
✔ queued messages remain available without robot interference (0.090083ms)
✔ another agent cannot reply to an owned conversation (0.3145ms)
✔ duplicate conversation claim is denied (0.121541ms)
✔ internal note does not count as first human response (0.131917ms)
✔ public reply alone cannot complete a case (0.151708ms)
✔ recorded human outcome requires both conclusion and private evidence (0.167042ms)
✔ closing keeps historic ownership instead of losing My History (0.221375ms)
✔ new handoff cycle resets SLA first response and retains historic case (0.155583ms)
✔ role command boundaries: agents cannot publish and operators cannot reply (0.138ms)
✔ role impersonation mismatching staff record is denied (0.46725ms)
✔ all customer write commands reject foreign records (0.290291ms)
✔ ticket creation requires explicit final confirmation (0.113833ms)
✔ customer cannot submit an unverified order (0.110833ms)
✔ ticket same request key is idempotent (0.113667ms)
✔ same request key cannot be reused for different content (0.133ms)
✔ same issue keeps its active ticket even with a different request key (0.412291ms)
✔ repeat aftersales request in a new conversation reuses the original issue (0.199041ms)
✔ ticket claimant owns modifications; another agent is denied (0.203542ms)
✔ manager reassignment changes rights, not original receipt time (0.247125ms)
✔ conversation reassignment prevents former owner from replying (0.19375ms)
✔ customer supplements a waiting ticket without creating a new one (0.180209ms)
✔ ticket completion requires evidence and is not automatic customer confirmation (0.193834ms)
✔ customer dispute reopens same ticket and preserves receipt time and outcome (0.205083ms)
✔ customer projection strips private notes, result evidence and unrelated data (0.150166ms)
✔ ticket history public projection strips internal fields (0.176042ms)
✔ no bypassing an existing ticket via conversation completion (0.1835ms)
✔ independent staff ticket does not fabricate a conversation (0.049084ms)
✔ capacity and offline availability prevent claims (0.245125ms)
✔ team data scope is enforced for commands and projections (0.16425ms)
✔ related tickets owned by a colleague are visible only as linked context (0.445708ms)
✔ knowledge publication requires testing and preserves previous answer snapshot (0.626625ms)
✔ changing dependency invalidates an earlier publication test (0.547833ms)
✔ failed negative test blocks knowledge publication (0.259333ms)
✔ flow publication affects new conversations, not existing snapshots (0.247834ms)
✔ required explicit-human boundary cannot be disabled (0.076792ms)
✔ quality closure needs original query replay and published revised knowledge (1.072417ms)
✔ quality cannot link unreviewed gap or accept unrelated knowledge (0.257708ms)
✔ read-only export does not mutate audit or revision (0.111541ms)
✔ saved workspace roundtrip preserves business identities (0.11925ms)
✔ storage failure leaves memory and saved data unchanged (0.089833ms)
✔ stale-tab writes fail instead of replacing another tab change (0.105875ms)
✔ invalid JSON is preserved and no new seed overwrites it (0.184292ms)
✔ invalid relationships are rejected, not rendered with invented missing data (0.471125ms)
✔ old version storage is never overwritten or silently migrated (0.062958ms)
✔ storage permission failures become a blocked workspace (0.043334ms)
✔ default entry loads its actual assets and standalone customer routing hides internal navigation (54.10925ms)
✔ confirmed answers and tickets retain a working dispute entry (9.417125ms)
✔ unsubmitted reply and note drafts stay with their author across reassignment and reload (10.691166ms)
✔ customer and staff service-application drafts do not share a case key (5.515958ms)
✔ service settings restore after page changes and refresh without writing business configuration (3.74575ms)
✔ cancelled disable, assignment, remediation link and acceptance forms restore their fields (7.64575ms)
✔ unsaved flow blocks single tests at the button and submit handler; edits remove old results (6.38125ms)
ℹ tests 77
ℹ suites 0
ℹ pass 77
ℹ fail 0
ℹ cancelled 0
ℹ skipped 0
ℹ todo 0
ℹ duration_ms 156.458416
